[0/1] Re-running CMake...
-- Configuring done (0.6s)
-- Generating done (0.1s)
-- Build files have been written to: /tmp/ninlil-oss-final/clang
[1/45] Building C object CMakeFiles/test_bulk_application_flash_runtime.dir/embedded/esp32s3/main/node_bulk.c.o
[2/45] Building C object CMakeFiles/test_bulk_application_posix.dir/embedded/esp32s3/main/node_bulk.c.o
[3/45] Building C object CMakeFiles/test_bulk_application_flash_runtime.dir/tests/test_bulk_application.c.o
[4/45] Building C object CMakeFiles/test_bulk_application_posix.dir/tests/test_bulk_application.c.o
[5/45] Building C object CMakeFiles/ninlil_node.dir/src/ninlil_admission.c.o
[6/45] Building C object CMakeFiles/ninlil_node.dir/src/ninlil_node_membership.c.o
[7/45] Building C object CMakeFiles/ninlil_node.dir/src/ninlil_node_discovery.c.o
[8/45] Building C object CMakeFiles/ninlil_node.dir/src/ninlil_node_enrollment.c.o
[9/45] Building C object CMakeFiles/ninlil_node.dir/src/ninlil_node_auth.c.o
[10/45] Building C object CMakeFiles/ninlil_node.dir/src/ninlil_node_plans.c.o
[11/45] Building C object CMakeFiles/ninlil_node.dir/src/ninlil_node.c.o
[12/45] Building C object CMakeFiles/ninlil_node.dir/src/ninlil_node_control.c.o
[13/45] Building C object CMakeFiles/ninlil_node.dir/src/ninlil_node_recovery.c.o
[14/45] Building C object CMakeFiles/ninlil_node.dir/src/ninlil_node_io.c.o
[15/45] Building C object CMakeFiles/ninlil_node.dir/src/ninlil_node_links.c.o
[16/45] Building C object CMakeFiles/ninlil_node.dir/src/ninlil_node_routes.c.o
[17/45] Building C object CMakeFiles/ninlil_node.dir/src/ninlil_node_radio.c.o
[18/45] Building C object CMakeFiles/ninlil_node.dir/src/ninlil_node_collection.c.o
[19/45] Building C object CMakeFiles/ninlil_node.dir/src/ninlil_node_lifecycle.c.o
[20/45] Linking C static library libninlil_node.a
[21/45] Linking C executable test_bulk_application_posix
[22/45] Linking C executable test_bulk_application_flash_runtime
[23/45] Building C object CMakeFiles/test_node_posix.dir/tests/test_node.c.o
[24/45] Linking C executable test_network_pump
[25/45] Building C object CMakeFiles/test_node_posix.dir/tests/test_node_bulk.c.o
[26/45] Building C object CMakeFiles/test_field_posix.dir/tests/test_support.c.o
[27/45] Linking C executable test_node_posix
[28/45] Building C object CMakeFiles/test_field_posix.dir/tests/test_field_network.c.o
[29/45] Building C object CMakeFiles/test_field_posix.dir/tests/test_node_bulk.c.o
[30/45] Linking C executable test_field_posix
[31/45] Building C object CMakeFiles/test_node_application_posix.dir/embedded/esp32s3/main/node_application.c.o
[32/45] Building C object CMakeFiles/test_node_application_posix.dir/tests/test_node_application.c.o
[33/45] Linking C executable test_node_application_posix
[34/45] Building C object CMakeFiles/test_node_flash_runtime.dir/tests/test_node_bulk.c.o
[35/45] Building C object CMakeFiles/test_node_flash_runtime.dir/tests/test_node.c.o
[36/45] Linking C executable test_node_flash_runtime
[37/45] Building C object CMakeFiles/test_field_flash_runtime.dir/tests/test_support.c.o
[38/45] Building C object CMakeFiles/test_field_flash_runtime.dir/tests/test_field_network.c.o
[39/45] Building C object CMakeFiles/test_field_flash_runtime.dir/tests/test_node_bulk.c.o
[40/45] Linking C executable test_field_flash_runtime
[41/45] Building C object CMakeFiles/test_node_application_flash_runtime.dir/embedded/esp32s3/main/node_application.c.o
[42/45] Building C object CMakeFiles/test_node_application_flash_runtime.dir/tests/test_node_application.c.o
[43/45] Linking C executable test_node_application_flash_runtime
[44/45] Building C object CMakeFiles/test_node_storage.dir/tests/test_node_storage.c.o
[45/45] Linking C executable test_node_storage
Internal ctest changing into directory: /tmp/ninlil-oss-final/clang
Test project /tmp/ninlil-oss-final/clang
      Start  1: m1_hil_delivery
 1/60 Test  #1: m1_hil_delivery ............................   Passed    2.43 sec
      Start  2: m1_core
 2/60 Test  #2: m1_core ....................................   Passed    0.28 sec
      Start  3: core_quota_retry
 3/60 Test  #3: core_quota_retry ...........................   Passed    0.07 sec
      Start  4: collection_posix
 4/60 Test  #4: collection_posix ...........................   Passed   11.56 sec
      Start  5: collection_flash_runtime
 5/60 Test  #5: collection_flash_runtime ...................   Passed   20.39 sec
      Start  6: p0_delivery_state
 6/60 Test  #6: p0_delivery_state ..........................   Passed   23.19 sec
      Start  7: posix_collection_publication
 7/60 Test  #7: posix_collection_publication ...............   Passed    0.08 sec
      Start  8: p0_operations
 8/60 Test  #8: p0_operations ..............................   Passed    0.00 sec
      Start  9: m1_diag_radio
 9/60 Test  #9: m1_diag_radio ..............................   Passed    0.00 sec
      Start 10: m1_flash
10/60 Test #10: m1_flash ...................................   Passed    0.00 sec
      Start 11: flash_collection_cuts
11/60 Test #11: flash_collection_cuts ......................   Passed    0.00 sec
      Start 12: m1_radio_delivery
12/60 Test #12: m1_radio_delivery ..........................   Passed    5.53 sec
      Start 13: m3_security_state
13/60 Test #13: m3_security_state ..........................   Passed    0.01 sec
      Start 14: m3_security_partitions
14/60 Test #14: m3_security_partitions .....................   Passed    0.00 sec
      Start 15: m1_sx1262_hal
15/60 Test #15: m1_sx1262_hal ..............................   Passed    0.00 sec
      Start 16: m1_sx1262_physical
16/60 Test #16: m1_sx1262_physical .........................   Passed    0.00 sec
      Start 17: w02_sim_model
17/60 Test #17: w02_sim_model ..............................   Passed    0.00 sec
      Start 18: w02_sim_scenarios
18/60 Test #18: w02_sim_scenarios ..........................   Passed   23.74 sec
      Start 19: w02_direct
19/60 Test #19: w02_direct .................................   Passed    0.26 sec
      Start 20: w02_star
20/60 Test #20: w02_star ...................................   Passed    1.58 sec
      Start 21: w02_recovery
21/60 Test #21: w02_recovery ...............................   Passed    2.05 sec
      Start 22: bulk_resume_posix
22/60 Test #22: bulk_resume_posix ..........................   Passed   88.66 sec
      Start 23: bulk_cold_session_posix
23/60 Test #23: bulk_cold_session_posix ....................   Passed    0.05 sec
      Start 24: bulk_resume_flash_runtime
24/60 Test #24: bulk_resume_flash_runtime ..................   Passed  231.35 sec
      Start 25: bulk_cold_session_flash_runtime
25/60 Test #25: bulk_cold_session_flash_runtime ............   Passed    0.08 sec
      Start 26: m2_secure_envelope
26/60 Test #26: m2_secure_envelope .........................   Passed    0.00 sec
      Start 27: m2_edhoc_handshake
27/60 Test #27: m2_edhoc_handshake .........................   Passed    0.84 sec
      Start 28: persistent_identity
28/60 Test #28: persistent_identity ........................   Passed    0.54 sec
      Start 29: m3_join_lifecycle
29/60 Test #29: m3_join_lifecycle ..........................   Passed    0.00 sec
      Start 30: m4_m5_network_control
30/60 Test #30: m4_m5_network_control ......................   Passed    0.00 sec
      Start 31: network_restart_fences
31/60 Test #31: network_restart_fences .....................   Passed    0.00 sec
      Start 32: lease_clock_restart
32/60 Test #32: lease_clock_restart ........................   Passed    0.00 sec
      Start 33: store_binding_posix
33/60 Test #33: store_binding_posix ........................   Passed    0.05 sec
      Start 34: control_log_posix
34/60 Test #34: control_log_posix ..........................   Passed    0.01 sec
      Start 35: store_binding_flash_runtime
35/60 Test #35: store_binding_flash_runtime ................   Passed    0.06 sec
      Start 36: control_log_flash_runtime
36/60 Test #36: control_log_flash_runtime ..................   Passed    0.02 sec
      Start 37: m5_airtime_scheduler
37/60 Test #37: m5_airtime_scheduler .......................   Passed    0.00 sec
      Start 38: radio_power_adaptation
38/60 Test #38: radio_power_adaptation .....................   Passed    0.00 sec
      Start 39: esp_network_pump_model
39/60 Test #39: esp_network_pump_model .....................   Passed    0.09 sec
      Start 40: field_replacement_posix
40/60 Test #40: field_replacement_posix ....................   Passed    4.38 sec
      Start 41: autonomous_node_posix
41/60 Test #41: autonomous_node_posix ......................   Passed   13.82 sec
      Start 42: enrollment_posix
42/60 Test #42: enrollment_posix ...........................   Passed    5.17 sec
      Start 43: discovery_posix
43/60 Test #43: discovery_posix ............................   Passed    5.41 sec
      Start 44: autonomous_overheard_posix
44/60 Test #44: autonomous_overheard_posix .................   Passed    5.22 sec
      Start 45: autonomous_root_relay_posix
45/60 Test #45: autonomous_root_relay_posix ................   Passed    5.08 sec
      Start 46: autonomous_join_ack_loss_posix
46/60 Test #46: autonomous_join_ack_loss_posix .............   Passed    5.24 sec
      Start 47: autonomous_bounded_radio_posix
47/60 Test #47: autonomous_bounded_radio_posix .............   Passed    5.65 sec
      Start 48: autonomous_sustained_radio_posix
48/60 Test #48: autonomous_sustained_radio_posix ...........   Passed    5.24 sec
      Start 49: application_ledger_restart_posix
49/60 Test #49: application_ledger_restart_posix ...........   Passed    0.07 sec
      Start 50: field_replacement_flash_runtime
50/60 Test #50: field_replacement_flash_runtime ............   Passed    4.07 sec
      Start 51: autonomous_node_flash_runtime
51/60 Test #51: autonomous_node_flash_runtime ..............   Passed   10.91 sec
      Start 52: enrollment_flash_runtime
52/60 Test #52: enrollment_flash_runtime ...................   Passed    6.21 sec
      Start 53: discovery_flash_runtime
53/60 Test #53: discovery_flash_runtime ....................   Passed    5.63 sec
      Start 54: autonomous_overheard_flash_runtime
54/60 Test #54: autonomous_overheard_flash_runtime .........   Passed    5.34 sec
      Start 55: autonomous_root_relay_flash_runtime
55/60 Test #55: autonomous_root_relay_flash_runtime ........   Passed    5.81 sec
      Start 56: autonomous_join_ack_loss_flash_runtime
56/60 Test #56: autonomous_join_ack_loss_flash_runtime .....   Passed    5.38 sec
      Start 57: autonomous_bounded_radio_flash_runtime
57/60 Test #57: autonomous_bounded_radio_flash_runtime .....   Passed    6.60 sec
      Start 58: autonomous_sustained_radio_flash_runtime
58/60 Test #58: autonomous_sustained_radio_flash_runtime ...   Passed    5.49 sec
      Start 59: application_ledger_restart_flash_runtime
59/60 Test #59: application_ledger_restart_flash_runtime ...   Passed    0.10 sec
      Start 60: node_provisioning_history
60/60 Test #60: node_provisioning_history ..................   Passed    0.00 sec

100% tests passed, 0 tests failed out of 60

Total Test time (real) = 523.86 sec
