node=1 time=250000 joined=1 peers=3 fault=0 handshake=0/0
clock=1 pending=0/0 prepare=0 apply=0 proof=0 wants=0 ready=0 authority=0 local=0
 contexts 1->2: 3cff39dbddda3cfeb4fcb45d7d02b091 f6553826a420aa0c96e82470b7661d6c
 contexts 1->3: 0d4aa8ac131cec835d0a65a8182fda25 0042f7ea70a0f6c7c76f7bac4426a92f
 proof 0:000000000000000000000000000000000000000000000000000000000000000000000000000000000000000000000000
 proof 1:000000000000000000000000000000000000000000000000000000000000000000000000000000000000000000000000
 proof 2:000000000000000000000000000000000000000000000000000000000000000000000000000000000000000000000000
 proof 3:000000000000000000000000000000000000000000000000000000000000000000000000000000000000000000000000
 proof 4:000000000000000000000000000000000000000000000000000000000000000000000000000000000000000000000000
 peer=2 attempts=8 delivered=8 bits=255 age=6220 active=1 secure=1 drain=0
 peer=3 attempts=8 delivered=0 bits=0 age=5540 active=1 secure=1 drain=0
 edge=3-2 delivery=8 epoch=1 age=14962
 edge=2-3 delivery=8 epoch=1 age=11737
 edge=3-1 delivery=0 epoch=1 age=21473
 edge=2-1 delivery=8 epoch=1 age=18637
 edge=1-3 delivery=0 epoch=1 age=15662
 edge=1-2 delivery=8 epoch=1 age=16342
node=2 time=250000 joined=1 peers=3 fault=0 handshake=0/0
clock=1 pending=0/0 prepare=0 apply=0 proof=0 wants=0 ready=0 authority=0 local=0
 contexts 2->1: 3cff39dbddda3cfeb4fcb45d7d02b091 f6553826a420aa0c96e82470b7661d6c
 contexts 2->3: 16f3398c2d00114954c19f639dcd8e28 cd4981fd6d4388120865e955a27586bc
 peer=1 attempts=8 delivered=8 bits=255 age=8880 active=1 secure=1 drain=0
 peer=3 attempts=8 delivered=8 bits=255 age=2000 active=1 secure=1 drain=0
node=3 time=250000 joined=1 peers=3 fault=0 handshake=0/0
clock=1 pending=0/0 prepare=0 apply=0 proof=0 wants=0 ready=0 authority=0 local=0
 contexts 3->1: 0d4aa8ac131cec835d0a65a8182fda25 0042f7ea70a0f6c7c76f7bac4426a92f
 contexts 3->2: 16f3398c2d00114954c19f639dcd8e28 cd4981fd6d4388120865e955a27586bc
 peer=1 attempts=8 delivered=0 bits=0 age=960 active=1 secure=1 drain=0
 peer=2 attempts=8 delivered=8 bits=255 age=5360 active=1 secure=1 drain=0
Node scheduling seed: 1
Autonomous sequence 1 restart mode 0 PASS
Autonomous sequence 2 restart mode 4 PASS
Root alone, durable live enrollment, encrypted Relay delivery, epoch fence PASS
node=1 time=250000 joined=1 peers=3 fault=0 handshake=0/0
clock=1 pending=0/0 prepare=0 apply=0 proof=0 wants=0 ready=0 authority=0 local=0
 contexts 1->2: 4246a53008b80dd50ceef81fe179c8b3 1feae3baa635b7f74b1b49f6c9808023
 contexts 1->3: 3be307b6233092290501b45fcbc2a14a f37ebc19d1b2084637297eecdc96d43f
 proof 0:000000000000000000000000000000000000000000000000000000000000000000000000000000000000000000000000
 proof 1:000000000000000000000000000000000000000000000000000000000000000000000000000000000000000000000000
 proof 2:000000000000000000000000000000000000000000000000000000000000000000000000000000000000000000000000
 proof 3:000000000000000000000000000000000000000000000000000000000000000000000000000000000000000000000000
 proof 4:000000000000000000000000000000000000000000000000000000000000000000000000000000000000000000000000
 peer=2 attempts=8 delivered=8 bits=255 age=7560 active=1 secure=1 drain=0
 peer=3 attempts=8 delivered=0 bits=0 age=3820 active=1 secure=1 drain=0
 edge=2-3 delivery=8 epoch=1 age=12972
 edge=3-2 delivery=8 epoch=1 age=19173
 edge=3-1 delivery=0 epoch=1 age=10768
 edge=1-3 delivery=0 epoch=1 age=13942
 edge=2-1 delivery=8 epoch=1 age=11969
 edge=1-2 delivery=8 epoch=1 age=17682
node=2 time=250000 joined=1 peers=3 fault=0 handshake=0/0
clock=1 pending=0/0 prepare=0 apply=0 proof=0 wants=0 ready=0 authority=0 local=0
 contexts 2->1: 4246a53008b80dd50ceef81fe179c8b3 1feae3baa635b7f74b1b49f6c9808023
 contexts 2->3: 2968157a7660d5d643cfe6393e078e22 bc79da59e692f5fbc34276063314b215
 peer=1 attempts=8 delivered=8 bits=255 age=2320 active=1 secure=1 drain=0
 peer=3 attempts=8 delivered=8 bits=255 age=3320 active=1 secure=1 drain=0
node=3 time=250000 joined=1 peers=3 fault=0 handshake=0/0
clock=1 pending=0/0 prepare=0 apply=0 proof=0 wants=0 ready=0 authority=0 local=0
 contexts 3->1: 3be307b6233092290501b45fcbc2a14a f37ebc19d1b2084637297eecdc96d43f
 contexts 3->2: 2968157a7660d5d643cfe6393e078e22 bc79da59e692f5fbc34276063314b215
 peer=1 attempts=8 delivered=0 bits=0 age=1120 active=1 secure=1 drain=0
 peer=2 attempts=8 delivered=8 bits=255 age=9500 active=1 secure=1 drain=0
Node scheduling seed: 2
Autonomous sequence 1 restart mode 0 PASS
Autonomous sequence 2 restart mode 4 PASS
Root alone, durable live enrollment, encrypted Relay delivery, epoch fence PASS
node=1 time=250000 joined=1 peers=3 fault=0 handshake=0/0
clock=1 pending=0/0 prepare=0 apply=0 proof=0 wants=0 ready=0 authority=0 local=0
 contexts 1->2: ad3d047fa680921e7fe9c442a4b7b1d9 34fa453f25f3ea0a5b3ee1cf38c704cc
 contexts 1->3: d8a07e070d0a36a3e2ae0e3ba5cf4bef 9d3b587f65105044f5d36d9e7f926ca4
 proof 0:000000000000000000000000000000000000000000000000000000000000000000000000000000000000000000000000
 proof 1:000000000000000000000000000000000000000000000000000000000000000000000000000000000000000000000000
 proof 2:000000000000000000000000000000000000000000000000000000000000000000000000000000000000000000000000
 proof 3:000000000000000000000000000000000000000000000000000000000000000000000000000000000000000000000000
 proof 4:000000000000000000000000000000000000000000000000000000000000000000000000000000000000000000000000
 peer=2 attempts=8 delivered=8 bits=255 age=3500 active=1 secure=1 drain=0
 peer=3 attempts=8 delivered=0 bits=0 age=3000 active=1 secure=1 drain=0
 edge=3-2 delivery=8 epoch=1 age=18328
 edge=2-3 delivery=8 epoch=1 age=12295
 edge=3-1 delivery=0 epoch=1 age=11307
 edge=1-3 delivery=0 epoch=1 age=13122
 edge=2-1 delivery=8 epoch=1 age=15096
 edge=1-2 delivery=8 epoch=1 age=13622
node=2 time=250000 joined=1 peers=3 fault=0 handshake=0/0
clock=1 pending=0/0 prepare=0 apply=0 proof=0 wants=0 ready=0 authority=0 local=0
 contexts 2->1: ad3d047fa680921e7fe9c442a4b7b1d9 34fa453f25f3ea0a5b3ee1cf38c704cc
 contexts 2->3: 031f632c2ccbecda2be04619fd029a9e 29c0f1a82b31f532e7ae61344ec32c21
 peer=1 attempts=8 delivered=8 bits=255 age=5020 active=1 secure=1 drain=0
 peer=3 attempts=8 delivered=8 bits=255 age=2500 active=1 secure=1 drain=0
node=3 time=250000 joined=1 peers=3 fault=0 handshake=0/0
clock=1 pending=0/0 prepare=0 apply=0 proof=0 wants=0 ready=0 authority=0 local=0
 contexts 3->1: d8a07e070d0a36a3e2ae0e3ba5cf4bef 9d3b587f65105044f5d36d9e7f926ca4
 contexts 3->2: 031f632c2ccbecda2be04619fd029a9e 29c0f1a82b31f532e7ae61344ec32c21
 peer=1 attempts=8 delivered=0 bits=0 age=1280 active=1 secure=1 drain=0
 peer=2 attempts=8 delivered=8 bits=255 age=8280 active=1 secure=1 drain=0
Node scheduling seed: 3
Autonomous sequence 1 restart mode 0 PASS
Autonomous sequence 2 restart mode 4 PASS
Root alone, durable live enrollment, encrypted Relay delivery, epoch fence PASS
node=1 time=250000 joined=1 peers=3 fault=0 handshake=0/0
clock=1 pending=0/0 prepare=0 apply=0 proof=0 wants=0 ready=0 authority=0 local=0
 contexts 1->2: fc1fc2de579fe97d67af2dc2f11968a1 930af65d55eb8a3e472fbb5c1edc8a83
 contexts 1->3: c059462f28da753c69f104f1fd9c0a06 f70c62f3e33d766c9429c483600bbbf7
 proof 0:000000000000000000000000000000000000000000000000000000000000000000000000000000000000000000000000
 proof 1:000000000000000000000000000000000000000000000000000000000000000000000000000000000000000000000000
 proof 2:000000000000000000000000000000000000000000000000000000000000000000000000000000000000000000000000
 proof 3:000000000000000000000000000000000000000000000000000000000000000000000000000000000000000000000000
 proof 4:000000000000000000000000000000000000000000000000000000000000000000000000000000000000000000000000
 peer=2 attempts=8 delivered=8 bits=255 age=3220 active=1 secure=1 drain=0
 peer=3 attempts=8 delivered=0 bits=0 age=4360 active=1 secure=1 drain=0
 edge=3-2 delivery=8 epoch=1 age=17736
 edge=2-3 delivery=8 epoch=1 age=17809
 edge=3-1 delivery=0 epoch=1 age=12500
 edge=2-1 delivery=8 epoch=1 age=11936
 edge=1-3 delivery=0 epoch=1 age=14482
 edge=1-2 delivery=8 epoch=1 age=13342
node=2 time=250000 joined=1 peers=3 fault=0 handshake=0/0
clock=1 pending=0/0 prepare=0 apply=0 proof=0 wants=0 ready=0 authority=0 local=0
 contexts 2->1: fc1fc2de579fe97d67af2dc2f11968a1 930af65d55eb8a3e472fbb5c1edc8a83
 contexts 2->3: ab58667223d643d6483cf29e33c2bcb1 91b5823d8374826ccb4999048d44ea6e
 peer=1 attempts=8 delivered=8 bits=255 age=1820 active=1 secure=1 drain=0
 peer=3 attempts=8 delivered=8 bits=255 age=8160 active=1 secure=1 drain=0
node=3 time=250000 joined=1 peers=3 fault=0 handshake=0/0
clock=1 pending=0/0 prepare=0 apply=0 proof=0 wants=0 ready=0 authority=0 local=0
 contexts 3->1: c059462f28da753c69f104f1fd9c0a06 f70c62f3e33d766c9429c483600bbbf7
 contexts 3->2: ab58667223d643d6483cf29e33c2bcb1 91b5823d8374826ccb4999048d44ea6e
 peer=1 attempts=8 delivered=0 bits=0 age=2440 active=1 secure=1 drain=0
 peer=2 attempts=8 delivered=8 bits=255 age=7660 active=1 secure=1 drain=0
Node scheduling seed: 4
Autonomous sequence 1 restart mode 0 PASS
Autonomous sequence 2 restart mode 4 PASS
Root alone, durable live enrollment, encrypted Relay delivery, epoch fence PASS
node=1 time=250000 joined=1 peers=3 fault=0 handshake=0/0
clock=1 pending=0/0 prepare=0 apply=0 proof=0 wants=0 ready=0 authority=0 local=0
 contexts 1->2: 56ce95f9c7b7c064e3c3d87995ccb472 c4d1622bb19c96a4f2f2a6010e4b91af
 contexts 1->3: 4eb8ba0e761c00f9fb36682bc2bf4dd1 fd89c64ff2cc97507b977332ca6aa667
 proof 0:000000000000000000000000000000000000000000000000000000000000000000000000000000000000000000000000
 proof 1:000000000000000000000000000000000000000000000000000000000000000000000000000000000000000000000000
 proof 2:000000000000000000000000000000000000000000000000000000000000000000000000000000000000000000000000
 proof 3:000000000000000000000000000000000000000000000000000000000000000000000000000000000000000000000000
 proof 4:000000000000000000000000000000000000000000000000000000000000000000000000000000000000000000000000
 peer=2 attempts=8 delivered=8 bits=255 age=5620 active=1 secure=1 drain=0
 peer=3 attempts=8 delivered=0 bits=0 age=2840 active=1 secure=1 drain=0
 edge=2-3 delivery=8 epoch=1 age=15442
 edge=3-2 delivery=8 epoch=1 age=14953
 edge=3-1 delivery=0 epoch=1 age=19418
 edge=2-1 delivery=8 epoch=1 age=20738
 edge=1-3 delivery=0 epoch=1 age=12962
 edge=1-2 delivery=8 epoch=1 age=15742
node=2 time=250000 joined=1 peers=3 fault=0 handshake=0/0
clock=1 pending=0/0 prepare=0 apply=0 proof=0 wants=0 ready=0 authority=0 local=0
 contexts 2->1: 56ce95f9c7b7c064e3c3d87995ccb472 c4d1622bb19c96a4f2f2a6010e4b91af
 contexts 2->3: a282c699b326e30d553614d2b5954f90 31d89bd30c706adb2e979172e77e5fb4
 peer=1 attempts=8 delivered=8 bits=255 age=10640 active=1 secure=1 drain=0
 peer=3 attempts=8 delivered=8 bits=255 age=5360 active=1 secure=1 drain=0
node=3 time=250000 joined=1 peers=3 fault=0 handshake=0/0
clock=1 pending=0/0 prepare=0 apply=0 proof=0 wants=0 ready=0 authority=0 local=0
 contexts 3->1: 4eb8ba0e761c00f9fb36682bc2bf4dd1 fd89c64ff2cc97507b977332ca6aa667
 contexts 3->2: a282c699b326e30d553614d2b5954f90 31d89bd30c706adb2e979172e77e5fb4
 peer=1 attempts=8 delivered=0 bits=0 age=9360 active=1 secure=1 drain=0
 peer=2 attempts=8 delivered=8 bits=255 age=4860 active=1 secure=1 drain=0
Node scheduling seed: 5
Autonomous sequence 1 restart mode 0 PASS
Autonomous sequence 2 restart mode 4 PASS
Root alone, durable live enrollment, encrypted Relay delivery, epoch fence PASS
node=1 time=250000 joined=1 peers=3 fault=0 handshake=0/0
clock=1 pending=0/0 prepare=0 apply=0 proof=0 wants=0 ready=0 authority=0 local=0
 contexts 1->2: 0b1a01c6a39cbff530ef26ab2dba2149 377069ee07ede75bddd7518cadeed33a
 contexts 1->3: 72428f59ce310e830c1bd7b812212409 3ebddcaa129325d7eb34873f172667b5
 proof 0:000000000000000000000000000000000000000000000000000000000000000000000000000000000000000000000000
 proof 1:000000000000000000000000000000000000000000000000000000000000000000000000000000000000000000000000
 proof 2:000000000000000000000000000000000000000000000000000000000000000000000000000000000000000000000000
 proof 3:000000000000000000000000000000000000000000000000000000000000000000000000000000000000000000000000
 proof 4:000000000000000000000000000000000000000000000000000000000000000000000000000000000000000000000000
 peer=2 attempts=8 delivered=8 bits=255 age=7100 active=1 secure=1 drain=0
 peer=3 attempts=8 delivered=0 bits=0 age=10060 active=1 secure=1 drain=0
 edge=3-2 delivery=8 epoch=1 age=14056
 edge=2-3 delivery=8 epoch=1 age=16687
 edge=1-3 delivery=0 epoch=1 age=20182
 edge=3-1 delivery=0 epoch=1 age=11408
 edge=2-1 delivery=8 epoch=1 age=12595
 edge=1-2 delivery=8 epoch=1 age=17222
node=2 time=250000 joined=1 peers=3 fault=0 handshake=0/0
clock=1 pending=0/0 prepare=0 apply=0 proof=0 wants=0 ready=0 authority=0 local=0
 contexts 2->1: 0b1a01c6a39cbff530ef26ab2dba2149 377069ee07ede75bddd7518cadeed33a
 contexts 2->3: be255f0ecb03c91e915c9c9e13fb6c00 a1bf2f518a3aca483e178dafac1f488d
 peer=1 attempts=8 delivered=8 bits=255 age=2520 active=1 secure=1 drain=0
 peer=3 attempts=8 delivered=8 bits=255 age=6600 active=1 secure=1 drain=0
node=3 time=250000 joined=1 peers=3 fault=0 handshake=0/0
clock=1 pending=0/0 prepare=0 apply=0 proof=0 wants=0 ready=0 authority=0 local=0
 contexts 3->1: 72428f59ce310e830c1bd7b812212409 3ebddcaa129325d7eb34873f172667b5
 contexts 3->2: be255f0ecb03c91e915c9c9e13fb6c00 a1bf2f518a3aca483e178dafac1f488d
 peer=1 attempts=8 delivered=0 bits=0 age=2620 active=1 secure=1 drain=0
 peer=2 attempts=8 delivered=8 bits=255 age=5260 active=1 secure=1 drain=0
Node scheduling seed: 6
Autonomous sequence 1 restart mode 0 PASS
Autonomous sequence 2 restart mode 4 PASS
Root alone, durable live enrollment, encrypted Relay delivery, epoch fence PASS
node=1 time=250000 joined=1 peers=3 fault=0 handshake=0/0
clock=1 pending=0/0 prepare=0 apply=0 proof=0 wants=0 ready=0 authority=0 local=0
 contexts 1->2: 2920507991c3989f9b823f9575f308b6 a143faaa2826e1e89781d7c0aadde2cf
 contexts 1->3: 25a073fe20339cf34c63e00369da670d ce9ff24dae856bee128dac2ecae17cb7
 proof 0:000000000000000000000000000000000000000000000000000000000000000000000000000000000000000000000000
 proof 1:000000000000000000000000000000000000000000000000000000000000000000000000000000000000000000000000
 proof 2:000000000000000000000000000000000000000000000000000000000000000000000000000000000000000000000000
 proof 3:000000000000000000000000000000000000000000000000000000000000000000000000000000000000000000000000
 proof 4:000000000000000000000000000000000000000000000000000000000000000000000000000000000000000000000000
 peer=2 attempts=8 delivered=8 bits=255 age=6220 active=1 secure=1 drain=0
 peer=3 attempts=8 delivered=0 bits=0 age=5540 active=1 secure=1 drain=0
 edge=3-2 delivery=8 epoch=1 age=14962
 edge=2-3 delivery=8 epoch=1 age=11737
 edge=3-1 delivery=0 epoch=1 age=21473
 edge=2-1 delivery=8 epoch=1 age=18637
 edge=1-3 delivery=0 epoch=1 age=15662
 edge=1-2 delivery=8 epoch=1 age=16342
node=2 time=250000 joined=1 peers=3 fault=0 handshake=0/0
clock=1 pending=0/0 prepare=0 apply=0 proof=0 wants=0 ready=0 authority=0 local=0
 contexts 2->1: 2920507991c3989f9b823f9575f308b6 a143faaa2826e1e89781d7c0aadde2cf
 contexts 2->3: 50f8ab2d2e7654d9cfcb9cdf862a4e07 4381318ab22cb489bedc8e0d6f24424f
 peer=1 attempts=8 delivered=8 bits=255 age=8880 active=1 secure=1 drain=0
 peer=3 attempts=8 delivered=8 bits=255 age=2000 active=1 secure=1 drain=0
node=3 time=250000 joined=1 peers=3 fault=0 handshake=0/0
clock=1 pending=0/0 prepare=0 apply=0 proof=0 wants=0 ready=0 authority=0 local=0
 contexts 3->1: 25a073fe20339cf34c63e00369da670d ce9ff24dae856bee128dac2ecae17cb7
 contexts 3->2: 50f8ab2d2e7654d9cfcb9cdf862a4e07 4381318ab22cb489bedc8e0d6f24424f
 peer=1 attempts=8 delivered=0 bits=0 age=960 active=1 secure=1 drain=0
 peer=2 attempts=8 delivered=8 bits=255 age=5360 active=1 secure=1 drain=0
Node scheduling seed: 1
Autonomous sequence 1 restart mode 0 PASS
Autonomous sequence 2 restart mode 4 PASS
Root alone, durable live enrollment, encrypted Relay delivery, epoch fence PASS
node=1 time=250000 joined=1 peers=3 fault=0 handshake=0/0
clock=1 pending=0/0 prepare=0 apply=0 proof=0 wants=0 ready=0 authority=0 local=0
 contexts 1->2: 92133112849ccac997f7acda9acdb6f1 ae404b45446368bdfed16fa98b57e345
 contexts 1->3: 5c48763b0284ab4ce7f63a23b3abfcfc dba597df9fd6d41992075c87b12a6073
 proof 0:000000000000000000000000000000000000000000000000000000000000000000000000000000000000000000000000
 proof 1:000000000000000000000000000000000000000000000000000000000000000000000000000000000000000000000000
 proof 2:000000000000000000000000000000000000000000000000000000000000000000000000000000000000000000000000
 proof 3:000000000000000000000000000000000000000000000000000000000000000000000000000000000000000000000000
 proof 4:000000000000000000000000000000000000000000000000000000000000000000000000000000000000000000000000
 peer=2 attempts=8 delivered=8 bits=255 age=7560 active=1 secure=1 drain=0
 peer=3 attempts=8 delivered=0 bits=0 age=3820 active=1 secure=1 drain=0
 edge=2-3 delivery=8 epoch=1 age=12972
 edge=3-2 delivery=8 epoch=1 age=19173
 edge=3-1 delivery=0 epoch=1 age=10768
 edge=1-3 delivery=0 epoch=1 age=13942
 edge=2-1 delivery=8 epoch=1 age=11969
 edge=1-2 delivery=8 epoch=1 age=17682
node=2 time=250000 joined=1 peers=3 fault=0 handshake=0/0
clock=1 pending=0/0 prepare=0 apply=0 proof=0 wants=0 ready=0 authority=0 local=0
 contexts 2->1: 92133112849ccac997f7acda9acdb6f1 ae404b45446368bdfed16fa98b57e345
 contexts 2->3: 24b0cbd3d063a6ad60efa212e842623c 8a32d9267b2895d02d4d6c680fe8b2d6
 peer=1 attempts=8 delivered=8 bits=255 age=2320 active=1 secure=1 drain=0
 peer=3 attempts=8 delivered=8 bits=255 age=3320 active=1 secure=1 drain=0
node=3 time=250000 joined=1 peers=3 fault=0 handshake=0/0
clock=1 pending=0/0 prepare=0 apply=0 proof=0 wants=0 ready=0 authority=0 local=0
 contexts 3->1: 5c48763b0284ab4ce7f63a23b3abfcfc dba597df9fd6d41992075c87b12a6073
 contexts 3->2: 24b0cbd3d063a6ad60efa212e842623c 8a32d9267b2895d02d4d6c680fe8b2d6
 peer=1 attempts=8 delivered=0 bits=0 age=1120 active=1 secure=1 drain=0
 peer=2 attempts=8 delivered=8 bits=255 age=9500 active=1 secure=1 drain=0
Node scheduling seed: 2
Autonomous sequence 1 restart mode 0 PASS
Autonomous sequence 2 restart mode 4 PASS
Root alone, durable live enrollment, encrypted Relay delivery, epoch fence PASS
node=1 time=250000 joined=1 peers=3 fault=0 handshake=0/0
clock=1 pending=0/0 prepare=0 apply=0 proof=0 wants=0 ready=0 authority=0 local=0
 contexts 1->2: a2111ee64f6fe9c6642c2368faf437f8 46667cc1242dbfb712a31a2b44038a14
 contexts 1->3: 62180247f26dbc49010e907d92ebd982 8dcdcaa1816726d4f6230a7a419a812c
 proof 0:000000000000000000000000000000000000000000000000000000000000000000000000000000000000000000000000
 proof 1:000000000000000000000000000000000000000000000000000000000000000000000000000000000000000000000000
 proof 2:000000000000000000000000000000000000000000000000000000000000000000000000000000000000000000000000
 proof 3:000000000000000000000000000000000000000000000000000000000000000000000000000000000000000000000000
 proof 4:000000000000000000000000000000000000000000000000000000000000000000000000000000000000000000000000
 peer=2 attempts=8 delivered=8 bits=255 age=3500 active=1 secure=1 drain=0
 peer=3 attempts=8 delivered=0 bits=0 age=3000 active=1 secure=1 drain=0
 edge=3-2 delivery=8 epoch=1 age=18328
 edge=2-3 delivery=8 epoch=1 age=12295
 edge=3-1 delivery=0 epoch=1 age=11307
 edge=1-3 delivery=0 epoch=1 age=13122
 edge=2-1 delivery=8 epoch=1 age=15096
 edge=1-2 delivery=8 epoch=1 age=13622
node=2 time=250000 joined=1 peers=3 fault=0 handshake=0/0
clock=1 pending=0/0 prepare=0 apply=0 proof=0 wants=0 ready=0 authority=0 local=0
 contexts 2->1: a2111ee64f6fe9c6642c2368faf437f8 46667cc1242dbfb712a31a2b44038a14
 contexts 2->3: 65b1f3f355f3b6556a1ea2720bb4c58c 986232c9695f54d1eb9b279ea9d05899
 peer=1 attempts=8 delivered=8 bits=255 age=5020 active=1 secure=1 drain=0
 peer=3 attempts=8 delivered=8 bits=255 age=2500 active=1 secure=1 drain=0
node=3 time=250000 joined=1 peers=3 fault=0 handshake=0/0
clock=1 pending=0/0 prepare=0 apply=0 proof=0 wants=0 ready=0 authority=0 local=0
 contexts 3->1: 62180247f26dbc49010e907d92ebd982 8dcdcaa1816726d4f6230a7a419a812c
 contexts 3->2: 65b1f3f355f3b6556a1ea2720bb4c58c 986232c9695f54d1eb9b279ea9d05899
 peer=1 attempts=8 delivered=0 bits=0 age=1280 active=1 secure=1 drain=0
 peer=2 attempts=8 delivered=8 bits=255 age=8280 active=1 secure=1 drain=0
Node scheduling seed: 3
Autonomous sequence 1 restart mode 0 PASS
Autonomous sequence 2 restart mode 4 PASS
Root alone, durable live enrollment, encrypted Relay delivery, epoch fence PASS
node=1 time=250000 joined=1 peers=3 fault=0 handshake=0/0
clock=1 pending=0/0 prepare=0 apply=0 proof=0 wants=0 ready=0 authority=0 local=0
 contexts 1->2: 183c8cbb46b844cc50d05afe760b17a7 2186b476a04b21b25c0a0107c8a7d0bd
 contexts 1->3: 3580fadbd654d84fc8a2a56399ce1885 a76c7bc8b1c66cdb3895f317f21ab124
 proof 0:000000000000000000000000000000000000000000000000000000000000000000000000000000000000000000000000
 proof 1:000000000000000000000000000000000000000000000000000000000000000000000000000000000000000000000000
 proof 2:000000000000000000000000000000000000000000000000000000000000000000000000000000000000000000000000
 proof 3:000000000000000000000000000000000000000000000000000000000000000000000000000000000000000000000000
 proof 4:000000000000000000000000000000000000000000000000000000000000000000000000000000000000000000000000
 peer=2 attempts=8 delivered=8 bits=255 age=3220 active=1 secure=1 drain=0
 peer=3 attempts=8 delivered=0 bits=0 age=4360 active=1 secure=1 drain=0
 edge=3-2 delivery=8 epoch=1 age=17736
 edge=2-3 delivery=8 epoch=1 age=17809
 edge=3-1 delivery=0 epoch=1 age=12500
 edge=2-1 delivery=8 epoch=1 age=11936
 edge=1-3 delivery=0 epoch=1 age=14482
 edge=1-2 delivery=8 epoch=1 age=13342
node=2 time=250000 joined=1 peers=3 fault=0 handshake=0/0
clock=1 pending=0/0 prepare=0 apply=0 proof=0 wants=0 ready=0 authority=0 local=0
 contexts 2->1: 183c8cbb46b844cc50d05afe760b17a7 2186b476a04b21b25c0a0107c8a7d0bd
 contexts 2->3: e7c44296946eb76debaeff6ce2dde9c8 09823dad740e068da71f26db9d9b322a
 peer=1 attempts=8 delivered=8 bits=255 age=1820 active=1 secure=1 drain=0
 peer=3 attempts=8 delivered=8 bits=255 age=8160 active=1 secure=1 drain=0
node=3 time=250000 joined=1 peers=3 fault=0 handshake=0/0
clock=1 pending=0/0 prepare=0 apply=0 proof=0 wants=0 ready=0 authority=0 local=0
 contexts 3->1: 3580fadbd654d84fc8a2a56399ce1885 a76c7bc8b1c66cdb3895f317f21ab124
 contexts 3->2: e7c44296946eb76debaeff6ce2dde9c8 09823dad740e068da71f26db9d9b322a
 peer=1 attempts=8 delivered=0 bits=0 age=2440 active=1 secure=1 drain=0
 peer=2 attempts=8 delivered=8 bits=255 age=7660 active=1 secure=1 drain=0
Node scheduling seed: 4
Autonomous sequence 1 restart mode 0 PASS
Autonomous sequence 2 restart mode 4 PASS
Root alone, durable live enrollment, encrypted Relay delivery, epoch fence PASS
node=1 time=250000 joined=1 peers=3 fault=0 handshake=0/0
clock=1 pending=0/0 prepare=0 apply=0 proof=0 wants=0 ready=0 authority=0 local=0
 contexts 1->2: c5059cdcffaddb3df52fb12aebaecf33 193d8f0cb5ac20122d4a4f8f8e029602
 contexts 1->3: cee51d2be5f6f9697fbd133d8908d635 3142472f1b95cd5606e94a134699d969
 proof 0:000000000000000000000000000000000000000000000000000000000000000000000000000000000000000000000000
 proof 1:000000000000000000000000000000000000000000000000000000000000000000000000000000000000000000000000
 proof 2:000000000000000000000000000000000000000000000000000000000000000000000000000000000000000000000000
 proof 3:000000000000000000000000000000000000000000000000000000000000000000000000000000000000000000000000
 proof 4:000000000000000000000000000000000000000000000000000000000000000000000000000000000000000000000000
 peer=2 attempts=8 delivered=8 bits=255 age=5620 active=1 secure=1 drain=0
 peer=3 attempts=8 delivered=0 bits=0 age=2840 active=1 secure=1 drain=0
 edge=2-3 delivery=8 epoch=1 age=15442
 edge=3-2 delivery=8 epoch=1 age=14953
 edge=3-1 delivery=0 epoch=1 age=19418
 edge=2-1 delivery=8 epoch=1 age=20738
 edge=1-3 delivery=0 epoch=1 age=12962
 edge=1-2 delivery=8 epoch=1 age=15742
node=2 time=250000 joined=1 peers=3 fault=0 handshake=0/0
clock=1 pending=0/0 prepare=0 apply=0 proof=0 wants=0 ready=0 authority=0 local=0
 contexts 2->1: c5059cdcffaddb3df52fb12aebaecf33 193d8f0cb5ac20122d4a4f8f8e029602
 contexts 2->3: 25186e1be4e690c454b41dbd0a249e0a ce3eaf24704cffe69082cf168212a6e2
 peer=1 attempts=8 delivered=8 bits=255 age=10640 active=1 secure=1 drain=0
 peer=3 attempts=8 delivered=8 bits=255 age=5360 active=1 secure=1 drain=0
node=3 time=250000 joined=1 peers=3 fault=0 handshake=0/0
clock=1 pending=0/0 prepare=0 apply=0 proof=0 wants=0 ready=0 authority=0 local=0
 contexts 3->1: cee51d2be5f6f9697fbd133d8908d635 3142472f1b95cd5606e94a134699d969
 contexts 3->2: 25186e1be4e690c454b41dbd0a249e0a ce3eaf24704cffe69082cf168212a6e2
 peer=1 attempts=8 delivered=0 bits=0 age=9360 active=1 secure=1 drain=0
 peer=2 attempts=8 delivered=8 bits=255 age=4860 active=1 secure=1 drain=0
Node scheduling seed: 5
Autonomous sequence 1 restart mode 0 PASS
Autonomous sequence 2 restart mode 4 PASS
Root alone, durable live enrollment, encrypted Relay delivery, epoch fence PASS
node=1 time=250000 joined=1 peers=3 fault=0 handshake=0/0
clock=1 pending=0/0 prepare=0 apply=0 proof=0 wants=0 ready=0 authority=0 local=0
 contexts 1->2: 911fc89a84b8d4e2b938ab93662d7999 6af5960488d3fdb5bc7990de14da8056
 contexts 1->3: 2cb65dadf0e569045b523cf5c6976837 8e41ce7c773ba578227822b94c6720df
 proof 0:000000000000000000000000000000000000000000000000000000000000000000000000000000000000000000000000
 proof 1:000000000000000000000000000000000000000000000000000000000000000000000000000000000000000000000000
 proof 2:000000000000000000000000000000000000000000000000000000000000000000000000000000000000000000000000
 proof 3:000000000000000000000000000000000000000000000000000000000000000000000000000000000000000000000000
 proof 4:000000000000000000000000000000000000000000000000000000000000000000000000000000000000000000000000
 peer=2 attempts=8 delivered=8 bits=255 age=7100 active=1 secure=1 drain=0
 peer=3 attempts=8 delivered=0 bits=0 age=10060 active=1 secure=1 drain=0
 edge=3-2 delivery=8 epoch=1 age=14056
 edge=2-3 delivery=8 epoch=1 age=16687
 edge=1-3 delivery=0 epoch=1 age=20182
 edge=3-1 delivery=0 epoch=1 age=11408
 edge=2-1 delivery=8 epoch=1 age=12595
 edge=1-2 delivery=8 epoch=1 age=17222
node=2 time=250000 joined=1 peers=3 fault=0 handshake=0/0
clock=1 pending=0/0 prepare=0 apply=0 proof=0 wants=0 ready=0 authority=0 local=0
 contexts 2->1: 911fc89a84b8d4e2b938ab93662d7999 6af5960488d3fdb5bc7990de14da8056
 contexts 2->3: ca1566a869787c31e0fa7311378a6ed2 c2a97c947890ec49d2a922d3bb269b4a
 peer=1 attempts=8 delivered=8 bits=255 age=2520 active=1 secure=1 drain=0
 peer=3 attempts=8 delivered=8 bits=255 age=6600 active=1 secure=1 drain=0
node=3 time=250000 joined=1 peers=3 fault=0 handshake=0/0
clock=1 pending=0/0 prepare=0 apply=0 proof=0 wants=0 ready=0 authority=0 local=0
 contexts 3->1: 2cb65dadf0e569045b523cf5c6976837 8e41ce7c773ba578227822b94c6720df
 contexts 3->2: ca1566a869787c31e0fa7311378a6ed2 c2a97c947890ec49d2a922d3bb269b4a
 peer=1 attempts=8 delivered=0 bits=0 age=2620 active=1 secure=1 drain=0
 peer=2 attempts=8 delivered=8 bits=255 age=5260 active=1 secure=1 drain=0
Node scheduling seed: 6
Autonomous sequence 1 restart mode 0 PASS
Autonomous sequence 2 restart mode 4 PASS
Root alone, durable live enrollment, encrypted Relay delivery, epoch fence PASS
