Internal ctest changing into directory: /tmp/ninlil-oss-final/gcc
Test project /tmp/ninlil-oss-final/gcc
      Start 33: lease_clock_restart
 1/21 Test #33: lease_clock_restart ........................   Passed    0.00 sec
      Start 41: field_replacement_posix
 2/21 Test #41: field_replacement_posix ....................   Passed    1.34 sec
      Start 42: autonomous_node_posix
 3/21 Test #42: autonomous_node_posix ......................   Passed    2.41 sec
      Start 43: enrollment_posix
 4/21 Test #43: enrollment_posix ...........................   Passed    4.27 sec
      Start 44: discovery_posix
 5/21 Test #44: discovery_posix ............................   Passed    4.51 sec
      Start 45: discovery_slow_posix
 6/21 Test #45: discovery_slow_posix .......................   Passed    4.58 sec
      Start 46: autonomous_overheard_posix
 7/21 Test #46: autonomous_overheard_posix .................   Passed    1.61 sec
      Start 47: autonomous_root_relay_posix
 8/21 Test #47: autonomous_root_relay_posix ................   Passed    1.65 sec
      Start 48: autonomous_join_ack_loss_posix
 9/21 Test #48: autonomous_join_ack_loss_posix .............   Passed    1.70 sec
      Start 49: autonomous_bounded_radio_posix
10/21 Test #49: autonomous_bounded_radio_posix .............   Passed    1.78 sec
      Start 50: autonomous_sustained_radio_posix
11/21 Test #50: autonomous_sustained_radio_posix ...........   Passed    1.87 sec
      Start 52: field_replacement_flash_runtime
12/21 Test #52: field_replacement_flash_runtime ............   Passed    1.45 sec
      Start 53: autonomous_node_flash_runtime
13/21 Test #53: autonomous_node_flash_runtime ..............   Passed    2.82 sec
      Start 54: enrollment_flash_runtime
14/21 Test #54: enrollment_flash_runtime ...................   Passed    4.53 sec
      Start 55: discovery_flash_runtime
15/21 Test #55: discovery_flash_runtime ....................   Passed    4.69 sec
      Start 56: discovery_slow_flash_runtime
16/21 Test #56: discovery_slow_flash_runtime ...............   Passed    4.79 sec
      Start 57: autonomous_overheard_flash_runtime
17/21 Test #57: autonomous_overheard_flash_runtime .........   Passed    1.80 sec
      Start 58: autonomous_root_relay_flash_runtime
18/21 Test #58: autonomous_root_relay_flash_runtime ........   Passed    1.92 sec
      Start 59: autonomous_join_ack_loss_flash_runtime
19/21 Test #59: autonomous_join_ack_loss_flash_runtime .....   Passed    1.93 sec
      Start 60: autonomous_bounded_radio_flash_runtime
20/21 Test #60: autonomous_bounded_radio_flash_runtime .....   Passed    2.00 sec
      Start 61: autonomous_sustained_radio_flash_runtime
21/21 Test #61: autonomous_sustained_radio_flash_runtime ...   Passed    2.10 sec

100% tests passed, 0 tests failed out of 21

Total Test time (real) =  53.74 sec
