Connecting...
Detecting chip type... ESP32-S3
Enabling default SPI flash mode...
Uploading stub flasher...
Running stub flasher...
Stub flasher running.
Configuring flash size...

Writing input at 0x00000000...
SHA digest in image updated.
Flash will be erased from 0x00000000 to 0x00005fff...
Compressed 21088 bytes to 13554...
Wrote 21088 bytes (13554 compressed) at 0x00000000 in 0.3 seconds (520.6 kbit/s).
Verifying written data...
Hash of data verified.

Writing input at 0x00008000...
Flash will be erased from 0x00008000 to 0x00008fff...
Compressed 3072 bytes to 309...
Wrote 3072 bytes (309 compressed) at 0x00008000 in 0.0 seconds (656.4 kbit/s).
Verifying written data...
Hash of data verified.

Writing input at 0x00010000...
Flash will be erased from 0x00010000 to 0x00084fff...
Compressed 475376 bytes to 297272...
Wrote 475376 bytes (297272 compressed) at 0x00010000 in 3.2 seconds (1196.1 kbit/s).
Verifying written data...
Hash of data verified.
Configuring flash size...
SHA digest in image updated.
Verifying 0x5260 (21088) bytes at 0x00000000 in flash against input bytes...
Verification successful (digest matched).
Verifying 0xc00 (3072) bytes at 0x00008000 in flash against input bytes...
Verification successful (digest matched).
Verifying 0x740f0 (475376) bytes at 0x00010000 in flash against input bytes...
Verification successful (digest matched).
VERIFIED_ADDITIVE_IMAGE 2 fe2d044c2abda3ac4e7bbba878fa38414b2031ee2ea6f522d873e34a0e7015ae
Hard resetting via RTS pin...
