-- Configuring done (1.0s)
-- Generating done (0.2s)
-- Build files have been written to: /tmp/ninlil-oss-final/clang
EDHOC / PSA / identity / autonomous owner static analysis PASS
Ninlil static analysis PASS
Semtech v2.5.0 header/source API syntax PASS
Ninlil ESP32-S3 strict syntax PASS
INFO: Running with entropic power schedule (0xFF, 100).
INFO: Seed: 20260907
INFO: Loaded 1 modules   (6662 inline 8-bit counters): 6662 [0x5ffa9ef0f8d8, 0x5ffa9ef112de), 
INFO: Loaded 1 PC tables (6662 PCs): 6662 [0x5ffa9ef112e0,0x5ffa9ef2b340), 
INFO:        6 files found in /tmp/tmp.owXdaSaVFV/corpus
INFO: seed corpus: files: 6 min: 88b max: 1024b total: 1504b rss: 32Mb
#7	INITED cov: 742 ft: 1027 corp: 6/1504b exec/s: 0 rss: 33Mb
#8	NEW    cov: 742 ft: 1227 corp: 7/1600b lim: 1024 exec/s: 0 rss: 34Mb L: 96/1024 MS: 1 ChangeByte-
#9	NEW    cov: 742 ft: 1232 corp: 8/1701b lim: 1024 exec/s: 0 rss: 34Mb L: 101/1024 MS: 1 InsertByte-
#15	NEW    cov: 742 ft: 1234 corp: 9/1846b lim: 1024 exec/s: 0 rss: 34Mb L: 145/1024 MS: 1 CopyPart-
#16	NEW    cov: 744 ft: 1286 corp: 10/1944b lim: 1024 exec/s: 0 rss: 34Mb L: 98/1024 MS: 1 ChangeBinInt-
#17	NEW    cov: 744 ft: 1288 corp: 11/2004b lim: 1024 exec/s: 0 rss: 34Mb L: 60/1024 MS: 1 EraseBytes-
#43	NEW    cov: 746 ft: 1333 corp: 12/2102b lim: 1024 exec/s: 0 rss: 34Mb L: 98/1024 MS: 1 CrossOver-
#52	REDUCE cov: 746 ft: 1333 corp: 12/2068b lim: 1024 exec/s: 0 rss: 35Mb L: 111/1024 MS: 4 ChangeByte-ChangeByte-ChangeByte-EraseBytes-
#54	NEW    cov: 747 ft: 1334 corp: 13/2231b lim: 1024 exec/s: 0 rss: 35Mb L: 163/1024 MS: 2 InsertRepeatedBytes-EraseBytes-
#56	NEW    cov: 748 ft: 1335 corp: 14/2293b lim: 1024 exec/s: 0 rss: 35Mb L: 62/1024 MS: 2 EraseBytes-InsertByte-
#59	NEW    cov: 749 ft: 1346 corp: 15/2391b lim: 1024 exec/s: 0 rss: 35Mb L: 98/1024 MS: 3 ShuffleBytes-ChangeBit-CopyPart-
#61	NEW    cov: 750 ft: 1347 corp: 16/2451b lim: 1024 exec/s: 0 rss: 35Mb L: 60/1024 MS: 2 ChangeByte-ChangeBit-
#74	NEW    cov: 751 ft: 1348 corp: 17/2549b lim: 1024 exec/s: 0 rss: 35Mb L: 98/1024 MS: 3 ChangeBinInt-ChangeBit-CMP- DE: "\377\017"-
#85	NEW    cov: 751 ft: 1349 corp: 18/2656b lim: 1024 exec/s: 0 rss: 36Mb L: 107/1024 MS: 1 InsertRepeatedBytes-
#93	REDUCE cov: 751 ft: 1349 corp: 18/2145b lim: 1024 exec/s: 0 rss: 36Mb L: 513/513 MS: 3 ShuffleBytes-ShuffleBytes-EraseBytes-
#159	NEW    cov: 752 ft: 1350 corp: 19/2243b lim: 1024 exec/s: 0 rss: 37Mb L: 98/513 MS: 1 ChangeBit-
#210	NEW    cov: 753 ft: 1356 corp: 20/2341b lim: 1024 exec/s: 0 rss: 37Mb L: 98/513 MS: 1 PersAutoDict- DE: "\377\017"-
#236	REDUCE cov: 753 ft: 1356 corp: 20/2278b lim: 1024 exec/s: 0 rss: 37Mb L: 450/450 MS: 1 EraseBytes-
#268	NEW    cov: 755 ft: 1375 corp: 21/2366b lim: 1024 exec/s: 0 rss: 37Mb L: 88/450 MS: 2 CMP-ChangeBinInt- DE: "\256\000\000\000\000\000\000\000"-
#269	NEW    cov: 757 ft: 1428 corp: 22/2458b lim: 1024 exec/s: 0 rss: 37Mb L: 92/450 MS: 1 EraseBytes-
#315	NEW    cov: 757 ft: 1435 corp: 23/2556b lim: 1024 exec/s: 0 rss: 37Mb L: 98/450 MS: 1 CrossOver-
#341	NEW    cov: 758 ft: 1436 corp: 24/2654b lim: 1024 exec/s: 0 rss: 37Mb L: 98/450 MS: 1 ChangeBinInt-
#357	NEW    cov: 758 ft: 1437 corp: 25/2742b lim: 1024 exec/s: 0 rss: 37Mb L: 88/450 MS: 1 ChangeBit-
#369	REDUCE cov: 758 ft: 1437 corp: 25/2724b lim: 1024 exec/s: 0 rss: 37Mb L: 93/450 MS: 2 CopyPart-EraseBytes-
#370	NEW    cov: 759 ft: 1440 corp: 26/2812b lim: 1024 exec/s: 0 rss: 37Mb L: 88/450 MS: 1 CopyPart-
#386	NEW    cov: 760 ft: 1441 corp: 27/2904b lim: 1024 exec/s: 0 rss: 37Mb L: 92/450 MS: 1 ShuffleBytes-
#429	NEW    cov: 760 ft: 1442 corp: 28/2973b lim: 1024 exec/s: 0 rss: 37Mb L: 69/450 MS: 3 EraseBytes-ChangeBinInt-InsertByte-
#430	NEW    cov: 761 ft: 1443 corp: 29/3005b lim: 1024 exec/s: 0 rss: 37Mb L: 32/450 MS: 1 EraseBytes-
#451	NEW    cov: 761 ft: 1444 corp: 30/3103b lim: 1024 exec/s: 0 rss: 37Mb L: 98/450 MS: 1 ChangeByte-
#478	NEW    cov: 761 ft: 1457 corp: 31/3201b lim: 1024 exec/s: 0 rss: 38Mb L: 98/450 MS: 2 CMP-CopyPart- DE: "\004\000\000\000"-
#484	NEW    cov: 761 ft: 1458 corp: 32/3299b lim: 1024 exec/s: 0 rss: 38Mb L: 98/450 MS: 1 CopyPart-
#536	REDUCE cov: 761 ft: 1458 corp: 32/3277b lim: 1024 exec/s: 0 rss: 38Mb L: 71/450 MS: 2 CopyPart-EraseBytes-
#597	REDUCE cov: 761 ft: 1458 corp: 32/3225b lim: 1024 exec/s: 0 rss: 38Mb L: 111/450 MS: 1 EraseBytes-
#634	REDUCE cov: 761 ft: 1458 corp: 32/3192b lim: 1024 exec/s: 0 rss: 38Mb L: 55/450 MS: 2 ChangeBinInt-EraseBytes-
#674	NEW    cov: 761 ft: 1459 corp: 33/3290b lim: 1024 exec/s: 0 rss: 38Mb L: 98/450 MS: 5 ChangeBit-ChangeBit-ChangeByte-ShuffleBytes-ChangeBinInt-
#746	REDUCE cov: 761 ft: 1459 corp: 33/3289b lim: 1024 exec/s: 0 rss: 38Mb L: 110/450 MS: 2 ChangeByte-EraseBytes-
#758	NEW    cov: 761 ft: 1460 corp: 34/3387b lim: 1024 exec/s: 0 rss: 38Mb L: 98/450 MS: 2 ShuffleBytes-PersAutoDict- DE: "\377\017"-
#784	NEW    cov: 761 ft: 1481 corp: 35/3483b lim: 1024 exec/s: 0 rss: 38Mb L: 96/450 MS: 1 PersAutoDict- DE: "\256\000\000\000\000\000\000\000"-
#793	REDUCE cov: 761 ft: 1481 corp: 35/3444b lim: 1024 exec/s: 0 rss: 38Mb L: 411/411 MS: 4 PersAutoDict-CrossOver-InsertByte-EraseBytes- DE: "\004\000\000\000"-
#839	NEW    cov: 762 ft: 1482 corp: 36/3542b lim: 1024 exec/s: 0 rss: 38Mb L: 98/411 MS: 1 CMP- DE: "c\2478\030\240~\000\000"-
#846	REDUCE cov: 762 ft: 1482 corp: 36/3536b lim: 1024 exec/s: 0 rss: 38Mb L: 63/411 MS: 2 ShuffleBytes-EraseBytes-
#871	REDUCE cov: 762 ft: 1482 corp: 36/3535b lim: 1024 exec/s: 0 rss: 38Mb L: 59/411 MS: 5 PersAutoDict-PersAutoDict-CrossOver-PersAutoDict-EraseBytes- DE: "\377\017"-"\256\000\000\000\000\000\000\000"-"\004\000\000\000"-
#913	REDUCE cov: 762 ft: 1482 corp: 36/3522b lim: 1024 exec/s: 0 rss: 38Mb L: 19/411 MS: 2 ChangeBinInt-EraseBytes-
#959	NEW    cov: 764 ft: 1484 corp: 37/3618b lim: 1024 exec/s: 0 rss: 38Mb L: 96/411 MS: 1 ChangeBit-
#1000	REDUCE cov: 764 ft: 1484 corp: 37/3590b lim: 1024 exec/s: 0 rss: 38Mb L: 82/411 MS: 1 EraseBytes-
#1015	NEW    cov: 764 ft: 1487 corp: 38/3686b lim: 1024 exec/s: 0 rss: 38Mb L: 96/411 MS: 5 PersAutoDict-CrossOver-ChangeBit-ShuffleBytes-ChangeByte- DE: "\256\000\000\000\000\000\000\000"-
#1035	REDUCE cov: 764 ft: 1487 corp: 38/3682b lim: 1024 exec/s: 0 rss: 38Mb L: 15/411 MS: 5 CMP-ChangeBinInt-InsertByte-ChangeByte-EraseBytes- DE: "\377\377\377\377\377\377\377b"-
#1046	NEW    cov: 764 ft: 1528 corp: 39/3780b lim: 1024 exec/s: 0 rss: 38Mb L: 98/411 MS: 1 CrossOver-
#1062	REDUCE cov: 764 ft: 1528 corp: 39/3740b lim: 1024 exec/s: 0 rss: 38Mb L: 58/411 MS: 1 EraseBytes-
#1064	REDUCE cov: 764 ft: 1528 corp: 39/3734b lim: 1024 exec/s: 0 rss: 38Mb L: 95/411 MS: 2 ShuffleBytes-EraseBytes-
#1091	NEW    cov: 764 ft: 1531 corp: 40/3785b lim: 1024 exec/s: 0 rss: 39Mb L: 51/411 MS: 2 EraseBytes-ShuffleBytes-
#1114	REDUCE cov: 764 ft: 1531 corp: 40/3756b lim: 1024 exec/s: 0 rss: 39Mb L: 382/382 MS: 3 ChangeByte-ChangeBit-EraseBytes-
#1180	NEW    cov: 765 ft: 1552 corp: 41/3854b lim: 1024 exec/s: 0 rss: 39Mb L: 98/382 MS: 1 PersAutoDict- DE: "\377\377\377\377\377\377\377b"-
#1322	NEW    cov: 765 ft: 1553 corp: 42/3952b lim: 1024 exec/s: 0 rss: 39Mb L: 98/382 MS: 2 ShuffleBytes-ChangeBinInt-
#1450	REDUCE cov: 766 ft: 1559 corp: 43/4076b lim: 1024 exec/s: 0 rss: 39Mb L: 124/382 MS: 3 ChangeBinInt-CopyPart-CrossOver-
#1488	REDUCE cov: 766 ft: 1559 corp: 43/4069b lim: 1024 exec/s: 0 rss: 39Mb L: 56/382 MS: 3 EraseBytes-ChangeBinInt-InsertRepeatedBytes-
#1524	NEW    cov: 768 ft: 1568 corp: 44/4167b lim: 1024 exec/s: 0 rss: 39Mb L: 98/382 MS: 1 ChangeBinInt-
#1615	NEW    cov: 768 ft: 1574 corp: 45/4265b lim: 1024 exec/s: 0 rss: 39Mb L: 98/382 MS: 1 CopyPart-
#1616	NEW    cov: 771 ft: 1697 corp: 46/4365b lim: 1024 exec/s: 0 rss: 39Mb L: 100/382 MS: 1 ShuffleBytes-
#1703	NEW    cov: 771 ft: 1698 corp: 47/4461b lim: 1024 exec/s: 0 rss: 39Mb L: 96/382 MS: 2 ShuffleBytes-ChangeByte-
#1712	NEW    cov: 772 ft: 1701 corp: 48/4553b lim: 1024 exec/s: 0 rss: 39Mb L: 92/382 MS: 4 ChangeByte-ChangeBinInt-ChangeBit-EraseBytes-
#1773	NEW    cov: 772 ft: 1702 corp: 49/4653b lim: 1024 exec/s: 0 rss: 39Mb L: 100/382 MS: 1 CrossOver-
#1774	REDUCE cov: 772 ft: 1702 corp: 49/4650b lim: 1024 exec/s: 0 rss: 39Mb L: 55/382 MS: 1 EraseBytes-
#1855	NEW    cov: 772 ft: 1742 corp: 50/4746b lim: 1024 exec/s: 0 rss: 39Mb L: 96/382 MS: 1 PersAutoDict- DE: "\377\377\377\377\377\377\377b"-
#1871	REDUCE cov: 772 ft: 1742 corp: 50/4742b lim: 1024 exec/s: 0 rss: 39Mb L: 11/382 MS: 1 EraseBytes-
#1923	NEW    cov: 774 ft: 1761 corp: 51/4866b lim: 1024 exec/s: 0 rss: 39Mb L: 124/382 MS: 2 ChangeBinInt-PersAutoDict- DE: "c\2478\030\240~\000\000"-
#1942	REDUCE cov: 774 ft: 1761 corp: 51/4863b lim: 1024 exec/s: 0 rss: 39Mb L: 8/382 MS: 4 InsertByte-ChangeBit-ShuffleBytes-EraseBytes-
#1973	REDUCE cov: 774 ft: 1761 corp: 51/4858b lim: 1024 exec/s: 0 rss: 39Mb L: 50/382 MS: 1 EraseBytes-
#2024	REDUCE cov: 774 ft: 1761 corp: 51/4848b lim: 1024 exec/s: 0 rss: 39Mb L: 49/382 MS: 1 EraseBytes-
#2216	NEW    cov: 774 ft: 1764 corp: 52/4944b lim: 1024 exec/s: 0 rss: 39Mb L: 96/382 MS: 2 ChangeBinInt-PersAutoDict- DE: "\377\377\377\377\377\377\377b"-
#2402	REDUCE cov: 774 ft: 1764 corp: 52/4890b lim: 1024 exec/s: 0 rss: 39Mb L: 328/328 MS: 1 EraseBytes-
#2543	REDUCE cov: 774 ft: 1764 corp: 52/4889b lim: 1024 exec/s: 0 rss: 39Mb L: 7/328 MS: 1 EraseBytes-
#2637	NEW    cov: 774 ft: 1766 corp: 53/4987b lim: 1024 exec/s: 0 rss: 39Mb L: 98/328 MS: 4 ShuffleBytes-CrossOver-ShuffleBytes-CopyPart-
#2718	NEW    cov: 775 ft: 1767 corp: 54/5085b lim: 1024 exec/s: 0 rss: 39Mb L: 98/328 MS: 1 ChangeBit-
#2719	NEW    cov: 775 ft: 1770 corp: 55/5173b lim: 1024 exec/s: 0 rss: 39Mb L: 88/328 MS: 1 CMP- DE: "\005\000\000\000"-
#2876	NEW    cov: 776 ft: 1771 corp: 56/5273b lim: 1024 exec/s: 0 rss: 39Mb L: 100/328 MS: 2 PersAutoDict-PersAutoDict- DE: "\004\000\000\000"-"\377\377\377\377\377\377\377b"-
#2882	NEW    cov: 776 ft: 1776 corp: 57/5371b lim: 1024 exec/s: 0 rss: 39Mb L: 98/328 MS: 1 PersAutoDict- DE: "\004\000\000\000"-
#2913	REDUCE cov: 776 ft: 1776 corp: 57/5366b lim: 1024 exec/s: 0 rss: 40Mb L: 55/328 MS: 1 EraseBytes-
#2944	NEW    cov: 777 ft: 1777 corp: 58/5464b lim: 1024 exec/s: 0 rss: 40Mb L: 98/328 MS: 1 CopyPart-
#3085	NEW    cov: 777 ft: 1788 corp: 59/5552b lim: 1024 exec/s: 0 rss: 40Mb L: 88/328 MS: 1 ShuffleBytes-
#3121	NEW    cov: 778 ft: 1789 corp: 60/5650b lim: 1024 exec/s: 0 rss: 40Mb L: 98/328 MS: 1 CopyPart-
#3232	NEW    cov: 779 ft: 1792 corp: 61/5746b lim: 1024 exec/s: 0 rss: 40Mb L: 96/328 MS: 1 PersAutoDict- DE: "\004\000\000\000"-
#3299	REDUCE cov: 779 ft: 1792 corp: 61/5648b lim: 1024 exec/s: 0 rss: 40Mb L: 230/230 MS: 2 PersAutoDict-EraseBytes- DE: "\377\017"-
#3315	NEW    cov: 779 ft: 1794 corp: 62/5746b lim: 1024 exec/s: 0 rss: 40Mb L: 98/230 MS: 1 CopyPart-
#3531	REDUCE cov: 779 ft: 1794 corp: 62/5743b lim: 1024 exec/s: 0 rss: 40Mb L: 4/230 MS: 1 EraseBytes-
#3538	NEW    cov: 779 ft: 1810 corp: 63/5839b lim: 1024 exec/s: 0 rss: 40Mb L: 96/230 MS: 2 ChangeByte-CopyPart-
#3697	REDUCE cov: 779 ft: 1810 corp: 63/5822b lim: 1024 exec/s: 0 rss: 40Mb L: 65/230 MS: 4 ChangeBit-CMP-ChangeBit-EraseBytes- DE: "\377c"-
#3803	NEW    cov: 779 ft: 1811 corp: 64/5918b lim: 1024 exec/s: 0 rss: 40Mb L: 96/230 MS: 1 ChangeByte-
#4192	NEW    cov: 779 ft: 1813 corp: 65/6018b lim: 1024 exec/s: 0 rss: 40Mb L: 100/230 MS: 4 ChangeBit-ChangeByte-ChangeBit-ChangeByte-
#4342	NEW    cov: 780 ft: 1818 corp: 66/6118b lim: 1024 exec/s: 0 rss: 40Mb L: 100/230 MS: 5 CrossOver-ChangeBinInt-ChangeBinInt-InsertRepeatedBytes-EraseBytes-
#4446	REDUCE cov: 780 ft: 1818 corp: 66/6112b lim: 1024 exec/s: 0 rss: 40Mb L: 49/230 MS: 4 ChangeBit-InsertRepeatedBytes-CMP-EraseBytes- DE: "K\000"-
#4453	REDUCE cov: 781 ft: 1819 corp: 67/6114b lim: 1024 exec/s: 0 rss: 40Mb L: 2/230 MS: 2 ChangeByte-EraseBytes-
#4826	NEW    cov: 781 ft: 1824 corp: 68/6212b lim: 1024 exec/s: 0 rss: 40Mb L: 98/230 MS: 3 ChangeBinInt-ShuffleBytes-ChangeBit-
#4985	REDUCE cov: 781 ft: 1824 corp: 68/6207b lim: 1024 exec/s: 0 rss: 40Mb L: 60/230 MS: 4 ShuffleBytes-ChangeBit-CopyPart-EraseBytes-
#5110	REDUCE cov: 781 ft: 1824 corp: 68/6206b lim: 1024 exec/s: 0 rss: 40Mb L: 3/230 MS: 5 ChangeBit-ChangeByte-ChangeByte-InsertByte-EraseBytes-
#5643	REDUCE cov: 781 ft: 1824 corp: 68/6205b lim: 1024 exec/s: 0 rss: 41Mb L: 48/230 MS: 3 InsertByte-EraseBytes-CMP- DE: "?\204\372\027\240~\000\000"-
#5764	NEW    cov: 782 ft: 1829 corp: 69/6293b lim: 1024 exec/s: 0 rss: 41Mb L: 88/230 MS: 1 ChangeBinInt-
#5801	NEW    cov: 783 ft: 1830 corp: 70/6393b lim: 1024 exec/s: 0 rss: 41Mb L: 100/230 MS: 2 ShuffleBytes-ChangeByte-
#5827	NEW    cov: 783 ft: 1831 corp: 71/6485b lim: 1024 exec/s: 0 rss: 41Mb L: 92/230 MS: 1 PersAutoDict- DE: "\004\000\000\000"-
#6327	NEW    cov: 783 ft: 1838 corp: 72/6573b lim: 1024 exec/s: 0 rss: 41Mb L: 88/230 MS: 5 CMP-ShuffleBytes-ChangeBit-ShuffleBytes-CMP- DE: "NJ"-"\003\000\000\000"-
#6341	NEW    cov: 784 ft: 1845 corp: 73/6673b lim: 1024 exec/s: 0 rss: 41Mb L: 100/230 MS: 4 CMP-PersAutoDict-ChangeByte-CrossOver- DE: "\234\000\000\000\000\000\000\000"-"\377c"-
#6362	NEW    cov: 784 ft: 1846 corp: 74/6729b lim: 1024 exec/s: 0 rss: 41Mb L: 56/230 MS: 1 EraseBytes-
#6388	NEW    cov: 784 ft: 1847 corp: 75/6827b lim: 1024 exec/s: 0 rss: 41Mb L: 98/230 MS: 1 ChangeBinInt-
#6466	NEW    cov: 784 ft: 1858 corp: 76/6915b lim: 1024 exec/s: 0 rss: 41Mb L: 88/230 MS: 3 ChangeBit-ShuffleBytes-ChangeBinInt-
#6473	NEW    cov: 784 ft: 1864 corp: 77/7013b lim: 1024 exec/s: 0 rss: 41Mb L: 98/230 MS: 2 InsertByte-InsertByte-
#6494	NEW    cov: 785 ft: 1866 corp: 78/7069b lim: 1024 exec/s: 0 rss: 41Mb L: 56/230 MS: 1 CMP- DE: "\000\000\000\000\000\000\000\310"-
#6685	REDUCE cov: 785 ft: 1866 corp: 78/7067b lim: 1024 exec/s: 0 rss: 41Mb L: 48/230 MS: 1 EraseBytes-
#7396	NEW    cov: 785 ft: 1873 corp: 79/7155b lim: 1024 exec/s: 0 rss: 41Mb L: 88/230 MS: 1 ChangeByte-
#7518	NEW    cov: 786 ft: 1874 corp: 80/7253b lim: 1024 exec/s: 0 rss: 41Mb L: 98/230 MS: 2 CrossOver-CrossOver-
#7547	REDUCE cov: 786 ft: 1874 corp: 80/7251b lim: 1024 exec/s: 0 rss: 41Mb L: 58/230 MS: 4 ChangeBit-CrossOver-InsertByte-EraseBytes-
#7585	NEW    cov: 786 ft: 1875 corp: 81/7349b lim: 1024 exec/s: 0 rss: 41Mb L: 98/230 MS: 3 ChangeBit-CMP-CrossOver- DE: "\000\000"-
#7626	REDUCE cov: 786 ft: 1875 corp: 81/7348b lim: 1024 exec/s: 0 rss: 41Mb L: 2/230 MS: 1 EraseBytes-
#7718	REDUCE cov: 786 ft: 1875 corp: 81/7340b lim: 1024 exec/s: 0 rss: 41Mb L: 63/230 MS: 2 ChangeByte-EraseBytes-
#7795	REDUCE cov: 786 ft: 1875 corp: 81/7327b lim: 1024 exec/s: 0 rss: 42Mb L: 49/230 MS: 2 ChangeBit-EraseBytes-
#8186	REDUCE cov: 786 ft: 1875 corp: 81/7319b lim: 1024 exec/s: 0 rss: 42Mb L: 50/230 MS: 1 EraseBytes-
#8509	NEW    cov: 800 ft: 1890 corp: 82/7375b lim: 1024 exec/s: 0 rss: 42Mb L: 56/230 MS: 3 ChangeBit-EraseBytes-CopyPart-
#8650	NEW    cov: 801 ft: 1891 corp: 83/7473b lim: 1024 exec/s: 0 rss: 42Mb L: 98/230 MS: 1 ChangeBit-
#9387	REDUCE cov: 801 ft: 1891 corp: 83/7453b lim: 1024 exec/s: 0 rss: 42Mb L: 210/210 MS: 2 CopyPart-EraseBytes-
#9406	REDUCE cov: 801 ft: 1891 corp: 83/7451b lim: 1024 exec/s: 0 rss: 42Mb L: 53/210 MS: 4 InsertByte-InsertByte-ShuffleBytes-EraseBytes-
#9572	NEW    cov: 809 ft: 1899 corp: 84/7507b lim: 1024 exec/s: 0 rss: 42Mb L: 56/210 MS: 1 ChangeBit-
#9598	NEW    cov: 810 ft: 1905 corp: 85/7563b lim: 1024 exec/s: 0 rss: 42Mb L: 56/210 MS: 1 ChangeBinInt-
#9694	NEW    cov: 811 ft: 1906 corp: 86/7655b lim: 1024 exec/s: 0 rss: 42Mb L: 92/210 MS: 1 CrossOver-
#9720	NEW    cov: 812 ft: 1907 corp: 87/7711b lim: 1024 exec/s: 0 rss: 42Mb L: 56/210 MS: 1 ChangeByte-
#10000	DONE   cov: 812 ft: 1907 corp: 87/7711b lim: 1024 exec/s: 0 rss: 42Mb
###### Recommended dictionary. ######
"\377\017" # Uses: 134
"\256\000\000\000\000\000\000\000" # Uses: 155
"\004\000\000\000" # Uses: 110
"c\2478\030\240~\000\000" # Uses: 108
"\377\377\377\377\377\377\377b" # Uses: 108
"\005\000\000\000" # Uses: 69
"\377c" # Uses: 61
"K\000" # Uses: 49
"?\204\372\027\240~\000\000" # Uses: 32
"NJ" # Uses: 21
"\003\000\000\000" # Uses: 24
"\234\000\000\000\000\000\000\000" # Uses: 28
"\000\000\000\000\000\000\000\310" # Uses: 19
"\000\000" # Uses: 10
###### End of recommended dictionary. ######
Done 10000 runs in 0 second(s)
Join/plan/Relay v1-v2 fuzz PASS (10000 executions)
-- The C compiler identification is GNU 13.3.0
-- Detecting C compiler ABI info
-- Detecting C compiler ABI info - done
-- Check for working C compiler: /usr/bin/cc - skipped
-- Detecting C compile features
-- Detecting C compile features - done
-- Configuring done (0.1s)
-- Generating done (0.0s)
-- Build files have been written to: /tmp/tmp.ghzVhVAPp7/consumer-posix
[1/2] Building C object CMakeFiles/consumer.dir/main.c.o
[2/2] Linking C executable consumer
-- The C compiler identification is GNU 13.3.0
-- Detecting C compiler ABI info
-- Detecting C compiler ABI info - done
-- Check for working C compiler: /usr/bin/cc - skipped
-- Detecting C compile features
-- Detecting C compile features - done
-- Configuring done (0.2s)
-- Generating done (0.0s)
-- Build files have been written to: /tmp/tmp.ghzVhVAPp7/consumer-flash_runtime
[1/2] Building C object CMakeFiles/consumer.dir/main.c.o
[2/2] Linking C executable consumer
Rejected conflicting-backends with expected package diagnostic
Rejected invalid-backend with expected package diagnostic
-- The C compiler identification is GNU 13.3.0
-- Detecting C compiler ABI info
-- Detecting C compiler ABI info - done
-- Check for working C compiler: /usr/bin/cc - skipped
-- Detecting C compile features
-- Detecting C compile features - done
-- Configuring done (0.1s)
-- Generating done (0.0s)
-- Build files have been written to: /tmp/tmp.ghzVhVAPp7/core
[1/41] Building C object CMakeFiles/ninlil_contract.dir/src/ninlil_authorization.c.o
[2/41] Building C object CMakeFiles/ninlil_posix.dir/src/ninlil_collect.c.o
[3/41] Linking C static library libninlil_contract.a
[4/41] Building C object CMakeFiles/ninlil_posix.dir/src/ninlil_custody.c.o
[5/41] Building C object CMakeFiles/ninlil_posix.dir/src/ninlil.c.o
[6/41] Building C object CMakeFiles/ninlil_posix.dir/src/ninlil_leaf.c.o
[7/41] Building C object CMakeFiles/ninlil_posix.dir/src/ninlil_group.c.o
[8/41] Building C object CMakeFiles/ninlil_posix.dir/src/ninlil_profile.c.o
[9/41] Building C object CMakeFiles/ninlil_posix.dir/src/ninlil_policy.c.o
[10/41] Building C object CMakeFiles/ninlil_posix.dir/src/ninlil_replay.c.o
[11/41] Building C object CMakeFiles/ninlil_posix.dir/src/ninlil_receive.c.o
[12/41] Building C object CMakeFiles/ninlil_posix.dir/src/ninlil_send.c.o
[13/41] Building C object CMakeFiles/ninlil_posix.dir/src/ninlil_storage.c.o
[14/41] Building C object CMakeFiles/ninlil_posix.dir/src/ninlil_topology.c.o
[15/41] Building C object CMakeFiles/ninlil_posix.dir/src/ninlil_wire.c.o
[16/41] Building C object CMakeFiles/ninlil_radio_model.dir/src/ninlil_diag.c.o
[17/41] Building C object CMakeFiles/ninlil_radio_model.dir/src/ninlil_radio.c.o
[18/41] Building C object CMakeFiles/ninlil_posix.dir/ports/posix/ninlil_journal.c.o
[19/41] Building C object CMakeFiles/ninlil_radio_model.dir/src/ninlil_rf_profile.c.o
[20/41] Linking C static library libninlil_posix.a
[21/41] Linking C static library libninlil_radio_model.a
[22/41] Building C object CMakeFiles/ninlil_flash_store.dir/ports/flash/ninlil_flash_bank.c.o
[23/41] Building C object CMakeFiles/ninlil_flash_store.dir/ports/flash/ninlil_flash_store.c.o
[24/41] Linking C static library libninlil_flash_store.a
[25/41] Building C object CMakeFiles/ninlil_security_state.dir/ports/flash/ninlil_security_state.c.o
[26/41] Linking C static library libninlil_security_state.a
[27/41] Building C object CMakeFiles/ninlil_flash_runtime.dir/src/ninlil_collect.c.o
[28/41] Building C object CMakeFiles/ninlil_flash_runtime.dir/src/ninlil_custody.c.o
[29/41] Building C object CMakeFiles/ninlil_flash_runtime.dir/src/ninlil.c.o
[30/41] Building C object CMakeFiles/ninlil_flash_runtime.dir/src/ninlil_leaf.c.o
[31/41] Building C object CMakeFiles/ninlil_flash_runtime.dir/src/ninlil_group.c.o
[32/41] Building C object CMakeFiles/ninlil_flash_runtime.dir/src/ninlil_policy.c.o
[33/41] Building C object CMakeFiles/ninlil_flash_runtime.dir/src/ninlil_profile.c.o
[34/41] Building C object CMakeFiles/ninlil_flash_runtime.dir/src/ninlil_replay.c.o
[35/41] Building C object CMakeFiles/ninlil_flash_runtime.dir/src/ninlil_receive.c.o
[36/41] Building C object CMakeFiles/ninlil_flash_runtime.dir/src/ninlil_send.c.o
[37/41] Building C object CMakeFiles/ninlil_flash_runtime.dir/src/ninlil_storage.c.o
[38/41] Building C object CMakeFiles/ninlil_flash_runtime.dir/src/ninlil_topology.c.o
[39/41] Building C object CMakeFiles/ninlil_flash_runtime.dir/src/ninlil_wire.c.o
[40/41] Building C object CMakeFiles/ninlil_flash_runtime.dir/ports/flash/ninlil_flash_journal_file.c.o
[41/41] Linking C static library libninlil_flash_runtime.a
-- The C compiler identification is GNU 13.3.0
-- Detecting C compiler ABI info
-- Detecting C compiler ABI info - done
-- Check for working C compiler: /usr/bin/cc - skipped
-- Detecting C compile features
-- Detecting C compile features - done
-- Configuring done (0.1s)
-- Generating done (0.0s)
-- Build files have been written to: /tmp/tmp.ghzVhVAPp7/core-consumer
[1/2] Building C object CMakeFiles/consumer.dir/main.c.o
[2/2] Linking C executable consumer
Relocated secure POSIX/NOR and Core-only package consumers PASS
Secure protocol/storage libraries (autonomous execution owner counted separately)
Physical lines: 12653; unchanged vendor lines: 3005
First-party nonblank lines: 8330 / 12000
Autonomous owner and reference integration
Physical lines: 5659; unchanged vendor lines: 0
First-party nonblank lines: 5497 / 5500
Storage collection, bulk profile and TX power adaptation
Physical lines: 3378; unchanged vendor lines: 0
First-party nonblank lines: 3322 / 4000
Dynamic enrollment, discovery and deployment settings
Physical lines: 2974; unchanged vendor lines: 0
First-party nonblank lines: 2780 / 3000
Historical evidence (also included in project-wide first-party accounting)
Physical lines: 1956; unchanged vendor lines: 0
First-party nonblank lines: 1856 / 50000
Project first-party source (including historical evidence)
Physical lines: 57043; unchanged vendor lines: 3005
First-party nonblank lines: 49395 / 50000
