Connecting...
Detecting chip type... ESP32-S3
Enabling default SPI flash mode...
Uploading stub flasher...
Running stub flasher...
Stub flasher running.
Configuring flash size...

Writing input at 0x00000000...
SHA digest in image updated.
Flash will be erased from 0x00000000 to 0x00005fff...
Compressed 21088 bytes to 13553...
Wrote 21088 bytes (13553 compressed) at 0x00000000 in 0.3 seconds (532.7 kbit/s).
Verifying written data...
Hash of data verified.

Writing input at 0x00008000...
Flash will be erased from 0x00008000 to 0x00008fff...
Compressed 3072 bytes to 309...
Wrote 3072 bytes (309 compressed) at 0x00008000 in 0.0 seconds (591.4 kbit/s).
Verifying written data...
Hash of data verified.

Writing input at 0x00010000...
Flash will be erased from 0x00010000 to 0x00084fff...
Compressed 476320 bytes to 298011...
Wrote 476320 bytes (298011 compressed) at 0x00010000 in 3.0 seconds (1277.5 kbit/s).
Verifying written data...
Hash of data verified.
Configuring flash size...
SHA digest in image updated.
Verifying 0x5260 (21088) bytes at 0x00000000 in flash against input bytes...
Verification successful (digest matched).
Verifying 0xc00 (3072) bytes at 0x00008000 in flash against input bytes...
Verification successful (digest matched).
Verifying 0x744a0 (476320) bytes at 0x00010000 in flash against input bytes...
Verification successful (digest matched).
VERIFIED_ADDITIVE_IMAGE 3 3a43b8f4f8d985df01304ec927f76200f25998b12bcfb19670c02b7fe92982b1
Hard resetting via RTS pin...
