Connecting...
Detecting chip type... ESP32-S3
Enabling default SPI flash mode...
Uploading stub flasher...
Running stub flasher...
Stub flasher running.
Configuring flash size...

Writing input at 0x00000000...
SHA digest in image updated.
Flash will be erased from 0x00000000 to 0x00005fff...
Compressed 21088 bytes to 13554...
Wrote 21088 bytes (13554 compressed) at 0x00000000 in 0.3 seconds (525.8 kbit/s).
Verifying written data...
Hash of data verified.

Writing input at 0x00008000...
Flash will be erased from 0x00008000 to 0x00008fff...
Compressed 3072 bytes to 309...
Wrote 3072 bytes (309 compressed) at 0x00008000 in 0.0 seconds (561.7 kbit/s).
Verifying written data...
Hash of data verified.

Writing input at 0x00010000...
Flash will be erased from 0x00010000 to 0x00084fff...
Compressed 477488 bytes to 298581...
Wrote 477488 bytes (298581 compressed) at 0x00010000 in 3.2 seconds (1194.4 kbit/s).
Verifying written data...
Hash of data verified.
Configuring flash size...
SHA digest in image updated.
Verifying 0x5260 (21088) bytes at 0x00000000 in flash against input bytes...
Verification successful (digest matched).
Verifying 0xc00 (3072) bytes at 0x00008000 in flash against input bytes...
Verification successful (digest matched).
Verifying 0x74930 (477488) bytes at 0x00010000 in flash against input bytes...
Verification successful (digest matched).
VERIFIED_ADDITIVE_IMAGE 2 9d0876de6fd73bbec0ba55b4242871475e6c7d9bcdfa5a359ac79c7f058e1096
Hard resetting via RTS pin...
