-- Configuring done (0.9s)
-- Generating done (0.2s)
-- Build files have been written to: /tmp/ninlil-oss-final/clang
EDHOC / PSA / identity / autonomous owner static analysis PASS
Ninlil static analysis PASS
Semtech v2.5.0 header/source API syntax PASS
Ninlil ESP32-S3 strict syntax PASS
INFO: Running with entropic power schedule (0xFF, 100).
INFO: Seed: 20260907
INFO: Loaded 1 modules   (6662 inline 8-bit counters): 6662 [0x5d48d3faf8d8, 0x5d48d3fb12de), 
INFO: Loaded 1 PC tables (6662 PCs): 6662 [0x5d48d3fb12e0,0x5d48d3fcb340), 
INFO:        6 files found in /tmp/tmp.kuVdX2mAWh/corpus
INFO: seed corpus: files: 6 min: 88b max: 1024b total: 1504b rss: 32Mb
#7	INITED cov: 742 ft: 1027 corp: 6/1504b exec/s: 0 rss: 33Mb
#8	NEW    cov: 742 ft: 1227 corp: 7/1600b lim: 1024 exec/s: 0 rss: 34Mb L: 96/1024 MS: 1 ChangeByte-
#9	NEW    cov: 742 ft: 1232 corp: 8/1701b lim: 1024 exec/s: 0 rss: 34Mb L: 101/1024 MS: 1 InsertByte-
#15	NEW    cov: 742 ft: 1234 corp: 9/1846b lim: 1024 exec/s: 0 rss: 34Mb L: 145/1024 MS: 1 CopyPart-
#16	NEW    cov: 744 ft: 1286 corp: 10/1944b lim: 1024 exec/s: 0 rss: 34Mb L: 98/1024 MS: 1 ChangeBinInt-
#17	NEW    cov: 744 ft: 1288 corp: 11/2004b lim: 1024 exec/s: 0 rss: 34Mb L: 60/1024 MS: 1 EraseBytes-
#43	NEW    cov: 746 ft: 1333 corp: 12/2102b lim: 1024 exec/s: 0 rss: 35Mb L: 98/1024 MS: 1 CrossOver-
#52	REDUCE cov: 746 ft: 1333 corp: 12/2068b lim: 1024 exec/s: 0 rss: 35Mb L: 111/1024 MS: 4 ChangeByte-ChangeByte-ChangeByte-EraseBytes-
#54	NEW    cov: 747 ft: 1334 corp: 13/2231b lim: 1024 exec/s: 0 rss: 35Mb L: 163/1024 MS: 2 InsertRepeatedBytes-EraseBytes-
#56	NEW    cov: 748 ft: 1335 corp: 14/2293b lim: 1024 exec/s: 0 rss: 35Mb L: 62/1024 MS: 2 EraseBytes-InsertByte-
#59	NEW    cov: 749 ft: 1346 corp: 15/2391b lim: 1024 exec/s: 0 rss: 35Mb L: 98/1024 MS: 3 ShuffleBytes-ChangeBit-CopyPart-
#61	NEW    cov: 750 ft: 1347 corp: 16/2451b lim: 1024 exec/s: 0 rss: 35Mb L: 60/1024 MS: 2 ChangeByte-ChangeBit-
#74	NEW    cov: 751 ft: 1348 corp: 17/2549b lim: 1024 exec/s: 0 rss: 35Mb L: 98/1024 MS: 3 ChangeBinInt-ChangeBit-CMP- DE: "\377\017"-
#85	NEW    cov: 751 ft: 1349 corp: 18/2656b lim: 1024 exec/s: 0 rss: 36Mb L: 107/1024 MS: 1 InsertRepeatedBytes-
#93	REDUCE cov: 751 ft: 1349 corp: 18/2145b lim: 1024 exec/s: 0 rss: 36Mb L: 513/513 MS: 3 ShuffleBytes-ShuffleBytes-EraseBytes-
#159	NEW    cov: 752 ft: 1350 corp: 19/2243b lim: 1024 exec/s: 0 rss: 37Mb L: 98/513 MS: 1 ChangeBit-
#210	NEW    cov: 753 ft: 1356 corp: 20/2341b lim: 1024 exec/s: 0 rss: 37Mb L: 98/513 MS: 1 PersAutoDict- DE: "\377\017"-
#236	REDUCE cov: 753 ft: 1356 corp: 20/2278b lim: 1024 exec/s: 0 rss: 37Mb L: 450/450 MS: 1 EraseBytes-
#268	NEW    cov: 755 ft: 1375 corp: 21/2366b lim: 1024 exec/s: 0 rss: 37Mb L: 88/450 MS: 2 CMP-ChangeBinInt- DE: "\256\000\000\000\000\000\000\000"-
#269	NEW    cov: 757 ft: 1428 corp: 22/2458b lim: 1024 exec/s: 0 rss: 37Mb L: 92/450 MS: 1 EraseBytes-
#315	NEW    cov: 757 ft: 1435 corp: 23/2556b lim: 1024 exec/s: 0 rss: 37Mb L: 98/450 MS: 1 CrossOver-
#341	NEW    cov: 758 ft: 1436 corp: 24/2654b lim: 1024 exec/s: 0 rss: 37Mb L: 98/450 MS: 1 ChangeBinInt-
#357	NEW    cov: 758 ft: 1437 corp: 25/2742b lim: 1024 exec/s: 0 rss: 37Mb L: 88/450 MS: 1 ChangeBit-
#369	REDUCE cov: 758 ft: 1437 corp: 25/2724b lim: 1024 exec/s: 0 rss: 37Mb L: 93/450 MS: 2 CopyPart-EraseBytes-
#370	NEW    cov: 759 ft: 1440 corp: 26/2812b lim: 1024 exec/s: 0 rss: 37Mb L: 88/450 MS: 1 CopyPart-
#386	NEW    cov: 760 ft: 1441 corp: 27/2904b lim: 1024 exec/s: 0 rss: 37Mb L: 92/450 MS: 1 ShuffleBytes-
#429	NEW    cov: 760 ft: 1442 corp: 28/2973b lim: 1024 exec/s: 0 rss: 37Mb L: 69/450 MS: 3 EraseBytes-ChangeBinInt-InsertByte-
#430	NEW    cov: 761 ft: 1443 corp: 29/3005b lim: 1024 exec/s: 0 rss: 37Mb L: 32/450 MS: 1 EraseBytes-
#451	NEW    cov: 761 ft: 1444 corp: 30/3103b lim: 1024 exec/s: 0 rss: 37Mb L: 98/450 MS: 1 ChangeByte-
#478	NEW    cov: 761 ft: 1457 corp: 31/3201b lim: 1024 exec/s: 0 rss: 38Mb L: 98/450 MS: 2 CMP-CopyPart- DE: "\004\000\000\000"-
#484	NEW    cov: 761 ft: 1458 corp: 32/3299b lim: 1024 exec/s: 0 rss: 38Mb L: 98/450 MS: 1 CopyPart-
#536	REDUCE cov: 761 ft: 1458 corp: 32/3277b lim: 1024 exec/s: 0 rss: 38Mb L: 71/450 MS: 2 CopyPart-EraseBytes-
#597	REDUCE cov: 761 ft: 1458 corp: 32/3225b lim: 1024 exec/s: 0 rss: 38Mb L: 111/450 MS: 1 EraseBytes-
#634	REDUCE cov: 761 ft: 1458 corp: 32/3192b lim: 1024 exec/s: 0 rss: 38Mb L: 55/450 MS: 2 ChangeBinInt-EraseBytes-
#674	NEW    cov: 761 ft: 1459 corp: 33/3290b lim: 1024 exec/s: 0 rss: 38Mb L: 98/450 MS: 5 ChangeBit-ChangeBit-ChangeByte-ShuffleBytes-ChangeBinInt-
#746	REDUCE cov: 761 ft: 1459 corp: 33/3289b lim: 1024 exec/s: 0 rss: 38Mb L: 110/450 MS: 2 ChangeByte-EraseBytes-
#758	NEW    cov: 761 ft: 1460 corp: 34/3387b lim: 1024 exec/s: 0 rss: 38Mb L: 98/450 MS: 2 ShuffleBytes-PersAutoDict- DE: "\377\017"-
#784	NEW    cov: 761 ft: 1481 corp: 35/3483b lim: 1024 exec/s: 0 rss: 38Mb L: 96/450 MS: 1 PersAutoDict- DE: "\256\000\000\000\000\000\000\000"-
#793	REDUCE cov: 761 ft: 1481 corp: 35/3444b lim: 1024 exec/s: 0 rss: 38Mb L: 411/411 MS: 4 PersAutoDict-CrossOver-InsertByte-EraseBytes- DE: "\004\000\000\000"-
#839	NEW    cov: 762 ft: 1482 corp: 36/3542b lim: 1024 exec/s: 0 rss: 38Mb L: 98/411 MS: 1 CMP- DE: "c\247\330\3538{\000\000"-
#846	REDUCE cov: 762 ft: 1482 corp: 36/3536b lim: 1024 exec/s: 0 rss: 38Mb L: 63/411 MS: 2 ShuffleBytes-EraseBytes-
#871	REDUCE cov: 762 ft: 1482 corp: 36/3535b lim: 1024 exec/s: 0 rss: 38Mb L: 59/411 MS: 5 PersAutoDict-PersAutoDict-CrossOver-PersAutoDict-EraseBytes- DE: "\377\017"-"\256\000\000\000\000\000\000\000"-"\004\000\000\000"-
#913	REDUCE cov: 762 ft: 1482 corp: 36/3522b lim: 1024 exec/s: 0 rss: 38Mb L: 19/411 MS: 2 ChangeBinInt-EraseBytes-
#959	NEW    cov: 764 ft: 1484 corp: 37/3618b lim: 1024 exec/s: 0 rss: 38Mb L: 96/411 MS: 1 ChangeBit-
#1000	REDUCE cov: 764 ft: 1484 corp: 37/3590b lim: 1024 exec/s: 0 rss: 38Mb L: 82/411 MS: 1 EraseBytes-
#1015	NEW    cov: 764 ft: 1487 corp: 38/3686b lim: 1024 exec/s: 0 rss: 38Mb L: 96/411 MS: 5 PersAutoDict-CrossOver-ChangeBit-ShuffleBytes-ChangeByte- DE: "\256\000\000\000\000\000\000\000"-
#1035	REDUCE cov: 764 ft: 1487 corp: 38/3682b lim: 1024 exec/s: 0 rss: 38Mb L: 15/411 MS: 5 CMP-ChangeBinInt-InsertByte-ChangeByte-EraseBytes- DE: "\377\377\377\377\377\377\377b"-
#1046	NEW    cov: 764 ft: 1528 corp: 39/3780b lim: 1024 exec/s: 0 rss: 38Mb L: 98/411 MS: 1 CrossOver-
#1062	REDUCE cov: 764 ft: 1528 corp: 39/3740b lim: 1024 exec/s: 0 rss: 38Mb L: 58/411 MS: 1 EraseBytes-
#1064	REDUCE cov: 764 ft: 1528 corp: 39/3734b lim: 1024 exec/s: 0 rss: 38Mb L: 95/411 MS: 2 ShuffleBytes-EraseBytes-
#1091	NEW    cov: 764 ft: 1531 corp: 40/3785b lim: 1024 exec/s: 0 rss: 39Mb L: 51/411 MS: 2 EraseBytes-ShuffleBytes-
#1114	REDUCE cov: 764 ft: 1531 corp: 40/3756b lim: 1024 exec/s: 0 rss: 39Mb L: 382/382 MS: 3 ChangeByte-ChangeBit-EraseBytes-
#1180	NEW    cov: 765 ft: 1552 corp: 41/3854b lim: 1024 exec/s: 0 rss: 39Mb L: 98/382 MS: 1 PersAutoDict- DE: "\377\377\377\377\377\377\377b"-
#1322	NEW    cov: 765 ft: 1553 corp: 42/3952b lim: 1024 exec/s: 0 rss: 39Mb L: 98/382 MS: 2 ShuffleBytes-ChangeBinInt-
#1455	REDUCE cov: 766 ft: 1559 corp: 43/4076b lim: 1024 exec/s: 0 rss: 39Mb L: 124/382 MS: 3 ChangeBinInt-CopyPart-CrossOver-
#1493	REDUCE cov: 766 ft: 1559 corp: 43/4069b lim: 1024 exec/s: 0 rss: 39Mb L: 56/382 MS: 3 EraseBytes-ChangeBinInt-InsertRepeatedBytes-
#1529	NEW    cov: 768 ft: 1568 corp: 44/4167b lim: 1024 exec/s: 0 rss: 39Mb L: 98/382 MS: 1 ChangeBinInt-
#1620	NEW    cov: 768 ft: 1574 corp: 45/4265b lim: 1024 exec/s: 0 rss: 39Mb L: 98/382 MS: 1 CopyPart-
#1621	NEW    cov: 771 ft: 1697 corp: 46/4365b lim: 1024 exec/s: 0 rss: 39Mb L: 100/382 MS: 1 ShuffleBytes-
#1708	NEW    cov: 771 ft: 1698 corp: 47/4461b lim: 1024 exec/s: 0 rss: 39Mb L: 96/382 MS: 2 ShuffleBytes-ChangeByte-
#1717	NEW    cov: 772 ft: 1701 corp: 48/4553b lim: 1024 exec/s: 0 rss: 39Mb L: 92/382 MS: 4 ChangeByte-ChangeBinInt-ChangeBit-EraseBytes-
#1778	NEW    cov: 772 ft: 1702 corp: 49/4653b lim: 1024 exec/s: 0 rss: 39Mb L: 100/382 MS: 1 CrossOver-
#1779	REDUCE cov: 772 ft: 1702 corp: 49/4650b lim: 1024 exec/s: 0 rss: 39Mb L: 55/382 MS: 1 EraseBytes-
#1860	NEW    cov: 772 ft: 1742 corp: 50/4746b lim: 1024 exec/s: 0 rss: 39Mb L: 96/382 MS: 1 PersAutoDict- DE: "\377\377\377\377\377\377\377b"-
#1876	REDUCE cov: 772 ft: 1742 corp: 50/4742b lim: 1024 exec/s: 0 rss: 39Mb L: 11/382 MS: 1 EraseBytes-
#1928	NEW    cov: 774 ft: 1761 corp: 51/4866b lim: 1024 exec/s: 0 rss: 39Mb L: 124/382 MS: 2 ChangeBinInt-PersAutoDict- DE: "c\247\330\3538{\000\000"-
#1947	REDUCE cov: 774 ft: 1761 corp: 51/4863b lim: 1024 exec/s: 0 rss: 39Mb L: 8/382 MS: 4 InsertByte-ChangeBit-ShuffleBytes-EraseBytes-
#1978	REDUCE cov: 774 ft: 1761 corp: 51/4858b lim: 1024 exec/s: 0 rss: 39Mb L: 50/382 MS: 1 EraseBytes-
#2029	REDUCE cov: 774 ft: 1761 corp: 51/4848b lim: 1024 exec/s: 0 rss: 39Mb L: 49/382 MS: 1 EraseBytes-
#2221	NEW    cov: 774 ft: 1764 corp: 52/4944b lim: 1024 exec/s: 0 rss: 39Mb L: 96/382 MS: 2 ChangeBinInt-PersAutoDict- DE: "\377\377\377\377\377\377\377b"-
#2407	REDUCE cov: 774 ft: 1764 corp: 52/4890b lim: 1024 exec/s: 0 rss: 39Mb L: 328/328 MS: 1 EraseBytes-
#2548	REDUCE cov: 774 ft: 1764 corp: 52/4889b lim: 1024 exec/s: 0 rss: 39Mb L: 7/328 MS: 1 EraseBytes-
#2642	NEW    cov: 774 ft: 1766 corp: 53/4987b lim: 1024 exec/s: 0 rss: 39Mb L: 98/328 MS: 4 ShuffleBytes-CrossOver-ShuffleBytes-CopyPart-
#2723	NEW    cov: 775 ft: 1767 corp: 54/5085b lim: 1024 exec/s: 0 rss: 39Mb L: 98/328 MS: 1 ChangeBit-
#2724	NEW    cov: 775 ft: 1770 corp: 55/5173b lim: 1024 exec/s: 0 rss: 39Mb L: 88/328 MS: 1 CMP- DE: "\005\000\000\000"-
#2795	REDUCE cov: 775 ft: 1770 corp: 55/5172b lim: 1024 exec/s: 0 rss: 39Mb L: 6/328 MS: 1 EraseBytes-
#2926	REDUCE cov: 775 ft: 1770 corp: 55/5167b lim: 1024 exec/s: 0 rss: 39Mb L: 55/328 MS: 1 EraseBytes-
#2927	REDUCE cov: 775 ft: 1770 corp: 55/5161b lim: 1024 exec/s: 0 rss: 40Mb L: 65/328 MS: 1 EraseBytes-
#2993	NEW    cov: 776 ft: 1775 corp: 56/5212b lim: 1024 exec/s: 0 rss: 40Mb L: 51/328 MS: 1 PersAutoDict- DE: "\005\000\000\000"-
#3034	REDUCE cov: 776 ft: 1775 corp: 56/5190b lim: 1024 exec/s: 0 rss: 40Mb L: 60/328 MS: 1 EraseBytes-
#3063	REDUCE cov: 776 ft: 1775 corp: 56/5077b lim: 1024 exec/s: 0 rss: 40Mb L: 215/215 MS: 4 ChangeBinInt-ChangeBinInt-PersAutoDict-EraseBytes- DE: "\256\000\000\000\000\000\000\000"-
#3081	REDUCE cov: 776 ft: 1775 corp: 56/5071b lim: 1024 exec/s: 0 rss: 40Mb L: 49/215 MS: 3 ShuffleBytes-EraseBytes-CopyPart-
#3169	REDUCE cov: 777 ft: 1776 corp: 57/5127b lim: 1024 exec/s: 0 rss: 40Mb L: 56/215 MS: 3 CMP-ShuffleBytes-CopyPart- DE: "\004\000"-
#3361	REDUCE cov: 777 ft: 1776 corp: 57/5122b lim: 1024 exec/s: 0 rss: 40Mb L: 50/215 MS: 2 EraseBytes-PersAutoDict- DE: "\004\000\000\000"-
#3457	NEW    cov: 777 ft: 1777 corp: 58/5173b lim: 1024 exec/s: 0 rss: 40Mb L: 51/215 MS: 1 ChangeByte-
#3728	NEW    cov: 777 ft: 1788 corp: 59/5269b lim: 1024 exec/s: 0 rss: 40Mb L: 96/215 MS: 1 ChangeBit-
#3734	NEW    cov: 777 ft: 1790 corp: 60/5369b lim: 1024 exec/s: 0 rss: 40Mb L: 100/215 MS: 1 ChangeBinInt-
#3913	REDUCE cov: 777 ft: 1797 corp: 61/5421b lim: 1024 exec/s: 0 rss: 40Mb L: 52/215 MS: 4 PersAutoDict-PersAutoDict-ChangeBinInt-InsertByte- DE: "\004\000"-"\256\000\000\000\000\000\000\000"-
#3945	NEW    cov: 777 ft: 1822 corp: 62/5521b lim: 1024 exec/s: 0 rss: 40Mb L: 100/215 MS: 2 ChangeBit-PersAutoDict- DE: "\377\017"-
#4046	NEW    cov: 777 ft: 1823 corp: 63/5572b lim: 1024 exec/s: 0 rss: 40Mb L: 51/215 MS: 1 PersAutoDict- DE: "c\247\330\3538{\000\000"-
#4157	NEW    cov: 778 ft: 1824 corp: 64/5670b lim: 1024 exec/s: 0 rss: 40Mb L: 98/215 MS: 1 CrossOver-
#4170	NEW    cov: 779 ft: 1831 corp: 65/5721b lim: 1024 exec/s: 0 rss: 40Mb L: 51/215 MS: 3 ChangeBit-ChangeBinInt-CMP- DE: "\377\001"-
#4338	REDUCE cov: 779 ft: 1831 corp: 65/5720b lim: 1024 exec/s: 0 rss: 40Mb L: 5/215 MS: 3 ChangeBinInt-ChangeBit-EraseBytes-
#4571	NEW    cov: 779 ft: 1836 corp: 66/5818b lim: 1024 exec/s: 0 rss: 40Mb L: 98/215 MS: 3 ShuffleBytes-ShuffleBytes-ChangeByte-
#4590	NEW    cov: 779 ft: 1844 corp: 67/5916b lim: 1024 exec/s: 0 rss: 40Mb L: 98/215 MS: 4 CopyPart-ChangeBinInt-ChangeByte-CrossOver-
#4838	NEW    cov: 779 ft: 1849 corp: 68/6014b lim: 1024 exec/s: 0 rss: 40Mb L: 98/215 MS: 3 ChangeBinInt-ShuffleBytes-ChangeBit-
#5020	NEW    cov: 780 ft: 1850 corp: 69/6106b lim: 1024 exec/s: 0 rss: 40Mb L: 92/215 MS: 2 ChangeBinInt-ChangeByte-
#5712	NEW    cov: 781 ft: 1862 corp: 70/6198b lim: 1024 exec/s: 0 rss: 41Mb L: 92/215 MS: 2 ShuffleBytes-CrossOver-
#5863	NEW    cov: 781 ft: 1864 corp: 71/6286b lim: 1024 exec/s: 0 rss: 41Mb L: 88/215 MS: 1 ShuffleBytes-
#5865	NEW    cov: 781 ft: 1872 corp: 72/6345b lim: 1024 exec/s: 0 rss: 41Mb L: 59/215 MS: 2 CMP-PersAutoDict- DE: "\001\000{8\353\334\307`"-"\004\000"-
#6060	REDUCE cov: 781 ft: 1872 corp: 72/6339b lim: 1024 exec/s: 0 rss: 41Mb L: 56/215 MS: 5 EraseBytes-PersAutoDict-ChangeByte-PersAutoDict-InsertRepeatedBytes- DE: "\377\017"-"\377\001"-
#6436	REDUCE cov: 781 ft: 1872 corp: 72/6331b lim: 1024 exec/s: 0 rss: 41Mb L: 48/215 MS: 1 EraseBytes-
#6984	REDUCE cov: 781 ft: 1872 corp: 72/6329b lim: 1024 exec/s: 0 rss: 41Mb L: 54/215 MS: 3 PersAutoDict-ChangeBit-EraseBytes- DE: "\377\001"-
#7612	REDUCE cov: 781 ft: 1872 corp: 72/6317b lim: 1024 exec/s: 0 rss: 41Mb L: 48/215 MS: 3 ChangeByte-CrossOver-CopyPart-
#7911	REDUCE cov: 781 ft: 1872 corp: 72/6314b lim: 1024 exec/s: 0 rss: 41Mb L: 212/212 MS: 4 CMP-ChangeBinInt-ChangeBinInt-EraseBytes- DE: "NJ\001"-
#7943	NEW    cov: 781 ft: 1873 corp: 73/6412b lim: 1024 exec/s: 0 rss: 41Mb L: 98/212 MS: 2 ChangeByte-CopyPart-
#8294	NEW    cov: 781 ft: 1895 corp: 74/6512b lim: 1024 exec/s: 0 rss: 41Mb L: 100/212 MS: 1 PersAutoDict- DE: "\004\000"-
#8596	REDUCE cov: 781 ft: 1895 corp: 74/6511b lim: 1024 exec/s: 0 rss: 42Mb L: 4/212 MS: 2 ChangeByte-EraseBytes-
#8753	NEW    cov: 782 ft: 1896 corp: 75/6609b lim: 1024 exec/s: 0 rss: 42Mb L: 98/212 MS: 2 ShuffleBytes-CopyPart-
#8896	REDUCE cov: 782 ft: 1896 corp: 75/6608b lim: 1024 exec/s: 0 rss: 42Mb L: 3/212 MS: 3 ChangeByte-ChangeByte-EraseBytes-
#8948	NEW    cov: 783 ft: 1897 corp: 76/6706b lim: 1024 exec/s: 0 rss: 42Mb L: 98/212 MS: 2 ChangeBit-CopyPart-
#9770	NEW    cov: 784 ft: 1904 corp: 77/6806b lim: 1024 exec/s: 0 rss: 42Mb L: 100/212 MS: 2 PersAutoDict-CopyPart- DE: "\377\017"-
#9952	NEW    cov: 784 ft: 1905 corp: 78/6898b lim: 1024 exec/s: 0 rss: 42Mb L: 92/212 MS: 2 ChangeByte-CMP- DE: "NJ\001"-
#10000	DONE   cov: 784 ft: 1905 corp: 78/6898b lim: 1024 exec/s: 0 rss: 42Mb
###### Recommended dictionary. ######
"\377\017" # Uses: 158
"\256\000\000\000\000\000\000\000" # Uses: 145
"\004\000\000\000" # Uses: 126
"c\247\330\3538{\000\000" # Uses: 110
"\377\377\377\377\377\377\377b" # Uses: 109
"\005\000\000\000" # Uses: 82
"\004\000" # Uses: 75
"\377\001" # Uses: 54
"\001\000{8\353\334\307`" # Uses: 45
"NJ\001" # Uses: 27
###### End of recommended dictionary. ######
Done 10000 runs in 0 second(s)
Join/plan/Relay v1-v2 fuzz PASS (10000 executions)
-- The C compiler identification is GNU 13.3.0
-- Detecting C compiler ABI info
-- Detecting C compiler ABI info - done
-- Check for working C compiler: /usr/bin/cc - skipped
-- Detecting C compile features
-- Detecting C compile features - done
-- Configuring done (0.1s)
-- Generating done (0.0s)
-- Build files have been written to: /tmp/tmp.YVgKgGGJSC/consumer-posix
[1/2] Building C object CMakeFiles/consumer.dir/main.c.o
[2/2] Linking C executable consumer
-- The C compiler identification is GNU 13.3.0
-- Detecting C compiler ABI info
-- Detecting C compiler ABI info - done
-- Check for working C compiler: /usr/bin/cc - skipped
-- Detecting C compile features
-- Detecting C compile features - done
-- Configuring done (0.2s)
-- Generating done (0.0s)
-- Build files have been written to: /tmp/tmp.YVgKgGGJSC/consumer-flash_runtime
[1/2] Building C object CMakeFiles/consumer.dir/main.c.o
[2/2] Linking C executable consumer
Rejected conflicting-backends with expected package diagnostic
Rejected invalid-backend with expected package diagnostic
-- The C compiler identification is GNU 13.3.0
-- Detecting C compiler ABI info
-- Detecting C compiler ABI info - done
-- Check for working C compiler: /usr/bin/cc - skipped
-- Detecting C compile features
-- Detecting C compile features - done
-- Configuring done (0.1s)
-- Generating done (0.0s)
-- Build files have been written to: /tmp/tmp.YVgKgGGJSC/core
[1/41] Building C object CMakeFiles/ninlil_contract.dir/src/ninlil_authorization.c.o
[2/41] Building C object CMakeFiles/ninlil_posix.dir/src/ninlil_collect.c.o
[3/41] Linking C static library libninlil_contract.a
[4/41] Building C object CMakeFiles/ninlil_posix.dir/src/ninlil_custody.c.o
[5/41] Building C object CMakeFiles/ninlil_posix.dir/src/ninlil.c.o
[6/41] Building C object CMakeFiles/ninlil_posix.dir/src/ninlil_group.c.o
[7/41] Building C object CMakeFiles/ninlil_posix.dir/src/ninlil_leaf.c.o
[8/41] Building C object CMakeFiles/ninlil_posix.dir/src/ninlil_profile.c.o
[9/41] Building C object CMakeFiles/ninlil_posix.dir/src/ninlil_policy.c.o
[10/41] Building C object CMakeFiles/ninlil_posix.dir/src/ninlil_receive.c.o
[11/41] Building C object CMakeFiles/ninlil_posix.dir/src/ninlil_replay.c.o
[12/41] Building C object CMakeFiles/ninlil_posix.dir/src/ninlil_storage.c.o
[13/41] Building C object CMakeFiles/ninlil_posix.dir/src/ninlil_send.c.o
[14/41] Building C object CMakeFiles/ninlil_posix.dir/src/ninlil_topology.c.o
[15/41] Building C object CMakeFiles/ninlil_posix.dir/src/ninlil_wire.c.o
[16/41] Building C object CMakeFiles/ninlil_radio_model.dir/src/ninlil_diag.c.o
[17/41] Building C object CMakeFiles/ninlil_radio_model.dir/src/ninlil_radio.c.o
[18/41] Building C object CMakeFiles/ninlil_posix.dir/ports/posix/ninlil_journal.c.o
[19/41] Building C object CMakeFiles/ninlil_radio_model.dir/src/ninlil_rf_profile.c.o
[20/41] Linking C static library libninlil_radio_model.a
[21/41] Linking C static library libninlil_posix.a
[22/41] Building C object CMakeFiles/ninlil_flash_store.dir/ports/flash/ninlil_flash_bank.c.o
[23/41] Building C object CMakeFiles/ninlil_flash_store.dir/ports/flash/ninlil_flash_store.c.o
[24/41] Linking C static library libninlil_flash_store.a
[25/41] Building C object CMakeFiles/ninlil_flash_runtime.dir/src/ninlil_collect.c.o
[26/41] Building C object CMakeFiles/ninlil_security_state.dir/ports/flash/ninlil_security_state.c.o
[27/41] Linking C static library libninlil_security_state.a
[28/41] Building C object CMakeFiles/ninlil_flash_runtime.dir/src/ninlil.c.o
[29/41] Building C object CMakeFiles/ninlil_flash_runtime.dir/src/ninlil_custody.c.o
[30/41] Building C object CMakeFiles/ninlil_flash_runtime.dir/src/ninlil_leaf.c.o
[31/41] Building C object CMakeFiles/ninlil_flash_runtime.dir/src/ninlil_group.c.o
[32/41] Building C object CMakeFiles/ninlil_flash_runtime.dir/src/ninlil_policy.c.o
[33/41] Building C object CMakeFiles/ninlil_flash_runtime.dir/src/ninlil_profile.c.o
[34/41] Building C object CMakeFiles/ninlil_flash_runtime.dir/src/ninlil_receive.c.o
[35/41] Building C object CMakeFiles/ninlil_flash_runtime.dir/src/ninlil_replay.c.o
[36/41] Building C object CMakeFiles/ninlil_flash_runtime.dir/src/ninlil_send.c.o
[37/41] Building C object CMakeFiles/ninlil_flash_runtime.dir/src/ninlil_storage.c.o
[38/41] Building C object CMakeFiles/ninlil_flash_runtime.dir/src/ninlil_topology.c.o
[39/41] Building C object CMakeFiles/ninlil_flash_runtime.dir/src/ninlil_wire.c.o
[40/41] Building C object CMakeFiles/ninlil_flash_runtime.dir/ports/flash/ninlil_flash_journal_file.c.o
[41/41] Linking C static library libninlil_flash_runtime.a
-- The C compiler identification is GNU 13.3.0
-- Detecting C compiler ABI info
-- Detecting C compiler ABI info - done
-- Check for working C compiler: /usr/bin/cc - skipped
-- Detecting C compile features
-- Detecting C compile features - done
-- Configuring done (0.1s)
-- Generating done (0.0s)
-- Build files have been written to: /tmp/tmp.YVgKgGGJSC/core-consumer
[1/2] Building C object CMakeFiles/consumer.dir/main.c.o
[2/2] Linking C executable consumer
Relocated secure POSIX/NOR and Core-only package consumers PASS
Secure protocol/storage libraries (autonomous execution owner counted separately)
Physical lines: 12654; unchanged vendor lines: 3005
First-party nonblank lines: 8331 / 12000
Autonomous owner and reference integration
Physical lines: 5662; unchanged vendor lines: 0
First-party nonblank lines: 5500 / 5500
Storage collection, bulk profile and TX power adaptation
Physical lines: 3421; unchanged vendor lines: 0
First-party nonblank lines: 3364 / 4000
Dynamic enrollment, discovery and deployment settings
Physical lines: 3086; unchanged vendor lines: 0
First-party nonblank lines: 2883 / 3000
Historical evidence (also included in project-wide first-party accounting)
Physical lines: 1956; unchanged vendor lines: 0
First-party nonblank lines: 1856 / 50000
Project first-party source (including historical evidence)
Physical lines: 57200; unchanged vendor lines: 3005
First-party nonblank lines: 49542 / 50000
