Connecting...
Detecting chip type... ESP32-S3
Enabling default SPI flash mode...
Uploading stub flasher...
Running stub flasher...
Stub flasher running.
Configuring flash size...

Writing input at 0x00000000...
SHA digest in image updated.
Flash will be erased from 0x00000000 to 0x00005fff...
Compressed 21088 bytes to 13553...
Wrote 21088 bytes (13553 compressed) at 0x00000000 in 0.3 seconds (530.3 kbit/s).
Verifying written data...
Hash of data verified.

Writing input at 0x00008000...
Flash will be erased from 0x00008000 to 0x00008fff...
Compressed 3072 bytes to 309...
Wrote 3072 bytes (309 compressed) at 0x00008000 in 0.0 seconds (579.6 kbit/s).
Verifying written data...
Hash of data verified.

Writing input at 0x00010000...
Flash will be erased from 0x00010000 to 0x00084fff...
Compressed 476864 bytes to 298399...
Wrote 476864 bytes (298399 compressed) at 0x00010000 in 2.9 seconds (1296.8 kbit/s).
Verifying written data...
Hash of data verified.
Configuring flash size...
SHA digest in image updated.
Verifying 0x5260 (21088) bytes at 0x00000000 in flash against input bytes...
Verification successful (digest matched).
Verifying 0xc00 (3072) bytes at 0x00008000 in flash against input bytes...
Verification successful (digest matched).
Verifying 0x746c0 (476864) bytes at 0x00010000 in flash against input bytes...
Verification successful (digest matched).
VERIFIED_ADDITIVE_IMAGE 1 7f98e75a5b591bb3ded0f1fbafa77255bd5fce34b4bfef4476e847c29eab9da0
Hard resetting via RTS pin...
