backend=posix seed=1
node=1 time=250000 joined=1 peers=3 fault=0 handshake=0/0
clock=1 pending=0/0 prepare=0 apply=0 proof=0 wants=0 ready=0 authority=0 local=0
 contexts 1->2: 1a2e3163501efb428b8e0e3cc80e7445 63d3982e7a67fd785d1dd35b3f4f2243
 contexts 1->3: 8195a1f2d774290340f28b1e0203f571 fe879a2d11da178e340a2da7c475f1c9
 proof 0:000000000000000000000000000000000000000000000000000000000000000000000000000000000000000000000000
 proof 1:000000000000000000000000000000000000000000000000000000000000000000000000000000000000000000000000
 proof 2:000000000000000000000000000000000000000000000000000000000000000000000000000000000000000000000000
 proof 3:000000000000000000000000000000000000000000000000000000000000000000000000000000000000000000000000
 proof 4:000000000000000000000000000000000000000000000000000000000000000000000000000000000000000000000000
 peer=2 attempts=8 delivered=8 bits=255 age=6220 active=1 secure=1 drain=0
 peer=3 attempts=8 delivered=0 bits=0 age=5540 active=1 secure=1 drain=0
 edge=3-2 delivery=8 epoch=1 age=14962
 edge=2-3 delivery=8 epoch=1 age=11737
 edge=3-1 delivery=0 epoch=1 age=21473
 edge=2-1 delivery=8 epoch=1 age=18637
 edge=1-3 delivery=0 epoch=1 age=15662
 edge=1-2 delivery=8 epoch=1 age=16342
node=2 time=250000 joined=1 peers=3 fault=0 handshake=0/0
clock=1 pending=0/0 prepare=0 apply=0 proof=0 wants=0 ready=0 authority=0 local=0
 contexts 2->1: 1a2e3163501efb428b8e0e3cc80e7445 63d3982e7a67fd785d1dd35b3f4f2243
 contexts 2->3: 0941662d9031653237924e48b2f2c1cd 4b5866996752bfb7b916e0deaf5b666a
 peer=1 attempts=8 delivered=8 bits=255 age=8880 active=1 secure=1 drain=0
 peer=3 attempts=8 delivered=8 bits=255 age=2000 active=1 secure=1 drain=0
node=3 time=250000 joined=1 peers=3 fault=0 handshake=0/0
clock=1 pending=0/0 prepare=0 apply=0 proof=0 wants=0 ready=0 authority=0 local=0
 contexts 3->1: 8195a1f2d774290340f28b1e0203f571 fe879a2d11da178e340a2da7c475f1c9
 contexts 3->2: 0941662d9031653237924e48b2f2c1cd 4b5866996752bfb7b916e0deaf5b666a
 peer=1 attempts=8 delivered=0 bits=0 age=960 active=1 secure=1 drain=0
 peer=2 attempts=8 delivered=8 bits=255 age=5360 active=1 secure=1 drain=0
Node scheduling seed: 1
Autonomous sequence 1 restart mode 0 PASS
Autonomous sequence 2 restart mode 4 PASS
Root alone, durable live enrollment, encrypted Relay delivery, epoch fence PASS
backend=posix seed=2
node=1 time=250000 joined=1 peers=3 fault=0 handshake=0/0
clock=1 pending=0/0 prepare=0 apply=0 proof=0 wants=0 ready=0 authority=0 local=0
 contexts 1->2: 5a9b99a17c65ff77f5f3d134ff849b96 c6218c15755c0ce73967bc4e3a50bfcc
 contexts 1->3: d91092cd8456324c440bf4c77cd9fcae 54d0497fbf0b4e333a315c72bccc4833
 proof 0:000000000000000000000000000000000000000000000000000000000000000000000000000000000000000000000000
 proof 1:000000000000000000000000000000000000000000000000000000000000000000000000000000000000000000000000
 proof 2:000000000000000000000000000000000000000000000000000000000000000000000000000000000000000000000000
 proof 3:000000000000000000000000000000000000000000000000000000000000000000000000000000000000000000000000
 proof 4:000000000000000000000000000000000000000000000000000000000000000000000000000000000000000000000000
 peer=2 attempts=8 delivered=8 bits=255 age=7560 active=1 secure=1 drain=0
 peer=3 attempts=8 delivered=0 bits=0 age=3820 active=1 secure=1 drain=0
 edge=2-3 delivery=8 epoch=1 age=12972
 edge=3-2 delivery=8 epoch=1 age=19173
 edge=3-1 delivery=0 epoch=1 age=10768
 edge=1-3 delivery=0 epoch=1 age=13942
 edge=2-1 delivery=8 epoch=1 age=11969
 edge=1-2 delivery=8 epoch=1 age=17682
node=2 time=250000 joined=1 peers=3 fault=0 handshake=0/0
clock=1 pending=0/0 prepare=0 apply=0 proof=0 wants=0 ready=0 authority=0 local=0
 contexts 2->1: 5a9b99a17c65ff77f5f3d134ff849b96 c6218c15755c0ce73967bc4e3a50bfcc
 contexts 2->3: ea08020c31c36cb4340099cb7ecdf9bc d8e10e661e086700a2b5bbb3c90b6740
 peer=1 attempts=8 delivered=8 bits=255 age=2320 active=1 secure=1 drain=0
 peer=3 attempts=8 delivered=8 bits=255 age=3320 active=1 secure=1 drain=0
node=3 time=250000 joined=1 peers=3 fault=0 handshake=0/0
clock=1 pending=0/0 prepare=0 apply=0 proof=0 wants=0 ready=0 authority=0 local=0
 contexts 3->1: d91092cd8456324c440bf4c77cd9fcae 54d0497fbf0b4e333a315c72bccc4833
 contexts 3->2: ea08020c31c36cb4340099cb7ecdf9bc d8e10e661e086700a2b5bbb3c90b6740
 peer=1 attempts=8 delivered=0 bits=0 age=1120 active=1 secure=1 drain=0
 peer=2 attempts=8 delivered=8 bits=255 age=9500 active=1 secure=1 drain=0
Node scheduling seed: 2
Autonomous sequence 1 restart mode 0 PASS
Autonomous sequence 2 restart mode 4 PASS
Root alone, durable live enrollment, encrypted Relay delivery, epoch fence PASS
backend=posix seed=3
node=1 time=250000 joined=1 peers=3 fault=0 handshake=0/0
clock=1 pending=0/0 prepare=0 apply=0 proof=0 wants=0 ready=0 authority=0 local=0
 contexts 1->2: 33468fbe9713a3f5d7645b3c3793aec2 ee8d0d21359198aac15e51e02b58c916
 contexts 1->3: b97a4c1b2223074420c171491cb691f8 4fe71ad1cf598e3c62f241a6dc8d675c
 proof 0:000000000000000000000000000000000000000000000000000000000000000000000000000000000000000000000000
 proof 1:000000000000000000000000000000000000000000000000000000000000000000000000000000000000000000000000
 proof 2:000000000000000000000000000000000000000000000000000000000000000000000000000000000000000000000000
 proof 3:000000000000000000000000000000000000000000000000000000000000000000000000000000000000000000000000
 proof 4:000000000000000000000000000000000000000000000000000000000000000000000000000000000000000000000000
 peer=2 attempts=8 delivered=8 bits=255 age=3500 active=1 secure=1 drain=0
 peer=3 attempts=8 delivered=0 bits=0 age=3000 active=1 secure=1 drain=0
 edge=3-2 delivery=8 epoch=1 age=18328
 edge=2-3 delivery=8 epoch=1 age=12295
 edge=3-1 delivery=0 epoch=1 age=11307
 edge=1-3 delivery=0 epoch=1 age=13122
 edge=2-1 delivery=8 epoch=1 age=15096
 edge=1-2 delivery=8 epoch=1 age=13622
node=2 time=250000 joined=1 peers=3 fault=0 handshake=0/0
clock=1 pending=0/0 prepare=0 apply=0 proof=0 wants=0 ready=0 authority=0 local=0
 contexts 2->1: 33468fbe9713a3f5d7645b3c3793aec2 ee8d0d21359198aac15e51e02b58c916
 contexts 2->3: 10e3d24506a7b9fb50795ffcd81c90f9 726a5d2e6e774ca3d2ba95b8e0ab3ba8
 peer=1 attempts=8 delivered=8 bits=255 age=5020 active=1 secure=1 drain=0
 peer=3 attempts=8 delivered=8 bits=255 age=2500 active=1 secure=1 drain=0
node=3 time=250000 joined=1 peers=3 fault=0 handshake=0/0
clock=1 pending=0/0 prepare=0 apply=0 proof=0 wants=0 ready=0 authority=0 local=0
 contexts 3->1: b97a4c1b2223074420c171491cb691f8 4fe71ad1cf598e3c62f241a6dc8d675c
 contexts 3->2: 10e3d24506a7b9fb50795ffcd81c90f9 726a5d2e6e774ca3d2ba95b8e0ab3ba8
 peer=1 attempts=8 delivered=0 bits=0 age=1280 active=1 secure=1 drain=0
 peer=2 attempts=8 delivered=8 bits=255 age=8280 active=1 secure=1 drain=0
Node scheduling seed: 3
Autonomous sequence 1 restart mode 0 PASS
Autonomous sequence 2 restart mode 4 PASS
Root alone, durable live enrollment, encrypted Relay delivery, epoch fence PASS
backend=posix seed=4
node=1 time=250000 joined=1 peers=3 fault=0 handshake=0/0
clock=1 pending=0/0 prepare=0 apply=0 proof=0 wants=0 ready=0 authority=0 local=0
 contexts 1->2: 6305a92f23b07598f5ebb103053bd51c e5f9d0dedc71d73a5ab294e15d0bae5d
 contexts 1->3: 5f47b92767999082af27754a589e36ab ce19dcc39a83d63368420518ed665d4f
 proof 0:000000000000000000000000000000000000000000000000000000000000000000000000000000000000000000000000
 proof 1:000000000000000000000000000000000000000000000000000000000000000000000000000000000000000000000000
 proof 2:000000000000000000000000000000000000000000000000000000000000000000000000000000000000000000000000
 proof 3:000000000000000000000000000000000000000000000000000000000000000000000000000000000000000000000000
 proof 4:000000000000000000000000000000000000000000000000000000000000000000000000000000000000000000000000
 peer=2 attempts=8 delivered=8 bits=255 age=3220 active=1 secure=1 drain=0
 peer=3 attempts=8 delivered=0 bits=0 age=4360 active=1 secure=1 drain=0
 edge=3-2 delivery=8 epoch=1 age=17736
 edge=2-3 delivery=8 epoch=1 age=17809
 edge=3-1 delivery=0 epoch=1 age=12500
 edge=2-1 delivery=8 epoch=1 age=11936
 edge=1-3 delivery=0 epoch=1 age=14482
 edge=1-2 delivery=8 epoch=1 age=13342
node=2 time=250000 joined=1 peers=3 fault=0 handshake=0/0
clock=1 pending=0/0 prepare=0 apply=0 proof=0 wants=0 ready=0 authority=0 local=0
 contexts 2->1: 6305a92f23b07598f5ebb103053bd51c e5f9d0dedc71d73a5ab294e15d0bae5d
 contexts 2->3: ca44e819555d12938913107e8a2ee0c4 f6440d447f235a198cbbf52f341f70ba
 peer=1 attempts=8 delivered=8 bits=255 age=1820 active=1 secure=1 drain=0
 peer=3 attempts=8 delivered=8 bits=255 age=8160 active=1 secure=1 drain=0
node=3 time=250000 joined=1 peers=3 fault=0 handshake=0/0
clock=1 pending=0/0 prepare=0 apply=0 proof=0 wants=0 ready=0 authority=0 local=0
 contexts 3->1: 5f47b92767999082af27754a589e36ab ce19dcc39a83d63368420518ed665d4f
 contexts 3->2: ca44e819555d12938913107e8a2ee0c4 f6440d447f235a198cbbf52f341f70ba
 peer=1 attempts=8 delivered=0 bits=0 age=2440 active=1 secure=1 drain=0
 peer=2 attempts=8 delivered=8 bits=255 age=7660 active=1 secure=1 drain=0
Node scheduling seed: 4
Autonomous sequence 1 restart mode 0 PASS
Autonomous sequence 2 restart mode 4 PASS
Root alone, durable live enrollment, encrypted Relay delivery, epoch fence PASS
backend=posix seed=5
node=1 time=250000 joined=1 peers=3 fault=0 handshake=0/0
clock=1 pending=0/0 prepare=0 apply=0 proof=0 wants=0 ready=0 authority=0 local=0
 contexts 1->2: 69f8b6c16d90aef5b62953baa3cedd82 231878fe1d928b7552d7f468d3bd7f96
 contexts 1->3: 80672e43ca87735608028ff4f7f3d52f e2b99975201a6ffc63aaf2bdd4e02b83
 proof 0:000000000000000000000000000000000000000000000000000000000000000000000000000000000000000000000000
 proof 1:000000000000000000000000000000000000000000000000000000000000000000000000000000000000000000000000
 proof 2:000000000000000000000000000000000000000000000000000000000000000000000000000000000000000000000000
 proof 3:000000000000000000000000000000000000000000000000000000000000000000000000000000000000000000000000
 proof 4:000000000000000000000000000000000000000000000000000000000000000000000000000000000000000000000000
 peer=2 attempts=8 delivered=8 bits=255 age=5620 active=1 secure=1 drain=0
 peer=3 attempts=8 delivered=0 bits=0 age=2840 active=1 secure=1 drain=0
 edge=2-3 delivery=8 epoch=1 age=15442
 edge=3-2 delivery=8 epoch=1 age=14953
 edge=3-1 delivery=0 epoch=1 age=19418
 edge=2-1 delivery=8 epoch=1 age=20738
 edge=1-3 delivery=0 epoch=1 age=12962
 edge=1-2 delivery=8 epoch=1 age=15742
node=2 time=250000 joined=1 peers=3 fault=0 handshake=0/0
clock=1 pending=0/0 prepare=0 apply=0 proof=0 wants=0 ready=0 authority=0 local=0
 contexts 2->1: 69f8b6c16d90aef5b62953baa3cedd82 231878fe1d928b7552d7f468d3bd7f96
 contexts 2->3: 9ffc036fc56401208f284d5ebca0f6df e9a00992e0dfc8590bd86fa2045c7019
 peer=1 attempts=8 delivered=8 bits=255 age=10640 active=1 secure=1 drain=0
 peer=3 attempts=8 delivered=8 bits=255 age=5360 active=1 secure=1 drain=0
node=3 time=250000 joined=1 peers=3 fault=0 handshake=0/0
clock=1 pending=0/0 prepare=0 apply=0 proof=0 wants=0 ready=0 authority=0 local=0
 contexts 3->1: 80672e43ca87735608028ff4f7f3d52f e2b99975201a6ffc63aaf2bdd4e02b83
 contexts 3->2: 9ffc036fc56401208f284d5ebca0f6df e9a00992e0dfc8590bd86fa2045c7019
 peer=1 attempts=8 delivered=0 bits=0 age=9360 active=1 secure=1 drain=0
 peer=2 attempts=8 delivered=8 bits=255 age=4860 active=1 secure=1 drain=0
Node scheduling seed: 5
Autonomous sequence 1 restart mode 0 PASS
Autonomous sequence 2 restart mode 4 PASS
Root alone, durable live enrollment, encrypted Relay delivery, epoch fence PASS
backend=posix seed=6
node=1 time=250000 joined=1 peers=3 fault=0 handshake=0/0
clock=1 pending=0/0 prepare=0 apply=0 proof=0 wants=0 ready=0 authority=0 local=0
 contexts 1->2: 2372916be08db70d600993cb95ceeab8 e9cf175987d677468efbc1bf33be9da8
 contexts 1->3: b5b47e8c6ef5285674f8d93a1f70f204 0e5e78c4d73d1d19c0408eea84c8af25
 proof 0:000000000000000000000000000000000000000000000000000000000000000000000000000000000000000000000000
 proof 1:000000000000000000000000000000000000000000000000000000000000000000000000000000000000000000000000
 proof 2:000000000000000000000000000000000000000000000000000000000000000000000000000000000000000000000000
 proof 3:000000000000000000000000000000000000000000000000000000000000000000000000000000000000000000000000
 proof 4:000000000000000000000000000000000000000000000000000000000000000000000000000000000000000000000000
 peer=2 attempts=8 delivered=8 bits=255 age=7100 active=1 secure=1 drain=0
 peer=3 attempts=8 delivered=0 bits=0 age=10060 active=1 secure=1 drain=0
 edge=3-2 delivery=8 epoch=1 age=14056
 edge=2-3 delivery=8 epoch=1 age=16687
 edge=1-3 delivery=0 epoch=1 age=20182
 edge=3-1 delivery=0 epoch=1 age=11408
 edge=2-1 delivery=8 epoch=1 age=12595
 edge=1-2 delivery=8 epoch=1 age=17222
node=2 time=250000 joined=1 peers=3 fault=0 handshake=0/0
clock=1 pending=0/0 prepare=0 apply=0 proof=0 wants=0 ready=0 authority=0 local=0
 contexts 2->1: 2372916be08db70d600993cb95ceeab8 e9cf175987d677468efbc1bf33be9da8
 contexts 2->3: 67ee9865c52f62901aa3b1ad1cf4b9a9 b44fb0c5f6e51a1ba18dd8845dbcb163
 peer=1 attempts=8 delivered=8 bits=255 age=2520 active=1 secure=1 drain=0
 peer=3 attempts=8 delivered=8 bits=255 age=6600 active=1 secure=1 drain=0
node=3 time=250000 joined=1 peers=3 fault=0 handshake=0/0
clock=1 pending=0/0 prepare=0 apply=0 proof=0 wants=0 ready=0 authority=0 local=0
 contexts 3->1: b5b47e8c6ef5285674f8d93a1f70f204 0e5e78c4d73d1d19c0408eea84c8af25
 contexts 3->2: 67ee9865c52f62901aa3b1ad1cf4b9a9 b44fb0c5f6e51a1ba18dd8845dbcb163
 peer=1 attempts=8 delivered=0 bits=0 age=2620 active=1 secure=1 drain=0
 peer=2 attempts=8 delivered=8 bits=255 age=5260 active=1 secure=1 drain=0
Node scheduling seed: 6
Autonomous sequence 1 restart mode 0 PASS
Autonomous sequence 2 restart mode 4 PASS
Root alone, durable live enrollment, encrypted Relay delivery, epoch fence PASS
backend=flash_runtime seed=1
node=1 time=250000 joined=1 peers=3 fault=0 handshake=0/0
clock=1 pending=0/0 prepare=0 apply=0 proof=0 wants=0 ready=0 authority=0 local=0
 contexts 1->2: edf572784e95ad7cbffcff7fe57f3c5a b09653ac2adf695809a9047c6906eb9f
 contexts 1->3: 3db116240266ba817106aa12c0dc073b da79664e07acb250d1595db8d4596a3b
 proof 0:000000000000000000000000000000000000000000000000000000000000000000000000000000000000000000000000
 proof 1:000000000000000000000000000000000000000000000000000000000000000000000000000000000000000000000000
 proof 2:000000000000000000000000000000000000000000000000000000000000000000000000000000000000000000000000
 proof 3:000000000000000000000000000000000000000000000000000000000000000000000000000000000000000000000000
 proof 4:000000000000000000000000000000000000000000000000000000000000000000000000000000000000000000000000
 peer=2 attempts=8 delivered=8 bits=255 age=6220 active=1 secure=1 drain=0
 peer=3 attempts=8 delivered=0 bits=0 age=5540 active=1 secure=1 drain=0
 edge=3-2 delivery=8 epoch=1 age=14962
 edge=2-3 delivery=8 epoch=1 age=11737
 edge=3-1 delivery=0 epoch=1 age=21473
 edge=2-1 delivery=8 epoch=1 age=18637
 edge=1-3 delivery=0 epoch=1 age=15662
 edge=1-2 delivery=8 epoch=1 age=16342
node=2 time=250000 joined=1 peers=3 fault=0 handshake=0/0
clock=1 pending=0/0 prepare=0 apply=0 proof=0 wants=0 ready=0 authority=0 local=0
 contexts 2->1: edf572784e95ad7cbffcff7fe57f3c5a b09653ac2adf695809a9047c6906eb9f
 contexts 2->3: 52bbb3d330f43061d2fe2df2f99c2b38 f47b70c6fbf59747bdfcb431cd14576c
 peer=1 attempts=8 delivered=8 bits=255 age=8880 active=1 secure=1 drain=0
 peer=3 attempts=8 delivered=8 bits=255 age=2000 active=1 secure=1 drain=0
node=3 time=250000 joined=1 peers=3 fault=0 handshake=0/0
clock=1 pending=0/0 prepare=0 apply=0 proof=0 wants=0 ready=0 authority=0 local=0
 contexts 3->1: 3db116240266ba817106aa12c0dc073b da79664e07acb250d1595db8d4596a3b
 contexts 3->2: 52bbb3d330f43061d2fe2df2f99c2b38 f47b70c6fbf59747bdfcb431cd14576c
 peer=1 attempts=8 delivered=0 bits=0 age=960 active=1 secure=1 drain=0
 peer=2 attempts=8 delivered=8 bits=255 age=5360 active=1 secure=1 drain=0
Node scheduling seed: 1
Autonomous sequence 1 restart mode 0 PASS
Autonomous sequence 2 restart mode 4 PASS
Root alone, durable live enrollment, encrypted Relay delivery, epoch fence PASS
backend=flash_runtime seed=2
node=1 time=250000 joined=1 peers=3 fault=0 handshake=0/0
clock=1 pending=0/0 prepare=0 apply=0 proof=0 wants=0 ready=0 authority=0 local=0
 contexts 1->2: bd0807c18ec15f931baf7e719b3c6b92 945e798dba4bd97bd0d4babcda6faa5f
 contexts 1->3: e3eef4434da0c56fafefdb8cc87edaab d1c3896bc8b45a14d3c47fa79a42ab76
 proof 0:000000000000000000000000000000000000000000000000000000000000000000000000000000000000000000000000
 proof 1:000000000000000000000000000000000000000000000000000000000000000000000000000000000000000000000000
 proof 2:000000000000000000000000000000000000000000000000000000000000000000000000000000000000000000000000
 proof 3:000000000000000000000000000000000000000000000000000000000000000000000000000000000000000000000000
 proof 4:000000000000000000000000000000000000000000000000000000000000000000000000000000000000000000000000
 peer=2 attempts=8 delivered=8 bits=255 age=7560 active=1 secure=1 drain=0
 peer=3 attempts=8 delivered=0 bits=0 age=3820 active=1 secure=1 drain=0
 edge=2-3 delivery=8 epoch=1 age=12972
 edge=3-2 delivery=8 epoch=1 age=19173
 edge=3-1 delivery=0 epoch=1 age=10768
 edge=1-3 delivery=0 epoch=1 age=13942
 edge=2-1 delivery=8 epoch=1 age=11969
 edge=1-2 delivery=8 epoch=1 age=17682
node=2 time=250000 joined=1 peers=3 fault=0 handshake=0/0
clock=1 pending=0/0 prepare=0 apply=0 proof=0 wants=0 ready=0 authority=0 local=0
 contexts 2->1: bd0807c18ec15f931baf7e719b3c6b92 945e798dba4bd97bd0d4babcda6faa5f
 contexts 2->3: d68ab103c4dcf1e29e9abb49bd41fba8 9ae2913b87de5185a74e900a608295e5
 peer=1 attempts=8 delivered=8 bits=255 age=2320 active=1 secure=1 drain=0
 peer=3 attempts=8 delivered=8 bits=255 age=3320 active=1 secure=1 drain=0
node=3 time=250000 joined=1 peers=3 fault=0 handshake=0/0
clock=1 pending=0/0 prepare=0 apply=0 proof=0 wants=0 ready=0 authority=0 local=0
 contexts 3->1: e3eef4434da0c56fafefdb8cc87edaab d1c3896bc8b45a14d3c47fa79a42ab76
 contexts 3->2: d68ab103c4dcf1e29e9abb49bd41fba8 9ae2913b87de5185a74e900a608295e5
 peer=1 attempts=8 delivered=0 bits=0 age=1120 active=1 secure=1 drain=0
 peer=2 attempts=8 delivered=8 bits=255 age=9500 active=1 secure=1 drain=0
Node scheduling seed: 2
Autonomous sequence 1 restart mode 0 PASS
Autonomous sequence 2 restart mode 4 PASS
Root alone, durable live enrollment, encrypted Relay delivery, epoch fence PASS
backend=flash_runtime seed=3
node=1 time=250000 joined=1 peers=3 fault=0 handshake=0/0
clock=1 pending=0/0 prepare=0 apply=0 proof=0 wants=0 ready=0 authority=0 local=0
 contexts 1->2: 3d36a42702ac750eecf285a0bd51da05 f17ebff9b1f2ccf1709cb8ecb32e5baa
 contexts 1->3: c7562c5ae1d9f21322bf6161f852cbb6 588c099158df85d48c173620cc24ab61
 proof 0:000000000000000000000000000000000000000000000000000000000000000000000000000000000000000000000000
 proof 1:000000000000000000000000000000000000000000000000000000000000000000000000000000000000000000000000
 proof 2:000000000000000000000000000000000000000000000000000000000000000000000000000000000000000000000000
 proof 3:000000000000000000000000000000000000000000000000000000000000000000000000000000000000000000000000
 proof 4:000000000000000000000000000000000000000000000000000000000000000000000000000000000000000000000000
 peer=2 attempts=8 delivered=8 bits=255 age=3500 active=1 secure=1 drain=0
 peer=3 attempts=8 delivered=0 bits=0 age=3000 active=1 secure=1 drain=0
 edge=3-2 delivery=8 epoch=1 age=18328
 edge=2-3 delivery=8 epoch=1 age=12295
 edge=3-1 delivery=0 epoch=1 age=11307
 edge=1-3 delivery=0 epoch=1 age=13122
 edge=2-1 delivery=8 epoch=1 age=15096
 edge=1-2 delivery=8 epoch=1 age=13622
node=2 time=250000 joined=1 peers=3 fault=0 handshake=0/0
clock=1 pending=0/0 prepare=0 apply=0 proof=0 wants=0 ready=0 authority=0 local=0
 contexts 2->1: 3d36a42702ac750eecf285a0bd51da05 f17ebff9b1f2ccf1709cb8ecb32e5baa
 contexts 2->3: 381bc389a10f43c1024c295c29123f1e 076ede9dc9c65113f22e72b5d032f752
 peer=1 attempts=8 delivered=8 bits=255 age=5020 active=1 secure=1 drain=0
 peer=3 attempts=8 delivered=8 bits=255 age=2500 active=1 secure=1 drain=0
node=3 time=250000 joined=1 peers=3 fault=0 handshake=0/0
clock=1 pending=0/0 prepare=0 apply=0 proof=0 wants=0 ready=0 authority=0 local=0
 contexts 3->1: c7562c5ae1d9f21322bf6161f852cbb6 588c099158df85d48c173620cc24ab61
 contexts 3->2: 381bc389a10f43c1024c295c29123f1e 076ede9dc9c65113f22e72b5d032f752
 peer=1 attempts=8 delivered=0 bits=0 age=1280 active=1 secure=1 drain=0
 peer=2 attempts=8 delivered=8 bits=255 age=8280 active=1 secure=1 drain=0
Node scheduling seed: 3
Autonomous sequence 1 restart mode 0 PASS
Autonomous sequence 2 restart mode 4 PASS
Root alone, durable live enrollment, encrypted Relay delivery, epoch fence PASS
backend=flash_runtime seed=4
node=1 time=250000 joined=1 peers=3 fault=0 handshake=0/0
clock=1 pending=0/0 prepare=0 apply=0 proof=0 wants=0 ready=0 authority=0 local=0
 contexts 1->2: d5415d46addf955457f4b2233290b9f2 d46b043011622432b9f00e84dacd6910
 contexts 1->3: 71e3b20cb43c7b246c5e9dcff00acb4d 6ccabd86fcf5ec970d2cc091befd4156
 proof 0:000000000000000000000000000000000000000000000000000000000000000000000000000000000000000000000000
 proof 1:000000000000000000000000000000000000000000000000000000000000000000000000000000000000000000000000
 proof 2:000000000000000000000000000000000000000000000000000000000000000000000000000000000000000000000000
 proof 3:000000000000000000000000000000000000000000000000000000000000000000000000000000000000000000000000
 proof 4:000000000000000000000000000000000000000000000000000000000000000000000000000000000000000000000000
 peer=2 attempts=8 delivered=8 bits=255 age=3220 active=1 secure=1 drain=0
 peer=3 attempts=8 delivered=0 bits=0 age=4360 active=1 secure=1 drain=0
 edge=3-2 delivery=8 epoch=1 age=17736
 edge=2-3 delivery=8 epoch=1 age=17809
 edge=3-1 delivery=0 epoch=1 age=12500
 edge=2-1 delivery=8 epoch=1 age=11936
 edge=1-3 delivery=0 epoch=1 age=14482
 edge=1-2 delivery=8 epoch=1 age=13342
node=2 time=250000 joined=1 peers=3 fault=0 handshake=0/0
clock=1 pending=0/0 prepare=0 apply=0 proof=0 wants=0 ready=0 authority=0 local=0
 contexts 2->1: d5415d46addf955457f4b2233290b9f2 d46b043011622432b9f00e84dacd6910
 contexts 2->3: e443b895110937be3d31550c60d22284 082fb9da8e52984534a4d002420a9c1e
 peer=1 attempts=8 delivered=8 bits=255 age=1820 active=1 secure=1 drain=0
 peer=3 attempts=8 delivered=8 bits=255 age=8160 active=1 secure=1 drain=0
node=3 time=250000 joined=1 peers=3 fault=0 handshake=0/0
clock=1 pending=0/0 prepare=0 apply=0 proof=0 wants=0 ready=0 authority=0 local=0
 contexts 3->1: 71e3b20cb43c7b246c5e9dcff00acb4d 6ccabd86fcf5ec970d2cc091befd4156
 contexts 3->2: e443b895110937be3d31550c60d22284 082fb9da8e52984534a4d002420a9c1e
 peer=1 attempts=8 delivered=0 bits=0 age=2440 active=1 secure=1 drain=0
 peer=2 attempts=8 delivered=8 bits=255 age=7660 active=1 secure=1 drain=0
Node scheduling seed: 4
Autonomous sequence 1 restart mode 0 PASS
Autonomous sequence 2 restart mode 4 PASS
Root alone, durable live enrollment, encrypted Relay delivery, epoch fence PASS
backend=flash_runtime seed=5
node=1 time=250000 joined=1 peers=3 fault=0 handshake=0/0
clock=1 pending=0/0 prepare=0 apply=0 proof=0 wants=0 ready=0 authority=0 local=0
 contexts 1->2: dbf3211dad0e641441cb3a529250ca01 42f4aed5b10e237b6570cff691204a83
 contexts 1->3: 8bc0554ae8159c044dd6787a5948bfcc ffe207ad5335713a6263cf9ae14d12eb
 proof 0:000000000000000000000000000000000000000000000000000000000000000000000000000000000000000000000000
 proof 1:000000000000000000000000000000000000000000000000000000000000000000000000000000000000000000000000
 proof 2:000000000000000000000000000000000000000000000000000000000000000000000000000000000000000000000000
 proof 3:000000000000000000000000000000000000000000000000000000000000000000000000000000000000000000000000
 proof 4:000000000000000000000000000000000000000000000000000000000000000000000000000000000000000000000000
 peer=2 attempts=8 delivered=8 bits=255 age=5620 active=1 secure=1 drain=0
 peer=3 attempts=8 delivered=0 bits=0 age=2840 active=1 secure=1 drain=0
 edge=2-3 delivery=8 epoch=1 age=15442
 edge=3-2 delivery=8 epoch=1 age=14953
 edge=3-1 delivery=0 epoch=1 age=19418
 edge=2-1 delivery=8 epoch=1 age=20738
 edge=1-3 delivery=0 epoch=1 age=12962
 edge=1-2 delivery=8 epoch=1 age=15742
node=2 time=250000 joined=1 peers=3 fault=0 handshake=0/0
clock=1 pending=0/0 prepare=0 apply=0 proof=0 wants=0 ready=0 authority=0 local=0
 contexts 2->1: dbf3211dad0e641441cb3a529250ca01 42f4aed5b10e237b6570cff691204a83
 contexts 2->3: 4f687e71d1b41c8b0d870412024b99b9 a4a9620e436e67d13832430c7a35817d
 peer=1 attempts=8 delivered=8 bits=255 age=10640 active=1 secure=1 drain=0
 peer=3 attempts=8 delivered=8 bits=255 age=5360 active=1 secure=1 drain=0
node=3 time=250000 joined=1 peers=3 fault=0 handshake=0/0
clock=1 pending=0/0 prepare=0 apply=0 proof=0 wants=0 ready=0 authority=0 local=0
 contexts 3->1: 8bc0554ae8159c044dd6787a5948bfcc ffe207ad5335713a6263cf9ae14d12eb
 contexts 3->2: 4f687e71d1b41c8b0d870412024b99b9 a4a9620e436e67d13832430c7a35817d
 peer=1 attempts=8 delivered=0 bits=0 age=9360 active=1 secure=1 drain=0
 peer=2 attempts=8 delivered=8 bits=255 age=4860 active=1 secure=1 drain=0
Node scheduling seed: 5
Autonomous sequence 1 restart mode 0 PASS
Autonomous sequence 2 restart mode 4 PASS
Root alone, durable live enrollment, encrypted Relay delivery, epoch fence PASS
backend=flash_runtime seed=6
node=1 time=250000 joined=1 peers=3 fault=0 handshake=0/0
clock=1 pending=0/0 prepare=0 apply=0 proof=0 wants=0 ready=0 authority=0 local=0
 contexts 1->2: ba17a05481b371481fc21e15601c17a0 3ee0003fc8d79bc1b43b125b0a503c63
 contexts 1->3: b12f3bf02f82085a6d315c68b99b014c d7c0afa9543cd5f3cc88268283c0fa7b
 proof 0:000000000000000000000000000000000000000000000000000000000000000000000000000000000000000000000000
 proof 1:000000000000000000000000000000000000000000000000000000000000000000000000000000000000000000000000
 proof 2:000000000000000000000000000000000000000000000000000000000000000000000000000000000000000000000000
 proof 3:000000000000000000000000000000000000000000000000000000000000000000000000000000000000000000000000
 proof 4:000000000000000000000000000000000000000000000000000000000000000000000000000000000000000000000000
 peer=2 attempts=8 delivered=8 bits=255 age=7100 active=1 secure=1 drain=0
 peer=3 attempts=8 delivered=0 bits=0 age=10060 active=1 secure=1 drain=0
 edge=3-2 delivery=8 epoch=1 age=14056
 edge=2-3 delivery=8 epoch=1 age=16687
 edge=1-3 delivery=0 epoch=1 age=20182
 edge=3-1 delivery=0 epoch=1 age=11408
 edge=2-1 delivery=8 epoch=1 age=12595
 edge=1-2 delivery=8 epoch=1 age=17222
node=2 time=250000 joined=1 peers=3 fault=0 handshake=0/0
clock=1 pending=0/0 prepare=0 apply=0 proof=0 wants=0 ready=0 authority=0 local=0
 contexts 2->1: ba17a05481b371481fc21e15601c17a0 3ee0003fc8d79bc1b43b125b0a503c63
 contexts 2->3: cd6c4be9caaa52f6b057a975df21d3e7 90a251df444aabd2d2091916a97001b0
 peer=1 attempts=8 delivered=8 bits=255 age=2520 active=1 secure=1 drain=0
 peer=3 attempts=8 delivered=8 bits=255 age=6600 active=1 secure=1 drain=0
node=3 time=250000 joined=1 peers=3 fault=0 handshake=0/0
clock=1 pending=0/0 prepare=0 apply=0 proof=0 wants=0 ready=0 authority=0 local=0
 contexts 3->1: b12f3bf02f82085a6d315c68b99b014c d7c0afa9543cd5f3cc88268283c0fa7b
 contexts 3->2: cd6c4be9caaa52f6b057a975df21d3e7 90a251df444aabd2d2091916a97001b0
 peer=1 attempts=8 delivered=0 bits=0 age=2620 active=1 secure=1 drain=0
 peer=2 attempts=8 delivered=8 bits=255 age=5260 active=1 secure=1 drain=0
Node scheduling seed: 6
Autonomous sequence 1 restart mode 0 PASS
Autonomous sequence 2 restart mode 4 PASS
Root alone, durable live enrollment, encrypted Relay delivery, epoch fence PASS
