Internal ctest changing into directory: /tmp/ninlil-oss-final/gcc
Test project /tmp/ninlil-oss-final/gcc
      Start  4: collection_posix
 1/24 Test  #4: collection_posix ...........................   Passed    4.43 sec
      Start  5: collection_flash_runtime
 2/24 Test  #5: collection_flash_runtime ...................   Passed    6.12 sec
      Start  7: posix_collection_publication
 3/24 Test  #7: posix_collection_publication ...............   Passed    0.02 sec
      Start 11: flash_collection_cuts
 4/24 Test #11: flash_collection_cuts ......................   Passed    0.00 sec
      Start 41: field_replacement_posix
 5/24 Test #41: field_replacement_posix ....................   Passed    1.53 sec
      Start 42: autonomous_node_posix
 6/24 Test #42: autonomous_node_posix ......................   Passed    2.85 sec
      Start 43: enrollment_posix
 7/24 Test #43: enrollment_posix ...........................   Passed    4.52 sec
      Start 44: discovery_posix
 8/24 Test #44: discovery_posix ............................   Passed    4.68 sec
      Start 45: discovery_slow_posix
 9/24 Test #45: discovery_slow_posix .......................   Passed    4.99 sec
      Start 46: autonomous_overheard_posix
10/24 Test #46: autonomous_overheard_posix .................   Passed    1.72 sec
      Start 47: autonomous_root_relay_posix
11/24 Test #47: autonomous_root_relay_posix ................   Passed    1.83 sec
      Start 48: autonomous_join_ack_loss_posix
12/24 Test #48: autonomous_join_ack_loss_posix .............   Passed    1.97 sec
      Start 49: autonomous_bounded_radio_posix
13/24 Test #49: autonomous_bounded_radio_posix .............   Passed    2.04 sec
      Start 50: autonomous_sustained_radio_posix
14/24 Test #50: autonomous_sustained_radio_posix ...........   Passed    1.93 sec
      Start 52: field_replacement_flash_runtime
15/24 Test #52: field_replacement_flash_runtime ............   Passed    1.66 sec
      Start 53: autonomous_node_flash_runtime
16/24 Test #53: autonomous_node_flash_runtime ..............   Passed    3.18 sec
      Start 54: enrollment_flash_runtime
17/24 Test #54: enrollment_flash_runtime ...................   Passed    4.94 sec
      Start 55: discovery_flash_runtime
18/24 Test #55: discovery_flash_runtime ....................   Passed    4.79 sec
      Start 56: discovery_slow_flash_runtime
19/24 Test #56: discovery_slow_flash_runtime ...............   Passed    4.96 sec
      Start 57: autonomous_overheard_flash_runtime
20/24 Test #57: autonomous_overheard_flash_runtime .........   Passed    2.16 sec
      Start 58: autonomous_root_relay_flash_runtime
21/24 Test #58: autonomous_root_relay_flash_runtime ........   Passed    2.19 sec
      Start 59: autonomous_join_ack_loss_flash_runtime
22/24 Test #59: autonomous_join_ack_loss_flash_runtime .....   Passed    2.04 sec
      Start 60: autonomous_bounded_radio_flash_runtime
23/24 Test #60: autonomous_bounded_radio_flash_runtime .....   Passed    2.03 sec
      Start 61: autonomous_sustained_radio_flash_runtime
24/24 Test #61: autonomous_sustained_radio_flash_runtime ...   Passed    2.56 sec

100% tests passed, 0 tests failed out of 24

Total Test time (real) =  69.18 sec
