node=1 time=250000 joined=1 peers=3 fault=0 handshake=0/0
clock=1 pending=0/0 prepare=0 apply=0 proof=0 wants=0 ready=0 authority=0 local=0
 contexts 1->2: 63a8789bfcec1c317324dff0654f9c6a d75b708d0b7795f195ccf91eb90adeab
 contexts 1->3: 0a1a9b6ba16d817beb759251e429b999 6669ec02ea7fef2612925e4330a93861
 proof 0:000000000000000000000000000000000000000000000000000000000000000000000000000000000000000000000000
 proof 1:000000000000000000000000000000000000000000000000000000000000000000000000000000000000000000000000
 proof 2:000000000000000000000000000000000000000000000000000000000000000000000000000000000000000000000000
 proof 3:000000000000000000000000000000000000000000000000000000000000000000000000000000000000000000000000
 proof 4:000000000000000000000000000000000000000000000000000000000000000000000000000000000000000000000000
 peer=2 attempts=8 delivered=8 bits=255 age=6660 active=1 secure=1 drain=0
 peer=3 attempts=8 delivered=0 bits=0 age=5040 active=1 secure=1 drain=0
 edge=3-2 delivery=8 epoch=1 age=20856
 edge=3-1 delivery=0 epoch=1 age=14115
 edge=2-1 delivery=8 epoch=1 age=18278
 edge=2-3 delivery=8 epoch=1 age=12350
 edge=1-3 delivery=0 epoch=1 age=15162
 edge=1-2 delivery=8 epoch=1 age=16782
node=2 time=250000 joined=1 peers=3 fault=0 handshake=0/0
clock=1 pending=0/0 prepare=0 apply=0 proof=0 wants=0 ready=0 authority=0 local=0
 contexts 2->1: 63a8789bfcec1c317324dff0654f9c6a d75b708d0b7795f195ccf91eb90adeab
 contexts 2->3: e4589f9c1f35c81e4ce8e58e3cfff5df 78afa639a77368774a3ae488377e167e
 peer=1 attempts=8 delivered=8 bits=255 age=8180 active=1 secure=1 drain=0
 peer=3 attempts=8 delivered=8 bits=255 age=2240 active=1 secure=1 drain=0
node=3 time=250000 joined=1 peers=3 fault=0 handshake=0/0
clock=1 pending=0/0 prepare=0 apply=0 proof=0 wants=0 ready=0 authority=0 local=0
 contexts 3->1: 0a1a9b6ba16d817beb759251e429b999 6669ec02ea7fef2612925e4330a93861
 contexts 3->2: e4589f9c1f35c81e4ce8e58e3cfff5df 78afa639a77368774a3ae488377e167e
 peer=1 attempts=8 delivered=0 bits=0 age=4260 active=1 secure=1 drain=0
 peer=2 attempts=8 delivered=8 bits=255 age=100 active=1 secure=1 drain=0
Node scheduling seed: 1
Autonomous sequence 1 restart mode 0 PASS
Autonomous sequence 2 restart mode 4 PASS
Root alone, durable live enrollment, encrypted Relay delivery, epoch fence PASS
node=1 time=250000 joined=1 peers=3 fault=0 handshake=0/0
clock=1 pending=0/0 prepare=0 apply=0 proof=0 wants=0 ready=0 authority=0 local=0
 contexts 1->2: c4fa810fd364a959660552c46537607e 7db9407c985025560a09e2696fe82815
 contexts 1->3: 8e2f19ed9c50f50c9a74bf355381af38 f9e3230a5233c46b392269da5d76fc3d
 proof 0:000000000000000000000000000000000000000000000000000000000000000000000000000000000000000000000000
 proof 1:000000000000000000000000000000000000000000000000000000000000000000000000000000000000000000000000
 proof 2:000000000000000000000000000000000000000000000000000000000000000000000000000000000000000000000000
 proof 3:000000000000000000000000000000000000000000000000000000000000000000000000000000000000000000000000
 proof 4:000000000000000000000000000000000000000000000000000000000000000000000000000000000000000000000000
 peer=2 attempts=8 delivered=8 bits=255 age=4980 active=1 secure=1 drain=0
 peer=3 attempts=8 delivered=0 bits=0 age=6120 active=1 secure=1 drain=0
 edge=2-3 delivery=8 epoch=1 age=13915
 edge=3-2 delivery=8 epoch=1 age=20333
 edge=3-1 delivery=0 epoch=1 age=20834
 edge=2-1 delivery=8 epoch=1 age=13253
 edge=1-3 delivery=0 epoch=1 age=16242
 edge=1-2 delivery=8 epoch=1 age=15102
node=2 time=250000 joined=1 peers=3 fault=0 handshake=0/0
clock=1 pending=0/0 prepare=0 apply=0 proof=0 wants=0 ready=0 authority=0 local=0
 contexts 2->1: c4fa810fd364a959660552c46537607e 7db9407c985025560a09e2696fe82815
 contexts 2->3: 119def4970140d11146ef41d608cdf1a 2326ad4f5f73c2c78967418f02916bdf
 peer=1 attempts=8 delivered=8 bits=255 age=3320 active=1 secure=1 drain=0
 peer=3 attempts=8 delivered=8 bits=255 age=3980 active=1 secure=1 drain=0
node=3 time=250000 joined=1 peers=3 fault=0 handshake=0/0
clock=1 pending=0/0 prepare=0 apply=0 proof=0 wants=0 ready=0 authority=0 local=0
 contexts 3->1: 8e2f19ed9c50f50c9a74bf355381af38 f9e3230a5233c46b392269da5d76fc3d
 contexts 3->2: 119def4970140d11146ef41d608cdf1a 2326ad4f5f73c2c78967418f02916bdf
 peer=1 attempts=8 delivered=0 bits=0 age=10740 active=1 secure=1 drain=0
 peer=2 attempts=8 delivered=8 bits=255 age=10240 active=1 secure=1 drain=0
Node scheduling seed: 2
Autonomous sequence 1 restart mode 0 PASS
Autonomous sequence 2 restart mode 4 PASS
Root alone, durable live enrollment, encrypted Relay delivery, epoch fence PASS
node=1 time=250000 joined=1 peers=3 fault=0 handshake=0/0
clock=1 pending=0/0 prepare=0 apply=0 proof=0 wants=0 ready=0 authority=0 local=0
 contexts 1->2: e1c670f6470d5dfb9306cc7a4b05cc35 ce8301c4b36c8814b57257df3b976a18
 contexts 1->3: 44b54144c4ed8991fe191e428aaaa4f5 e0033eb6cff9447075d9fc1d698ac9b7
 proof 0:000000000000000000000000000000000000000000000000000000000000000000000000000000000000000000000000
 proof 1:000000000000000000000000000000000000000000000000000000000000000000000000000000000000000000000000
 proof 2:000000000000000000000000000000000000000000000000000000000000000000000000000000000000000000000000
 proof 3:000000000000000000000000000000000000000000000000000000000000000000000000000000000000000000000000
 proof 4:000000000000000000000000000000000000000000000000000000000000000000000000000000000000000000000000
 peer=2 attempts=8 delivered=8 bits=255 age=5180 active=1 secure=1 drain=0
 peer=3 attempts=8 delivered=0 bits=0 age=3540 active=1 secure=1 drain=0
 edge=3-2 delivery=8 epoch=1 age=18093
 edge=3-1 delivery=0 epoch=1 age=21672
 edge=2-3 delivery=8 epoch=1 age=15755
 edge=2-1 delivery=8 epoch=1 age=12846
 edge=1-3 delivery=0 epoch=1 age=13662
 edge=1-2 delivery=8 epoch=1 age=15302
node=2 time=250000 joined=1 peers=3 fault=0 handshake=0/0
clock=1 pending=0/0 prepare=0 apply=0 proof=0 wants=0 ready=0 authority=0 local=0
 contexts 2->1: e1c670f6470d5dfb9306cc7a4b05cc35 ce8301c4b36c8814b57257df3b976a18
 contexts 2->3: 3461cfa0741c05413f9e0606220f3119 99004c9be05973d8622a529781a39e88
 peer=1 attempts=8 delivered=8 bits=255 age=3080 active=1 secure=1 drain=0
 peer=3 attempts=8 delivered=8 bits=255 age=5980 active=1 secure=1 drain=0
node=3 time=250000 joined=1 peers=3 fault=0 handshake=0/0
clock=1 pending=0/0 prepare=0 apply=0 proof=0 wants=0 ready=0 authority=0 local=0
 contexts 3->1: 44b54144c4ed8991fe191e428aaaa4f5 e0033eb6cff9447075d9fc1d698ac9b7
 contexts 3->2: 3461cfa0741c05413f9e0606220f3119 99004c9be05973d8622a529781a39e88
 peer=1 attempts=8 delivered=0 bits=0 age=1060 active=1 secure=1 drain=0
 peer=2 attempts=8 delivered=8 bits=255 age=8500 active=1 secure=1 drain=0
Node scheduling seed: 3
Autonomous sequence 1 restart mode 0 PASS
Autonomous sequence 2 restart mode 4 PASS
Root alone, durable live enrollment, encrypted Relay delivery, epoch fence PASS
node=1 time=250000 joined=1 peers=3 fault=0 handshake=0/0
clock=1 pending=0/0 prepare=0 apply=0 proof=0 wants=0 ready=0 authority=0 local=0
 contexts 1->2: a3804872e93d5f9450615b0e790f7f97 8070d572259f9bc0b8e19cd0292d3f82
 contexts 1->3: a53a17fbd687f4ab3b194de29745c252 7b8d7a438fb7287a5c543f53b73f1823
 proof 0:000000000000000000000000000000000000000000000000000000000000000000000000000000000000000000000000
 proof 1:000000000000000000000000000000000000000000000000000000000000000000000000000000000000000000000000
 proof 2:000000000000000000000000000000000000000000000000000000000000000000000000000000000000000000000000
 proof 3:000000000000000000000000000000000000000000000000000000000000000000000000000000000000000000000000
 proof 4:000000000000000000000000000000000000000000000000000000000000000000000000000000000000000000000000
 peer=2 attempts=8 delivered=8 bits=255 age=4760 active=1 secure=1 drain=0
 peer=3 attempts=8 delivered=0 bits=0 age=5260 active=1 secure=1 drain=0
 edge=3-2 delivery=8 epoch=1 age=18971
 edge=3-1 delivery=0 epoch=1 age=19472
 edge=2-3 delivery=8 epoch=1 age=20037
 edge=2-1 delivery=8 epoch=1 age=11283
 edge=1-3 delivery=0 epoch=1 age=15382
 edge=1-2 delivery=8 epoch=1 age=14882
node=2 time=250000 joined=1 peers=3 fault=0 handshake=0/0
clock=1 pending=0/0 prepare=0 apply=0 proof=0 wants=0 ready=0 authority=0 local=0
 contexts 2->1: a3804872e93d5f9450615b0e790f7f97 8070d572259f9bc0b8e19cd0292d3f82
 contexts 2->3: d7774ea4f8159f3a4dce0ceb276f5f7d 45ca2955360a0dcd200d730cf240f797
 peer=1 attempts=8 delivered=8 bits=255 age=1920 active=1 secure=1 drain=0
 peer=3 attempts=8 delivered=8 bits=255 age=10080 active=1 secure=1 drain=0
node=3 time=250000 joined=1 peers=3 fault=0 handshake=0/0
clock=1 pending=0/0 prepare=0 apply=0 proof=0 wants=0 ready=0 authority=0 local=0
 contexts 3->1: a53a17fbd687f4ab3b194de29745c252 7b8d7a438fb7287a5c543f53b73f1823
 contexts 3->2: d7774ea4f8159f3a4dce0ceb276f5f7d 45ca2955360a0dcd200d730cf240f797
 peer=1 attempts=8 delivered=0 bits=0 age=9380 active=1 secure=1 drain=0
 peer=2 attempts=8 delivered=8 bits=255 age=8880 active=1 secure=1 drain=0
Node scheduling seed: 4
Autonomous sequence 1 restart mode 0 PASS
Autonomous sequence 2 restart mode 4 PASS
Root alone, durable live enrollment, encrypted Relay delivery, epoch fence PASS
node=1 time=250000 joined=1 peers=3 fault=0 handshake=0/0
clock=1 pending=0/0 prepare=0 apply=0 proof=0 wants=0 ready=0 authority=0 local=0
 contexts 1->2: a0504efa0e64a0136b64309a332f0d0e a1af000bb7ab9a313bc9adeae30a1220
 contexts 1->3: cc5a3f6a7bd63afa130138ee96335021 4ea0fe95152dda50cab9a7e7ac88b366
 proof 0:000000000000000000000000000000000000000000000000000000000000000000000000000000000000000000000000
 proof 1:000000000000000000000000000000000000000000000000000000000000000000000000000000000000000000000000
 proof 2:000000000000000000000000000000000000000000000000000000000000000000000000000000000000000000000000
 proof 3:000000000000000000000000000000000000000000000000000000000000000000000000000000000000000000000000
 proof 4:000000000000000000000000000000000000000000000000000000000000000000000000000000000000000000000000
 peer=2 attempts=8 delivered=8 bits=255 age=5640 active=1 secure=1 drain=0
 peer=3 attempts=8 delivered=0 bits=0 age=9960 active=1 secure=1 drain=0
 edge=3-2 delivery=7 epoch=1 age=15408
 edge=3-1 delivery=0 epoch=1 age=17273
 edge=2-1 delivery=8 epoch=1 age=10508
 edge=2-3 delivery=8 epoch=1 age=16914
 edge=1-3 delivery=0 epoch=1 age=20082
 edge=1-2 delivery=8 epoch=1 age=15762
node=2 time=250000 joined=1 peers=3 fault=0 handshake=0/0
clock=1 pending=0/0 prepare=0 apply=0 proof=0 wants=0 ready=0 authority=0 local=0
 contexts 2->1: a0504efa0e64a0136b64309a332f0d0e a1af000bb7ab9a313bc9adeae30a1220
 contexts 2->3: 6f24683e7425042fc4c44f20697b626e cce60b251bbb92ad9a64045fb207586a
 peer=1 attempts=8 delivered=8 bits=255 age=1400 active=1 secure=1 drain=0
 peer=3 attempts=8 delivered=8 bits=255 age=6980 active=1 secure=1 drain=0
node=3 time=250000 joined=1 peers=3 fault=0 handshake=0/0
clock=1 pending=0/0 prepare=0 apply=0 proof=0 wants=0 ready=0 authority=0 local=0
 contexts 3->1: cc5a3f6a7bd63afa130138ee96335021 4ea0fe95152dda50cab9a7e7ac88b366
 contexts 3->2: 6f24683e7425042fc4c44f20697b626e cce60b251bbb92ad9a64045fb207586a
 peer=1 attempts=8 delivered=0 bits=0 age=7180 active=1 secure=1 drain=0
 peer=2 attempts=8 delivered=8 bits=255 age=5320 active=1 secure=1 drain=0
Node scheduling seed: 5
Autonomous sequence 1 restart mode 0 PASS
Autonomous sequence 2 restart mode 4 PASS
Root alone, durable live enrollment, encrypted Relay delivery, epoch fence PASS
node=1 time=250000 joined=1 peers=3 fault=0 handshake=0/0
clock=1 pending=0/0 prepare=0 apply=0 proof=0 wants=0 ready=0 authority=0 local=0
 contexts 1->2: c125a3437a20c722f08881a964bac74e 603787f79d721bdd0435605e55d0b71c
 contexts 1->3: 9dca2397f022d9bab65af7c68e4a64d4 416a7c404f0290ec14246a1912a7e825
 proof 0:000000000000000000000000000000000000000000000000000000000000000000000000000000000000000000000000
 proof 1:000000000000000000000000000000000000000000000000000000000000000000000000000000000000000000000000
 proof 2:000000000000000000000000000000000000000000000000000000000000000000000000000000000000000000000000
 proof 3:000000000000000000000000000000000000000000000000000000000000000000000000000000000000000000000000
 proof 4:000000000000000000000000000000000000000000000000000000000000000000000000000000000000000000000000
 peer=2 attempts=8 delivered=8 bits=255 age=5040 active=1 secure=1 drain=0
 peer=3 attempts=8 delivered=0 bits=0 age=3060 active=1 secure=1 drain=0
 edge=2-3 delivery=8 epoch=1 age=17399
 edge=3-2 delivery=8 epoch=1 age=11251
 edge=2-1 delivery=8 epoch=1 age=12986
 edge=3-1 delivery=0 epoch=1 age=19416
 edge=1-3 delivery=0 epoch=1 age=13182
 edge=1-2 delivery=8 epoch=1 age=15162
node=2 time=250000 joined=1 peers=3 fault=0 handshake=0/0
clock=1 pending=0/0 prepare=0 apply=0 proof=0 wants=0 ready=0 authority=0 local=0
 contexts 2->1: c125a3437a20c722f08881a964bac74e 603787f79d721bdd0435605e55d0b71c
 contexts 2->3: db6b7672c18191f791d40627ad4aad19 bbb78e8334b606beb72cffde0df91a5c
 peer=1 attempts=8 delivered=8 bits=255 age=2900 active=1 secure=1 drain=0
 peer=3 attempts=8 delivered=8 bits=255 age=7300 active=1 secure=1 drain=0
node=3 time=250000 joined=1 peers=3 fault=0 handshake=0/0
clock=1 pending=0/0 prepare=0 apply=0 proof=0 wants=0 ready=0 authority=0 local=0
 contexts 3->1: 9dca2397f022d9bab65af7c68e4a64d4 416a7c404f0290ec14246a1912a7e825
 contexts 3->2: db6b7672c18191f791d40627ad4aad19 bbb78e8334b606beb72cffde0df91a5c
 peer=1 attempts=8 delivered=0 bits=0 age=9320 active=1 secure=1 drain=0
 peer=2 attempts=8 delivered=8 bits=255 age=1180 active=1 secure=1 drain=0
Node scheduling seed: 6
Autonomous sequence 1 restart mode 0 PASS
Autonomous sequence 2 restart mode 4 PASS
Root alone, durable live enrollment, encrypted Relay delivery, epoch fence PASS
node=1 time=250000 joined=1 peers=3 fault=0 handshake=0/0
clock=1 pending=0/0 prepare=0 apply=0 proof=0 wants=0 ready=0 authority=0 local=0
 contexts 1->2: a15f8a4e3e78e621382335b5b2858b50 c98ef389008ee5d9b12956062ea69ab9
 contexts 1->3: 762257c2d979e9524ab7a1ca3c7e24e5 53b5af35a4b2a924fb58a892cff3dc9d
 proof 0:000000000000000000000000000000000000000000000000000000000000000000000000000000000000000000000000
 proof 1:000000000000000000000000000000000000000000000000000000000000000000000000000000000000000000000000
 proof 2:000000000000000000000000000000000000000000000000000000000000000000000000000000000000000000000000
 proof 3:000000000000000000000000000000000000000000000000000000000000000000000000000000000000000000000000
 proof 4:000000000000000000000000000000000000000000000000000000000000000000000000000000000000000000000000
 peer=2 attempts=8 delivered=8 bits=255 age=6660 active=1 secure=1 drain=0
 peer=3 attempts=8 delivered=0 bits=0 age=5040 active=1 secure=1 drain=0
 edge=3-2 delivery=8 epoch=1 age=20856
 edge=3-1 delivery=0 epoch=1 age=14115
 edge=2-1 delivery=8 epoch=1 age=18278
 edge=2-3 delivery=8 epoch=1 age=12350
 edge=1-3 delivery=0 epoch=1 age=15162
 edge=1-2 delivery=8 epoch=1 age=16782
node=2 time=250000 joined=1 peers=3 fault=0 handshake=0/0
clock=1 pending=0/0 prepare=0 apply=0 proof=0 wants=0 ready=0 authority=0 local=0
 contexts 2->1: a15f8a4e3e78e621382335b5b2858b50 c98ef389008ee5d9b12956062ea69ab9
 contexts 2->3: 136040d14b69ccc50b638f0050ade4ea c002d8eb8c5af2e4f8770b5ec36f08e9
 peer=1 attempts=8 delivered=8 bits=255 age=8180 active=1 secure=1 drain=0
 peer=3 attempts=8 delivered=8 bits=255 age=2240 active=1 secure=1 drain=0
node=3 time=250000 joined=1 peers=3 fault=0 handshake=0/0
clock=1 pending=0/0 prepare=0 apply=0 proof=0 wants=0 ready=0 authority=0 local=0
 contexts 3->1: 762257c2d979e9524ab7a1ca3c7e24e5 53b5af35a4b2a924fb58a892cff3dc9d
 contexts 3->2: 136040d14b69ccc50b638f0050ade4ea c002d8eb8c5af2e4f8770b5ec36f08e9
 peer=1 attempts=8 delivered=0 bits=0 age=4260 active=1 secure=1 drain=0
 peer=2 attempts=8 delivered=8 bits=255 age=100 active=1 secure=1 drain=0
Node scheduling seed: 1
Autonomous sequence 1 restart mode 0 PASS
Autonomous sequence 2 restart mode 4 PASS
Root alone, durable live enrollment, encrypted Relay delivery, epoch fence PASS
node=1 time=250000 joined=1 peers=3 fault=0 handshake=0/0
clock=1 pending=0/0 prepare=0 apply=0 proof=0 wants=0 ready=0 authority=0 local=0
 contexts 1->2: 92820dc142f7f05ea37eafc980c435d5 4fbf024aa1a9db1693680c5aad44821e
 contexts 1->3: ac74a589483cbc3213b872bde82df732 9a3dd544c747fc442941d2f404ac8309
 proof 0:000000000000000000000000000000000000000000000000000000000000000000000000000000000000000000000000
 proof 1:000000000000000000000000000000000000000000000000000000000000000000000000000000000000000000000000
 proof 2:000000000000000000000000000000000000000000000000000000000000000000000000000000000000000000000000
 proof 3:000000000000000000000000000000000000000000000000000000000000000000000000000000000000000000000000
 proof 4:000000000000000000000000000000000000000000000000000000000000000000000000000000000000000000000000
 peer=2 attempts=8 delivered=8 bits=255 age=4980 active=1 secure=1 drain=0
 peer=3 attempts=8 delivered=0 bits=0 age=6120 active=1 secure=1 drain=0
 edge=2-3 delivery=8 epoch=1 age=13915
 edge=3-2 delivery=8 epoch=1 age=20333
 edge=3-1 delivery=0 epoch=1 age=20834
 edge=2-1 delivery=8 epoch=1 age=13253
 edge=1-3 delivery=0 epoch=1 age=16242
 edge=1-2 delivery=8 epoch=1 age=15102
node=2 time=250000 joined=1 peers=3 fault=0 handshake=0/0
clock=1 pending=0/0 prepare=0 apply=0 proof=0 wants=0 ready=0 authority=0 local=0
 contexts 2->1: 92820dc142f7f05ea37eafc980c435d5 4fbf024aa1a9db1693680c5aad44821e
 contexts 2->3: af904fcb369efaea4dd3aa96cff9422b d087c7b2879cbc8d7012a620178537b6
 peer=1 attempts=8 delivered=8 bits=255 age=3320 active=1 secure=1 drain=0
 peer=3 attempts=8 delivered=8 bits=255 age=3980 active=1 secure=1 drain=0
node=3 time=250000 joined=1 peers=3 fault=0 handshake=0/0
clock=1 pending=0/0 prepare=0 apply=0 proof=0 wants=0 ready=0 authority=0 local=0
 contexts 3->1: ac74a589483cbc3213b872bde82df732 9a3dd544c747fc442941d2f404ac8309
 contexts 3->2: af904fcb369efaea4dd3aa96cff9422b d087c7b2879cbc8d7012a620178537b6
 peer=1 attempts=8 delivered=0 bits=0 age=10740 active=1 secure=1 drain=0
 peer=2 attempts=8 delivered=8 bits=255 age=10240 active=1 secure=1 drain=0
Node scheduling seed: 2
Autonomous sequence 1 restart mode 0 PASS
Autonomous sequence 2 restart mode 4 PASS
Root alone, durable live enrollment, encrypted Relay delivery, epoch fence PASS
node=1 time=250000 joined=1 peers=3 fault=0 handshake=0/0
clock=1 pending=0/0 prepare=0 apply=0 proof=0 wants=0 ready=0 authority=0 local=0
 contexts 1->2: 24916ed350594697b935a2415c642d8d 4da5d1e5e626be1c9055fc8370977ae2
 contexts 1->3: c11fbcfa672e51e3eff115b8dd292311 9b822132d9bfaf3bb6eb8babb632a1f1
 proof 0:000000000000000000000000000000000000000000000000000000000000000000000000000000000000000000000000
 proof 1:000000000000000000000000000000000000000000000000000000000000000000000000000000000000000000000000
 proof 2:000000000000000000000000000000000000000000000000000000000000000000000000000000000000000000000000
 proof 3:000000000000000000000000000000000000000000000000000000000000000000000000000000000000000000000000
 proof 4:000000000000000000000000000000000000000000000000000000000000000000000000000000000000000000000000
 peer=2 attempts=8 delivered=8 bits=255 age=5180 active=1 secure=1 drain=0
 peer=3 attempts=8 delivered=0 bits=0 age=3540 active=1 secure=1 drain=0
 edge=3-2 delivery=8 epoch=1 age=18093
 edge=3-1 delivery=0 epoch=1 age=21672
 edge=2-3 delivery=8 epoch=1 age=15755
 edge=2-1 delivery=8 epoch=1 age=12846
 edge=1-3 delivery=0 epoch=1 age=13662
 edge=1-2 delivery=8 epoch=1 age=15302
node=2 time=250000 joined=1 peers=3 fault=0 handshake=0/0
clock=1 pending=0/0 prepare=0 apply=0 proof=0 wants=0 ready=0 authority=0 local=0
 contexts 2->1: 24916ed350594697b935a2415c642d8d 4da5d1e5e626be1c9055fc8370977ae2
 contexts 2->3: 5067093627d352f54c16ed3ae63edbb1 122d1a77826f280968b986c26956533f
 peer=1 attempts=8 delivered=8 bits=255 age=3080 active=1 secure=1 drain=0
 peer=3 attempts=8 delivered=8 bits=255 age=5980 active=1 secure=1 drain=0
node=3 time=250000 joined=1 peers=3 fault=0 handshake=0/0
clock=1 pending=0/0 prepare=0 apply=0 proof=0 wants=0 ready=0 authority=0 local=0
 contexts 3->1: c11fbcfa672e51e3eff115b8dd292311 9b822132d9bfaf3bb6eb8babb632a1f1
 contexts 3->2: 5067093627d352f54c16ed3ae63edbb1 122d1a77826f280968b986c26956533f
 peer=1 attempts=8 delivered=0 bits=0 age=1060 active=1 secure=1 drain=0
 peer=2 attempts=8 delivered=8 bits=255 age=8500 active=1 secure=1 drain=0
Node scheduling seed: 3
Autonomous sequence 1 restart mode 0 PASS
Autonomous sequence 2 restart mode 4 PASS
Root alone, durable live enrollment, encrypted Relay delivery, epoch fence PASS
node=1 time=250000 joined=1 peers=3 fault=0 handshake=0/0
clock=1 pending=0/0 prepare=0 apply=0 proof=0 wants=0 ready=0 authority=0 local=0
 contexts 1->2: bdf38894b39185d1abd208951d0e88eb 2660d6c09cfe9503faa82d8099ddea6b
 contexts 1->3: 0682731ef10c97d1fd9d6380c3a0008a 31438c41a269b062eddb7c6dff961e00
 proof 0:000000000000000000000000000000000000000000000000000000000000000000000000000000000000000000000000
 proof 1:000000000000000000000000000000000000000000000000000000000000000000000000000000000000000000000000
 proof 2:000000000000000000000000000000000000000000000000000000000000000000000000000000000000000000000000
 proof 3:000000000000000000000000000000000000000000000000000000000000000000000000000000000000000000000000
 proof 4:000000000000000000000000000000000000000000000000000000000000000000000000000000000000000000000000
 peer=2 attempts=8 delivered=8 bits=255 age=4760 active=1 secure=1 drain=0
 peer=3 attempts=8 delivered=0 bits=0 age=5260 active=1 secure=1 drain=0
 edge=3-2 delivery=8 epoch=1 age=18971
 edge=3-1 delivery=0 epoch=1 age=19472
 edge=2-3 delivery=8 epoch=1 age=20037
 edge=2-1 delivery=8 epoch=1 age=11283
 edge=1-3 delivery=0 epoch=1 age=15382
 edge=1-2 delivery=8 epoch=1 age=14882
node=2 time=250000 joined=1 peers=3 fault=0 handshake=0/0
clock=1 pending=0/0 prepare=0 apply=0 proof=0 wants=0 ready=0 authority=0 local=0
 contexts 2->1: bdf38894b39185d1abd208951d0e88eb 2660d6c09cfe9503faa82d8099ddea6b
 contexts 2->3: 389fa1474b2921d3662be889bd9ae7c0 4d981bff452d13d7f1e41a88cb8904b0
 peer=1 attempts=8 delivered=8 bits=255 age=1920 active=1 secure=1 drain=0
 peer=3 attempts=8 delivered=8 bits=255 age=10080 active=1 secure=1 drain=0
node=3 time=250000 joined=1 peers=3 fault=0 handshake=0/0
clock=1 pending=0/0 prepare=0 apply=0 proof=0 wants=0 ready=0 authority=0 local=0
 contexts 3->1: 0682731ef10c97d1fd9d6380c3a0008a 31438c41a269b062eddb7c6dff961e00
 contexts 3->2: 389fa1474b2921d3662be889bd9ae7c0 4d981bff452d13d7f1e41a88cb8904b0
 peer=1 attempts=8 delivered=0 bits=0 age=9380 active=1 secure=1 drain=0
 peer=2 attempts=8 delivered=8 bits=255 age=8880 active=1 secure=1 drain=0
Node scheduling seed: 4
Autonomous sequence 1 restart mode 0 PASS
Autonomous sequence 2 restart mode 4 PASS
Root alone, durable live enrollment, encrypted Relay delivery, epoch fence PASS
node=1 time=250000 joined=1 peers=3 fault=0 handshake=0/0
clock=1 pending=0/0 prepare=0 apply=0 proof=0 wants=0 ready=0 authority=0 local=0
 contexts 1->2: e091f4ae27a89f0cc8d3eaf5ef4f1d8a e4035dfacd2cc4aa47acd3f291cfcc16
 contexts 1->3: bf8df496241c59c2ab2cf0bc57394754 229fa15062773958243d27714155d7df
 proof 0:000000000000000000000000000000000000000000000000000000000000000000000000000000000000000000000000
 proof 1:000000000000000000000000000000000000000000000000000000000000000000000000000000000000000000000000
 proof 2:000000000000000000000000000000000000000000000000000000000000000000000000000000000000000000000000
 proof 3:000000000000000000000000000000000000000000000000000000000000000000000000000000000000000000000000
 proof 4:000000000000000000000000000000000000000000000000000000000000000000000000000000000000000000000000
 peer=2 attempts=8 delivered=8 bits=255 age=5640 active=1 secure=1 drain=0
 peer=3 attempts=8 delivered=0 bits=0 age=9960 active=1 secure=1 drain=0
 edge=3-2 delivery=7 epoch=1 age=15408
 edge=3-1 delivery=0 epoch=1 age=17273
 edge=2-1 delivery=8 epoch=1 age=10508
 edge=2-3 delivery=8 epoch=1 age=16914
 edge=1-3 delivery=0 epoch=1 age=20082
 edge=1-2 delivery=8 epoch=1 age=15762
node=2 time=250000 joined=1 peers=3 fault=0 handshake=0/0
clock=1 pending=0/0 prepare=0 apply=0 proof=0 wants=0 ready=0 authority=0 local=0
 contexts 2->1: e091f4ae27a89f0cc8d3eaf5ef4f1d8a e4035dfacd2cc4aa47acd3f291cfcc16
 contexts 2->3: 1646ec538c03c9b973275044d9c8c622 eb9cdc7810908d51b7b1a425abd8dd65
 peer=1 attempts=8 delivered=8 bits=255 age=1400 active=1 secure=1 drain=0
 peer=3 attempts=8 delivered=8 bits=255 age=6980 active=1 secure=1 drain=0
node=3 time=250000 joined=1 peers=3 fault=0 handshake=0/0
clock=1 pending=0/0 prepare=0 apply=0 proof=0 wants=0 ready=0 authority=0 local=0
 contexts 3->1: bf8df496241c59c2ab2cf0bc57394754 229fa15062773958243d27714155d7df
 contexts 3->2: 1646ec538c03c9b973275044d9c8c622 eb9cdc7810908d51b7b1a425abd8dd65
 peer=1 attempts=8 delivered=0 bits=0 age=7180 active=1 secure=1 drain=0
 peer=2 attempts=8 delivered=8 bits=255 age=5320 active=1 secure=1 drain=0
Node scheduling seed: 5
Autonomous sequence 1 restart mode 0 PASS
Autonomous sequence 2 restart mode 4 PASS
Root alone, durable live enrollment, encrypted Relay delivery, epoch fence PASS
node=1 time=250000 joined=1 peers=3 fault=0 handshake=0/0
clock=1 pending=0/0 prepare=0 apply=0 proof=0 wants=0 ready=0 authority=0 local=0
 contexts 1->2: fa7e9629114c4dcadfddd5f98fbfe4c1 ee4d55238771f2e15c1c444ae47cc70a
 contexts 1->3: b82001d7f9cb05a49b3375b0b1e21325 cd6e332229e916207a5d1cc81b4a5d23
 proof 0:000000000000000000000000000000000000000000000000000000000000000000000000000000000000000000000000
 proof 1:000000000000000000000000000000000000000000000000000000000000000000000000000000000000000000000000
 proof 2:000000000000000000000000000000000000000000000000000000000000000000000000000000000000000000000000
 proof 3:000000000000000000000000000000000000000000000000000000000000000000000000000000000000000000000000
 proof 4:000000000000000000000000000000000000000000000000000000000000000000000000000000000000000000000000
 peer=2 attempts=8 delivered=8 bits=255 age=5040 active=1 secure=1 drain=0
 peer=3 attempts=8 delivered=0 bits=0 age=3060 active=1 secure=1 drain=0
 edge=2-3 delivery=8 epoch=1 age=17399
 edge=3-2 delivery=8 epoch=1 age=11251
 edge=2-1 delivery=8 epoch=1 age=12986
 edge=3-1 delivery=0 epoch=1 age=19416
 edge=1-3 delivery=0 epoch=1 age=13182
 edge=1-2 delivery=8 epoch=1 age=15162
node=2 time=250000 joined=1 peers=3 fault=0 handshake=0/0
clock=1 pending=0/0 prepare=0 apply=0 proof=0 wants=0 ready=0 authority=0 local=0
 contexts 2->1: fa7e9629114c4dcadfddd5f98fbfe4c1 ee4d55238771f2e15c1c444ae47cc70a
 contexts 2->3: e3cdc5f8910194251f910e05d42582c9 f6f8000c915a05e5f1307756252f7aaf
 peer=1 attempts=8 delivered=8 bits=255 age=2900 active=1 secure=1 drain=0
 peer=3 attempts=8 delivered=8 bits=255 age=7300 active=1 secure=1 drain=0
node=3 time=250000 joined=1 peers=3 fault=0 handshake=0/0
clock=1 pending=0/0 prepare=0 apply=0 proof=0 wants=0 ready=0 authority=0 local=0
 contexts 3->1: b82001d7f9cb05a49b3375b0b1e21325 cd6e332229e916207a5d1cc81b4a5d23
 contexts 3->2: e3cdc5f8910194251f910e05d42582c9 f6f8000c915a05e5f1307756252f7aaf
 peer=1 attempts=8 delivered=0 bits=0 age=9320 active=1 secure=1 drain=0
 peer=2 attempts=8 delivered=8 bits=255 age=1180 active=1 secure=1 drain=0
Node scheduling seed: 6
Autonomous sequence 1 restart mode 0 PASS
Autonomous sequence 2 restart mode 4 PASS
Root alone, durable live enrollment, encrypted Relay delivery, epoch fence PASS
