Internal ctest changing into directory: /tmp/ninlil-oss-final/gcc
Test project /tmp/ninlil-oss-final/gcc
      Start 41: field_replacement_posix
 1/20 Test #41: field_replacement_posix ....................   Passed    1.40 sec
      Start 42: autonomous_node_posix
 2/20 Test #42: autonomous_node_posix ......................   Passed    2.40 sec
      Start 43: enrollment_posix
 3/20 Test #43: enrollment_posix ...........................   Passed    4.39 sec
      Start 44: discovery_posix
 4/20 Test #44: discovery_posix ............................   Passed    4.58 sec
      Start 45: discovery_slow_posix
 5/20 Test #45: discovery_slow_posix .......................   Passed    5.07 sec
      Start 46: autonomous_overheard_posix
 6/20 Test #46: autonomous_overheard_posix .................   Passed    1.78 sec
      Start 47: autonomous_root_relay_posix
 7/20 Test #47: autonomous_root_relay_posix ................   Passed    2.12 sec
      Start 48: autonomous_join_ack_loss_posix
 8/20 Test #48: autonomous_join_ack_loss_posix .............   Passed    2.07 sec
      Start 49: autonomous_bounded_radio_posix
 9/20 Test #49: autonomous_bounded_radio_posix .............   Passed    1.84 sec
      Start 50: autonomous_sustained_radio_posix
10/20 Test #50: autonomous_sustained_radio_posix ...........   Passed    2.14 sec
      Start 52: field_replacement_flash_runtime
11/20 Test #52: field_replacement_flash_runtime ............   Passed    1.61 sec
      Start 53: autonomous_node_flash_runtime
12/20 Test #53: autonomous_node_flash_runtime ..............   Passed    3.39 sec
      Start 54: enrollment_flash_runtime
13/20 Test #54: enrollment_flash_runtime ...................   Passed    4.96 sec
      Start 55: discovery_flash_runtime
14/20 Test #55: discovery_flash_runtime ....................   Passed    4.99 sec
      Start 56: discovery_slow_flash_runtime
15/20 Test #56: discovery_slow_flash_runtime ...............   Passed    4.80 sec
      Start 57: autonomous_overheard_flash_runtime
16/20 Test #57: autonomous_overheard_flash_runtime .........   Passed    1.96 sec
      Start 58: autonomous_root_relay_flash_runtime
17/20 Test #58: autonomous_root_relay_flash_runtime ........   Passed    2.03 sec
      Start 59: autonomous_join_ack_loss_flash_runtime
18/20 Test #59: autonomous_join_ack_loss_flash_runtime .....   Passed    2.04 sec
      Start 60: autonomous_bounded_radio_flash_runtime
19/20 Test #60: autonomous_bounded_radio_flash_runtime .....   Passed    2.16 sec
      Start 61: autonomous_sustained_radio_flash_runtime
20/20 Test #61: autonomous_sustained_radio_flash_runtime ...   Passed    2.47 sec

100% tests passed, 0 tests failed out of 20

Total Test time (real) =  58.21 sec
