-- Configuring done (0.6s)
-- Generating done (0.1s)
-- Build files have been written to: /tmp/ninlil-oss-final/clang
EDHOC / PSA / identity / autonomous owner static analysis PASS
Semtech v2.5.0 header/source API syntax PASS
Ninlil ESP32-S3 strict syntax PASS
-- The C compiler identification is GNU 13.3.0
-- Detecting C compiler ABI info
-- Detecting C compiler ABI info - done
-- Check for working C compiler: /usr/bin/cc - skipped
-- Detecting C compile features
-- Detecting C compile features - done
-- Configuring done (0.1s)
-- Generating done (0.0s)
-- Build files have been written to: /tmp/tmp.MYauIfii41/consumer-posix
[1/2] Building C object CMakeFiles/consumer.dir/main.c.o
[2/2] Linking C executable consumer
-- The C compiler identification is GNU 13.3.0
-- Detecting C compiler ABI info
-- Detecting C compiler ABI info - done
-- Check for working C compiler: /usr/bin/cc - skipped
-- Detecting C compile features
-- Detecting C compile features - done
-- Configuring done (0.1s)
-- Generating done (0.0s)
-- Build files have been written to: /tmp/tmp.MYauIfii41/consumer-flash_runtime
[1/2] Building C object CMakeFiles/consumer.dir/main.c.o
[2/2] Linking C executable consumer
Rejected conflicting-backends with expected package diagnostic
Rejected invalid-backend with expected package diagnostic
-- The C compiler identification is GNU 13.3.0
-- Detecting C compiler ABI info
-- Detecting C compiler ABI info - done
-- Check for working C compiler: /usr/bin/cc - skipped
-- Detecting C compile features
-- Detecting C compile features - done
-- Configuring done (0.1s)
-- Generating done (0.0s)
-- Build files have been written to: /tmp/tmp.MYauIfii41/core
[1/41] Building C object CMakeFiles/ninlil_contract.dir/src/ninlil_authorization.c.o
[2/41] Building C object CMakeFiles/ninlil_posix.dir/src/ninlil_collect.c.o
[3/41] Linking C static library libninlil_contract.a
[4/41] Building C object CMakeFiles/ninlil_posix.dir/src/ninlil.c.o
[5/41] Building C object CMakeFiles/ninlil_posix.dir/src/ninlil_custody.c.o
[6/41] Building C object CMakeFiles/ninlil_posix.dir/src/ninlil_group.c.o
[7/41] Building C object CMakeFiles/ninlil_posix.dir/src/ninlil_leaf.c.o
[8/41] Building C object CMakeFiles/ninlil_posix.dir/src/ninlil_policy.c.o
[9/41] Building C object CMakeFiles/ninlil_posix.dir/src/ninlil_profile.c.o
[10/41] Building C object CMakeFiles/ninlil_posix.dir/src/ninlil_replay.c.o
[11/41] Building C object CMakeFiles/ninlil_posix.dir/src/ninlil_receive.c.o
[12/41] Building C object CMakeFiles/ninlil_posix.dir/src/ninlil_send.c.o
[13/41] Building C object CMakeFiles/ninlil_posix.dir/src/ninlil_storage.c.o
[14/41] Building C object CMakeFiles/ninlil_posix.dir/src/ninlil_wire.c.o
[15/41] Building C object CMakeFiles/ninlil_posix.dir/src/ninlil_topology.c.o
[16/41] Building C object CMakeFiles/ninlil_radio_model.dir/src/ninlil_diag.c.o
[17/41] Building C object CMakeFiles/ninlil_radio_model.dir/src/ninlil_radio.c.o
[18/41] Building C object CMakeFiles/ninlil_posix.dir/ports/posix/ninlil_journal.c.o
[19/41] Linking C static library libninlil_posix.a
[20/41] Building C object CMakeFiles/ninlil_radio_model.dir/src/ninlil_rf_profile.c.o
[21/41] Linking C static library libninlil_radio_model.a
[22/41] Building C object CMakeFiles/ninlil_flash_store.dir/ports/flash/ninlil_flash_bank.c.o
[23/41] Building C object CMakeFiles/ninlil_flash_store.dir/ports/flash/ninlil_flash_store.c.o
[24/41] Linking C static library libninlil_flash_store.a
[25/41] Building C object CMakeFiles/ninlil_security_state.dir/ports/flash/ninlil_security_state.c.o
[26/41] Building C object CMakeFiles/ninlil_flash_runtime.dir/src/ninlil_collect.c.o
[27/41] Linking C static library libninlil_security_state.a
[28/41] Building C object CMakeFiles/ninlil_flash_runtime.dir/src/ninlil_custody.c.o
[29/41] Building C object CMakeFiles/ninlil_flash_runtime.dir/src/ninlil.c.o
[30/41] Building C object CMakeFiles/ninlil_flash_runtime.dir/src/ninlil_leaf.c.o
[31/41] Building C object CMakeFiles/ninlil_flash_runtime.dir/src/ninlil_group.c.o
[32/41] Building C object CMakeFiles/ninlil_flash_runtime.dir/src/ninlil_profile.c.o
[33/41] Building C object CMakeFiles/ninlil_flash_runtime.dir/src/ninlil_policy.c.o
[34/41] Building C object CMakeFiles/ninlil_flash_runtime.dir/src/ninlil_replay.c.o
[35/41] Building C object CMakeFiles/ninlil_flash_runtime.dir/src/ninlil_receive.c.o
[36/41] Building C object CMakeFiles/ninlil_flash_runtime.dir/src/ninlil_send.c.o
[37/41] Building C object CMakeFiles/ninlil_flash_runtime.dir/src/ninlil_storage.c.o
[38/41] Building C object CMakeFiles/ninlil_flash_runtime.dir/src/ninlil_topology.c.o
[39/41] Building C object CMakeFiles/ninlil_flash_runtime.dir/src/ninlil_wire.c.o
[40/41] Building C object CMakeFiles/ninlil_flash_runtime.dir/ports/flash/ninlil_flash_journal_file.c.o
[41/41] Linking C static library libninlil_flash_runtime.a
-- The C compiler identification is GNU 13.3.0
-- Detecting C compiler ABI info
-- Detecting C compiler ABI info - done
-- Check for working C compiler: /usr/bin/cc - skipped
-- Detecting C compile features
-- Detecting C compile features - done
-- Configuring done (0.1s)
-- Generating done (0.0s)
-- Build files have been written to: /tmp/tmp.MYauIfii41/core-consumer
[1/2] Building C object CMakeFiles/consumer.dir/main.c.o
[2/2] Linking C executable consumer
Relocated secure POSIX/NOR and Core-only package consumers PASS
