Connecting...
Detecting chip type... ESP32-S3
Enabling default SPI flash mode...
Uploading stub flasher...
Running stub flasher...
Stub flasher running.
Configuring flash size...

Writing input at 0x00000000...
SHA digest in image updated.
Flash will be erased from 0x00000000 to 0x00005fff...
Compressed 21088 bytes to 13553...
Wrote 21088 bytes (13553 compressed) at 0x00000000 in 0.3 seconds (532.2 kbit/s).
Verifying written data...
Hash of data verified.

Writing input at 0x00008000...
Flash will be erased from 0x00008000 to 0x00008fff...
Compressed 3072 bytes to 309...
Wrote 3072 bytes (309 compressed) at 0x00008000 in 0.0 seconds (558.7 kbit/s).
Verifying written data...
Hash of data verified.

Writing input at 0x00010000...
Flash will be erased from 0x00010000 to 0x00084fff...
Compressed 475632 bytes to 297513...
Wrote 475632 bytes (297513 compressed) at 0x00010000 in 2.9 seconds (1294.8 kbit/s).
Verifying written data...
Hash of data verified.
Configuring flash size...
SHA digest in image updated.
Verifying 0x5260 (21088) bytes at 0x00000000 in flash against input bytes...
Verification successful (digest matched).
Verifying 0xc00 (3072) bytes at 0x00008000 in flash against input bytes...
Verification successful (digest matched).
Verifying 0x741f0 (475632) bytes at 0x00010000 in flash against input bytes...
Verification successful (digest matched).
VERIFIED_ADDITIVE_IMAGE 1 64a28c284841f5f94f78533db188563f045a7da5b84f6fdee542afa851664bde
Hard resetting via RTS pin...
