Internal ctest changing into directory: /tmp/ninlil-oss-final/gcc
Test project /tmp/ninlil-oss-final/gcc
    Start 40: field_replacement_posix
1/6 Test #40: field_replacement_posix ...........   Passed    1.53 sec
    Start 42: enrollment_posix
2/6 Test #42: enrollment_posix ..................   Passed    4.62 sec
    Start 43: discovery_posix
3/6 Test #43: discovery_posix ...................   Passed    4.56 sec
    Start 50: field_replacement_flash_runtime
4/6 Test #50: field_replacement_flash_runtime ...   Passed    1.70 sec
    Start 52: enrollment_flash_runtime
5/6 Test #52: enrollment_flash_runtime ..........   Passed    4.62 sec
    Start 53: discovery_flash_runtime
6/6 Test #53: discovery_flash_runtime ...........   Passed    4.93 sec

100% tests passed, 0 tests failed out of 6

Total Test time (real) =  21.97 sec
Internal ctest changing into directory: /tmp/ninlil-oss-final/clang
Test project /tmp/ninlil-oss-final/clang
    Start 40: field_replacement_posix
1/6 Test #40: field_replacement_posix ...........   Passed    3.30 sec
    Start 42: enrollment_posix
2/6 Test #42: enrollment_posix ..................   Passed    4.83 sec
    Start 43: discovery_posix
3/6 Test #43: discovery_posix ...................   Passed    5.47 sec
    Start 50: field_replacement_flash_runtime
4/6 Test #50: field_replacement_flash_runtime ...   Passed    3.51 sec
    Start 52: enrollment_flash_runtime
5/6 Test #52: enrollment_flash_runtime ..........   Passed    4.73 sec
    Start 53: discovery_flash_runtime
6/6 Test #53: discovery_flash_runtime ...........   Passed    5.00 sec

100% tests passed, 0 tests failed out of 6

Total Test time (real) =  26.84 sec
Internal ctest changing into directory: /tmp/ninlil-oss-final/gcc-sanitize
Test project /tmp/ninlil-oss-final/gcc-sanitize
    Start 40: field_replacement_posix
1/6 Test #40: field_replacement_posix ...........   Passed    3.87 sec
    Start 42: enrollment_posix
2/6 Test #42: enrollment_posix ..................   Passed   12.80 sec
    Start 43: discovery_posix
3/6 Test #43: discovery_posix ...................   Passed   13.20 sec
    Start 50: field_replacement_flash_runtime
4/6 Test #50: field_replacement_flash_runtime ...   Passed    3.69 sec
    Start 52: enrollment_flash_runtime
5/6 Test #52: enrollment_flash_runtime ..........   Passed   12.80 sec
    Start 53: discovery_flash_runtime
6/6 Test #53: discovery_flash_runtime ...........   Passed   13.15 sec

100% tests passed, 0 tests failed out of 6

Total Test time (real) =  59.52 sec
Internal ctest changing into directory: /tmp/ninlil-oss-final/clang-sanitize
Test project /tmp/ninlil-oss-final/clang-sanitize
    Start 40: field_replacement_posix
1/6 Test #40: field_replacement_posix ...........   Passed    4.72 sec
    Start 42: enrollment_posix
2/6 Test #42: enrollment_posix ..................   Passed   16.55 sec
    Start 43: discovery_posix
3/6 Test #43: discovery_posix ...................   Passed   17.22 sec
    Start 50: field_replacement_flash_runtime
4/6 Test #50: field_replacement_flash_runtime ...   Passed    4.76 sec
    Start 52: enrollment_flash_runtime
5/6 Test #52: enrollment_flash_runtime ..........   Passed   16.87 sec
    Start 53: discovery_flash_runtime
6/6 Test #53: discovery_flash_runtime ...........   Passed   17.58 sec

100% tests passed, 0 tests failed out of 6

Total Test time (real) =  77.71 sec
-- Configuring done (0.8s)
-- Generating done (0.1s)
-- Build files have been written to: /tmp/ninlil-oss-final/clang
EDHOC / PSA / identity / autonomous owner static analysis PASS
