node=1 time=250000 joined=1 peers=3 fault=0 handshake=0/0
clock=1 pending=0/0 prepare=0 apply=0 proof=0 wants=0 ready=0 authority=0 local=0
 contexts 1->2: 1df692d1aba28109d1e4a8a1d18e90cd 3d8a25c37759f321061c0349d85a14c9
 contexts 1->3: 13b503726e37b91a61b6fb4cd0b037a1 eebe70e421372aaf671dbd7d6e944350
 proof 0:000000000000000000000000000000000000000000000000000000000000000000000000000000000000000000000000
 proof 1:000000000000000000000000000000000000000000000000000000000000000000000000000000000000000000000000
 proof 2:000000000000000000000000000000000000000000000000000000000000000000000000000000000000000000000000
 proof 3:000000000000000000000000000000000000000000000000000000000000000000000000000000000000000000000000
 proof 4:000000000000000000000000000000000000000000000000000000000000000000000000000000000000000000000000
 peer=2 attempts=8 delivered=8 bits=255 age=6660 active=1 secure=1 drain=0
 peer=3 attempts=8 delivered=0 bits=0 age=5040 active=1 secure=1 drain=0
 edge=3-2 delivery=8 epoch=1 age=20856
 edge=3-1 delivery=0 epoch=1 age=14115
 edge=2-1 delivery=8 epoch=1 age=18278
 edge=2-3 delivery=8 epoch=1 age=12350
 edge=1-3 delivery=0 epoch=1 age=15162
 edge=1-2 delivery=8 epoch=1 age=16782
node=2 time=250000 joined=1 peers=3 fault=0 handshake=0/0
clock=1 pending=0/0 prepare=0 apply=0 proof=0 wants=0 ready=0 authority=0 local=0
 contexts 2->1: 1df692d1aba28109d1e4a8a1d18e90cd 3d8a25c37759f321061c0349d85a14c9
 contexts 2->3: c867087aa297a7b618376ffb203f609c f4743ce98ed9ce7be5948a2d9528f2a3
 peer=1 attempts=8 delivered=8 bits=255 age=8180 active=1 secure=1 drain=0
 peer=3 attempts=8 delivered=8 bits=255 age=2240 active=1 secure=1 drain=0
node=3 time=250000 joined=1 peers=3 fault=0 handshake=0/0
clock=1 pending=0/0 prepare=0 apply=0 proof=0 wants=0 ready=0 authority=0 local=0
 contexts 3->1: 13b503726e37b91a61b6fb4cd0b037a1 eebe70e421372aaf671dbd7d6e944350
 contexts 3->2: c867087aa297a7b618376ffb203f609c f4743ce98ed9ce7be5948a2d9528f2a3
 peer=1 attempts=8 delivered=0 bits=0 age=4260 active=1 secure=1 drain=0
 peer=2 attempts=8 delivered=8 bits=255 age=100 active=1 secure=1 drain=0
Node scheduling seed: 1
Autonomous sequence 1 restart mode 0 PASS
Autonomous sequence 2 restart mode 4 PASS
Root alone, durable live enrollment, encrypted Relay delivery, epoch fence PASS
