node=1 time=250000 joined=1 peers=3 fault=0 handshake=0/0
clock=1 pending=0/0 prepare=0 apply=0 proof=0 wants=0 ready=0 authority=0 local=0
 contexts 1->2: e8b99b882e1c38f03d1b9403d7edc80a 13fe9fee21eddb0c6cb63bb9b6b43d5b
 contexts 1->3: 7ddaad748167359298ec69cf9e168e7e 94ae37d0dd37860354dbf4d38c38934c
 proof 0:000000000000000000000000000000000000000000000000000000000000000000000000000000000000000000000000
 proof 1:000000000000000000000000000000000000000000000000000000000000000000000000000000000000000000000000
 proof 2:000000000000000000000000000000000000000000000000000000000000000000000000000000000000000000000000
 proof 3:000000000000000000000000000000000000000000000000000000000000000000000000000000000000000000000000
 proof 4:000000000000000000000000000000000000000000000000000000000000000000000000000000000000000000000000
 peer=2 attempts=8 delivered=8 bits=255 age=6660 active=1 secure=1 drain=0
 peer=3 attempts=8 delivered=0 bits=0 age=5040 active=1 secure=1 drain=0
 edge=3-2 delivery=8 epoch=1 age=20856
 edge=3-1 delivery=0 epoch=1 age=14115
 edge=2-1 delivery=8 epoch=1 age=18278
 edge=2-3 delivery=8 epoch=1 age=12350
 edge=1-3 delivery=0 epoch=1 age=15162
 edge=1-2 delivery=8 epoch=1 age=16782
node=2 time=250000 joined=1 peers=3 fault=0 handshake=0/0
clock=1 pending=0/0 prepare=0 apply=0 proof=0 wants=0 ready=0 authority=0 local=0
 contexts 2->1: e8b99b882e1c38f03d1b9403d7edc80a 13fe9fee21eddb0c6cb63bb9b6b43d5b
 contexts 2->3: 3a88bb940b76a59cce094fe8ed3e3ad8 d1e9d92cb3ec3c4875e5bb93669c65b0
 peer=1 attempts=8 delivered=8 bits=255 age=8180 active=1 secure=1 drain=0
 peer=3 attempts=8 delivered=8 bits=255 age=2240 active=1 secure=1 drain=0
node=3 time=250000 joined=1 peers=3 fault=0 handshake=0/0
clock=1 pending=0/0 prepare=0 apply=0 proof=0 wants=0 ready=0 authority=0 local=0
 contexts 3->1: 7ddaad748167359298ec69cf9e168e7e 94ae37d0dd37860354dbf4d38c38934c
 contexts 3->2: 3a88bb940b76a59cce094fe8ed3e3ad8 d1e9d92cb3ec3c4875e5bb93669c65b0
 peer=1 attempts=8 delivered=0 bits=0 age=4260 active=1 secure=1 drain=0
 peer=2 attempts=8 delivered=8 bits=255 age=100 active=1 secure=1 drain=0
Node scheduling seed: 1
Autonomous sequence 1 restart mode 0 PASS
Autonomous sequence 2 restart mode 4 PASS
Root alone, durable live enrollment, encrypted Relay delivery, epoch fence PASS
node=1 time=250000 joined=1 peers=3 fault=0 handshake=0/0
clock=1 pending=0/0 prepare=0 apply=0 proof=0 wants=0 ready=0 authority=0 local=0
 contexts 1->2: 814524430c4b246f8a52efd9ea77c718 a8b199112bb7d3ba708c6780387e6c60
 contexts 1->3: 7be008c743152c52dcb0058393280e57 384d0c6506c9688de06aab7a57b7138f
 proof 0:000000000000000000000000000000000000000000000000000000000000000000000000000000000000000000000000
 proof 1:000000000000000000000000000000000000000000000000000000000000000000000000000000000000000000000000
 proof 2:000000000000000000000000000000000000000000000000000000000000000000000000000000000000000000000000
 proof 3:000000000000000000000000000000000000000000000000000000000000000000000000000000000000000000000000
 proof 4:000000000000000000000000000000000000000000000000000000000000000000000000000000000000000000000000
 peer=2 attempts=8 delivered=8 bits=255 age=4980 active=1 secure=1 drain=0
 peer=3 attempts=8 delivered=0 bits=0 age=6120 active=1 secure=1 drain=0
 edge=2-3 delivery=8 epoch=1 age=13915
 edge=3-2 delivery=8 epoch=1 age=20333
 edge=3-1 delivery=0 epoch=1 age=20834
 edge=2-1 delivery=8 epoch=1 age=13253
 edge=1-3 delivery=0 epoch=1 age=16242
 edge=1-2 delivery=8 epoch=1 age=15102
node=2 time=250000 joined=1 peers=3 fault=0 handshake=0/0
clock=1 pending=0/0 prepare=0 apply=0 proof=0 wants=0 ready=0 authority=0 local=0
 contexts 2->1: 814524430c4b246f8a52efd9ea77c718 a8b199112bb7d3ba708c6780387e6c60
 contexts 2->3: d6120c4f595d263027ec5a88bf7f70a1 c2d127b8abf3ae49fe324af11b33ca8f
 peer=1 attempts=8 delivered=8 bits=255 age=3320 active=1 secure=1 drain=0
 peer=3 attempts=8 delivered=8 bits=255 age=3980 active=1 secure=1 drain=0
node=3 time=250000 joined=1 peers=3 fault=0 handshake=0/0
clock=1 pending=0/0 prepare=0 apply=0 proof=0 wants=0 ready=0 authority=0 local=0
 contexts 3->1: 7be008c743152c52dcb0058393280e57 384d0c6506c9688de06aab7a57b7138f
 contexts 3->2: d6120c4f595d263027ec5a88bf7f70a1 c2d127b8abf3ae49fe324af11b33ca8f
 peer=1 attempts=8 delivered=0 bits=0 age=10740 active=1 secure=1 drain=0
 peer=2 attempts=8 delivered=8 bits=255 age=10240 active=1 secure=1 drain=0
Node scheduling seed: 2
Autonomous sequence 1 restart mode 0 PASS
Autonomous sequence 2 restart mode 4 PASS
Root alone, durable live enrollment, encrypted Relay delivery, epoch fence PASS
node=1 time=250000 joined=1 peers=3 fault=0 handshake=0/0
clock=1 pending=0/0 prepare=0 apply=0 proof=0 wants=0 ready=0 authority=0 local=0
 contexts 1->2: 0446f8d763e8b89480bb16cf8e7371ac 03bee9c89d9ca63f08fea8cad612753a
 contexts 1->3: 363ce253cd610a7ddf1b3703e6d1115a 544eb76b822e4ea070a4bc6c0b9becae
 proof 0:000000000000000000000000000000000000000000000000000000000000000000000000000000000000000000000000
 proof 1:000000000000000000000000000000000000000000000000000000000000000000000000000000000000000000000000
 proof 2:000000000000000000000000000000000000000000000000000000000000000000000000000000000000000000000000
 proof 3:000000000000000000000000000000000000000000000000000000000000000000000000000000000000000000000000
 proof 4:000000000000000000000000000000000000000000000000000000000000000000000000000000000000000000000000
 peer=2 attempts=8 delivered=8 bits=255 age=5180 active=1 secure=1 drain=0
 peer=3 attempts=8 delivered=0 bits=0 age=3540 active=1 secure=1 drain=0
 edge=3-2 delivery=8 epoch=1 age=18093
 edge=3-1 delivery=0 epoch=1 age=21672
 edge=2-3 delivery=8 epoch=1 age=15755
 edge=2-1 delivery=8 epoch=1 age=12846
 edge=1-3 delivery=0 epoch=1 age=13662
 edge=1-2 delivery=8 epoch=1 age=15302
node=2 time=250000 joined=1 peers=3 fault=0 handshake=0/0
clock=1 pending=0/0 prepare=0 apply=0 proof=0 wants=0 ready=0 authority=0 local=0
 contexts 2->1: 0446f8d763e8b89480bb16cf8e7371ac 03bee9c89d9ca63f08fea8cad612753a
 contexts 2->3: 71ab5d305fc435d11db121234064afa3 7f1e56fdabe99839f87a667cb27b84d7
 peer=1 attempts=8 delivered=8 bits=255 age=3080 active=1 secure=1 drain=0
 peer=3 attempts=8 delivered=8 bits=255 age=5980 active=1 secure=1 drain=0
node=3 time=250000 joined=1 peers=3 fault=0 handshake=0/0
clock=1 pending=0/0 prepare=0 apply=0 proof=0 wants=0 ready=0 authority=0 local=0
 contexts 3->1: 363ce253cd610a7ddf1b3703e6d1115a 544eb76b822e4ea070a4bc6c0b9becae
 contexts 3->2: 71ab5d305fc435d11db121234064afa3 7f1e56fdabe99839f87a667cb27b84d7
 peer=1 attempts=8 delivered=0 bits=0 age=1060 active=1 secure=1 drain=0
 peer=2 attempts=8 delivered=8 bits=255 age=8500 active=1 secure=1 drain=0
Node scheduling seed: 3
Autonomous sequence 1 restart mode 0 PASS
Autonomous sequence 2 restart mode 4 PASS
Root alone, durable live enrollment, encrypted Relay delivery, epoch fence PASS
node=1 time=250000 joined=1 peers=3 fault=0 handshake=0/0
clock=1 pending=0/0 prepare=0 apply=0 proof=0 wants=0 ready=0 authority=0 local=0
 contexts 1->2: c95c2c5ecaf36fd20243141da75a2aec d13c1598c2b384ec1279dbe22892f243
 contexts 1->3: 040ba67e7f255e62b55612dad5f1ea89 6cd387bb36998401d9f15e6e37cb7586
 proof 0:000000000000000000000000000000000000000000000000000000000000000000000000000000000000000000000000
 proof 1:000000000000000000000000000000000000000000000000000000000000000000000000000000000000000000000000
 proof 2:000000000000000000000000000000000000000000000000000000000000000000000000000000000000000000000000
 proof 3:000000000000000000000000000000000000000000000000000000000000000000000000000000000000000000000000
 proof 4:000000000000000000000000000000000000000000000000000000000000000000000000000000000000000000000000
 peer=2 attempts=8 delivered=8 bits=255 age=4760 active=1 secure=1 drain=0
 peer=3 attempts=8 delivered=0 bits=0 age=5260 active=1 secure=1 drain=0
 edge=3-2 delivery=8 epoch=1 age=18971
 edge=3-1 delivery=0 epoch=1 age=19472
 edge=2-3 delivery=8 epoch=1 age=20037
 edge=2-1 delivery=8 epoch=1 age=11283
 edge=1-3 delivery=0 epoch=1 age=15382
 edge=1-2 delivery=8 epoch=1 age=14882
node=2 time=250000 joined=1 peers=3 fault=0 handshake=0/0
clock=1 pending=0/0 prepare=0 apply=0 proof=0 wants=0 ready=0 authority=0 local=0
 contexts 2->1: c95c2c5ecaf36fd20243141da75a2aec d13c1598c2b384ec1279dbe22892f243
 contexts 2->3: 8ff307d70a18e64ffa43a241b669ba8d c1330f604de4327c54e638306d385978
 peer=1 attempts=8 delivered=8 bits=255 age=1920 active=1 secure=1 drain=0
 peer=3 attempts=8 delivered=8 bits=255 age=10080 active=1 secure=1 drain=0
node=3 time=250000 joined=1 peers=3 fault=0 handshake=0/0
clock=1 pending=0/0 prepare=0 apply=0 proof=0 wants=0 ready=0 authority=0 local=0
 contexts 3->1: 040ba67e7f255e62b55612dad5f1ea89 6cd387bb36998401d9f15e6e37cb7586
 contexts 3->2: 8ff307d70a18e64ffa43a241b669ba8d c1330f604de4327c54e638306d385978
 peer=1 attempts=8 delivered=0 bits=0 age=9380 active=1 secure=1 drain=0
 peer=2 attempts=8 delivered=8 bits=255 age=8880 active=1 secure=1 drain=0
Node scheduling seed: 4
Autonomous sequence 1 restart mode 0 PASS
Autonomous sequence 2 restart mode 4 PASS
Root alone, durable live enrollment, encrypted Relay delivery, epoch fence PASS
node=1 time=250000 joined=1 peers=3 fault=0 handshake=0/0
clock=1 pending=0/0 prepare=0 apply=0 proof=0 wants=0 ready=0 authority=0 local=0
 contexts 1->2: b13fd1aebf0b4b88189dfc52c5cb2960 1a3395eadbb9a641dc78db173b9bf519
 contexts 1->3: c9ca67001a3b7e7e930a37d57535b2d1 f8f4ff3d60ed55b61c27509531ee3cb3
 proof 0:000000000000000000000000000000000000000000000000000000000000000000000000000000000000000000000000
 proof 1:000000000000000000000000000000000000000000000000000000000000000000000000000000000000000000000000
 proof 2:000000000000000000000000000000000000000000000000000000000000000000000000000000000000000000000000
 proof 3:000000000000000000000000000000000000000000000000000000000000000000000000000000000000000000000000
 proof 4:000000000000000000000000000000000000000000000000000000000000000000000000000000000000000000000000
 peer=2 attempts=8 delivered=8 bits=255 age=5640 active=1 secure=1 drain=0
 peer=3 attempts=8 delivered=0 bits=0 age=9960 active=1 secure=1 drain=0
 edge=3-2 delivery=7 epoch=1 age=15408
 edge=3-1 delivery=0 epoch=1 age=17273
 edge=2-1 delivery=8 epoch=1 age=10508
 edge=2-3 delivery=8 epoch=1 age=16914
 edge=1-3 delivery=0 epoch=1 age=20082
 edge=1-2 delivery=8 epoch=1 age=15762
node=2 time=250000 joined=1 peers=3 fault=0 handshake=0/0
clock=1 pending=0/0 prepare=0 apply=0 proof=0 wants=0 ready=0 authority=0 local=0
 contexts 2->1: b13fd1aebf0b4b88189dfc52c5cb2960 1a3395eadbb9a641dc78db173b9bf519
 contexts 2->3: 1714c4493da2d5b89bd181041bc61bbe 73552af82656e7098d5e1ddd152f5a67
 peer=1 attempts=8 delivered=8 bits=255 age=1400 active=1 secure=1 drain=0
 peer=3 attempts=8 delivered=8 bits=255 age=6980 active=1 secure=1 drain=0
node=3 time=250000 joined=1 peers=3 fault=0 handshake=0/0
clock=1 pending=0/0 prepare=0 apply=0 proof=0 wants=0 ready=0 authority=0 local=0
 contexts 3->1: c9ca67001a3b7e7e930a37d57535b2d1 f8f4ff3d60ed55b61c27509531ee3cb3
 contexts 3->2: 1714c4493da2d5b89bd181041bc61bbe 73552af82656e7098d5e1ddd152f5a67
 peer=1 attempts=8 delivered=0 bits=0 age=7180 active=1 secure=1 drain=0
 peer=2 attempts=8 delivered=8 bits=255 age=5320 active=1 secure=1 drain=0
Node scheduling seed: 5
Autonomous sequence 1 restart mode 0 PASS
Autonomous sequence 2 restart mode 4 PASS
Root alone, durable live enrollment, encrypted Relay delivery, epoch fence PASS
node=1 time=250000 joined=1 peers=3 fault=0 handshake=0/0
clock=1 pending=0/0 prepare=0 apply=0 proof=0 wants=0 ready=0 authority=0 local=0
 contexts 1->2: 71ad3c8506e2c91bcb02845f6b9e4396 18a2683cbf9d224ad134fae34febc715
 contexts 1->3: 3950f50da38720792ae0b5b9a9d44ac1 99a894416339bfdc7ff38296486bbb8f
 proof 0:000000000000000000000000000000000000000000000000000000000000000000000000000000000000000000000000
 proof 1:000000000000000000000000000000000000000000000000000000000000000000000000000000000000000000000000
 proof 2:000000000000000000000000000000000000000000000000000000000000000000000000000000000000000000000000
 proof 3:000000000000000000000000000000000000000000000000000000000000000000000000000000000000000000000000
 proof 4:000000000000000000000000000000000000000000000000000000000000000000000000000000000000000000000000
 peer=2 attempts=8 delivered=8 bits=255 age=5040 active=1 secure=1 drain=0
 peer=3 attempts=8 delivered=0 bits=0 age=3060 active=1 secure=1 drain=0
 edge=2-3 delivery=8 epoch=1 age=17399
 edge=3-2 delivery=8 epoch=1 age=11251
 edge=2-1 delivery=8 epoch=1 age=12986
 edge=3-1 delivery=0 epoch=1 age=19416
 edge=1-3 delivery=0 epoch=1 age=13182
 edge=1-2 delivery=8 epoch=1 age=15162
node=2 time=250000 joined=1 peers=3 fault=0 handshake=0/0
clock=1 pending=0/0 prepare=0 apply=0 proof=0 wants=0 ready=0 authority=0 local=0
 contexts 2->1: 71ad3c8506e2c91bcb02845f6b9e4396 18a2683cbf9d224ad134fae34febc715
 contexts 2->3: 49ae848cf60488fb392cd0fbe9ed31f9 ad58b693a07f2cb2d36bc5ef34822420
 peer=1 attempts=8 delivered=8 bits=255 age=2900 active=1 secure=1 drain=0
 peer=3 attempts=8 delivered=8 bits=255 age=7300 active=1 secure=1 drain=0
node=3 time=250000 joined=1 peers=3 fault=0 handshake=0/0
clock=1 pending=0/0 prepare=0 apply=0 proof=0 wants=0 ready=0 authority=0 local=0
 contexts 3->1: 3950f50da38720792ae0b5b9a9d44ac1 99a894416339bfdc7ff38296486bbb8f
 contexts 3->2: 49ae848cf60488fb392cd0fbe9ed31f9 ad58b693a07f2cb2d36bc5ef34822420
 peer=1 attempts=8 delivered=0 bits=0 age=9320 active=1 secure=1 drain=0
 peer=2 attempts=8 delivered=8 bits=255 age=1180 active=1 secure=1 drain=0
Node scheduling seed: 6
Autonomous sequence 1 restart mode 0 PASS
Autonomous sequence 2 restart mode 4 PASS
Root alone, durable live enrollment, encrypted Relay delivery, epoch fence PASS
node=1 time=250000 joined=1 peers=3 fault=0 handshake=0/0
clock=1 pending=0/0 prepare=0 apply=0 proof=0 wants=0 ready=0 authority=0 local=0
 contexts 1->2: 3b59f20c36e934d36482c344dc53015d 13cc7e12248f969547e1cd75212d1069
 contexts 1->3: a38af4d547bafd438d8fa3194d3da8a1 eb0b37bd57e15c4213fbad9cc0cb6e9b
 proof 0:000000000000000000000000000000000000000000000000000000000000000000000000000000000000000000000000
 proof 1:000000000000000000000000000000000000000000000000000000000000000000000000000000000000000000000000
 proof 2:000000000000000000000000000000000000000000000000000000000000000000000000000000000000000000000000
 proof 3:000000000000000000000000000000000000000000000000000000000000000000000000000000000000000000000000
 proof 4:000000000000000000000000000000000000000000000000000000000000000000000000000000000000000000000000
 peer=2 attempts=8 delivered=8 bits=255 age=6660 active=1 secure=1 drain=0
 peer=3 attempts=8 delivered=0 bits=0 age=5040 active=1 secure=1 drain=0
 edge=3-2 delivery=8 epoch=1 age=20856
 edge=3-1 delivery=0 epoch=1 age=14115
 edge=2-1 delivery=8 epoch=1 age=18278
 edge=2-3 delivery=8 epoch=1 age=12350
 edge=1-3 delivery=0 epoch=1 age=15162
 edge=1-2 delivery=8 epoch=1 age=16782
node=2 time=250000 joined=1 peers=3 fault=0 handshake=0/0
clock=1 pending=0/0 prepare=0 apply=0 proof=0 wants=0 ready=0 authority=0 local=0
 contexts 2->1: 3b59f20c36e934d36482c344dc53015d 13cc7e12248f969547e1cd75212d1069
 contexts 2->3: 3c50b7bdd3ef7ec0975d94f85d833f1e 1ce4279cfe6309573a2c216f6e61ff58
 peer=1 attempts=8 delivered=8 bits=255 age=8180 active=1 secure=1 drain=0
 peer=3 attempts=8 delivered=8 bits=255 age=2240 active=1 secure=1 drain=0
node=3 time=250000 joined=1 peers=3 fault=0 handshake=0/0
clock=1 pending=0/0 prepare=0 apply=0 proof=0 wants=0 ready=0 authority=0 local=0
 contexts 3->1: a38af4d547bafd438d8fa3194d3da8a1 eb0b37bd57e15c4213fbad9cc0cb6e9b
 contexts 3->2: 3c50b7bdd3ef7ec0975d94f85d833f1e 1ce4279cfe6309573a2c216f6e61ff58
 peer=1 attempts=8 delivered=0 bits=0 age=4260 active=1 secure=1 drain=0
 peer=2 attempts=8 delivered=8 bits=255 age=100 active=1 secure=1 drain=0
Node scheduling seed: 1
Autonomous sequence 1 restart mode 0 PASS
Autonomous sequence 2 restart mode 4 PASS
Root alone, durable live enrollment, encrypted Relay delivery, epoch fence PASS
node=1 time=250000 joined=1 peers=3 fault=0 handshake=0/0
clock=1 pending=0/0 prepare=0 apply=0 proof=0 wants=0 ready=0 authority=0 local=0
 contexts 1->2: 535af841ba27579bd7e065be4387e25a 6d9fb3854a08fc3b329da84ded012a19
 contexts 1->3: 951c50a1807fcc47a349a2d67bb8bde6 68f77e09cff8f5f2814f9551eeecf078
 proof 0:000000000000000000000000000000000000000000000000000000000000000000000000000000000000000000000000
 proof 1:000000000000000000000000000000000000000000000000000000000000000000000000000000000000000000000000
 proof 2:000000000000000000000000000000000000000000000000000000000000000000000000000000000000000000000000
 proof 3:000000000000000000000000000000000000000000000000000000000000000000000000000000000000000000000000
 proof 4:000000000000000000000000000000000000000000000000000000000000000000000000000000000000000000000000
 peer=2 attempts=8 delivered=8 bits=255 age=4980 active=1 secure=1 drain=0
 peer=3 attempts=8 delivered=0 bits=0 age=6120 active=1 secure=1 drain=0
 edge=2-3 delivery=8 epoch=1 age=13915
 edge=3-2 delivery=8 epoch=1 age=20333
 edge=3-1 delivery=0 epoch=1 age=20834
 edge=2-1 delivery=8 epoch=1 age=13253
 edge=1-3 delivery=0 epoch=1 age=16242
 edge=1-2 delivery=8 epoch=1 age=15102
node=2 time=250000 joined=1 peers=3 fault=0 handshake=0/0
clock=1 pending=0/0 prepare=0 apply=0 proof=0 wants=0 ready=0 authority=0 local=0
 contexts 2->1: 535af841ba27579bd7e065be4387e25a 6d9fb3854a08fc3b329da84ded012a19
 contexts 2->3: ffb0e11b1df868d947f772fb7e81c429 f297413f97887647678ba14bd4982895
 peer=1 attempts=8 delivered=8 bits=255 age=3320 active=1 secure=1 drain=0
 peer=3 attempts=8 delivered=8 bits=255 age=3980 active=1 secure=1 drain=0
node=3 time=250000 joined=1 peers=3 fault=0 handshake=0/0
clock=1 pending=0/0 prepare=0 apply=0 proof=0 wants=0 ready=0 authority=0 local=0
 contexts 3->1: 951c50a1807fcc47a349a2d67bb8bde6 68f77e09cff8f5f2814f9551eeecf078
 contexts 3->2: ffb0e11b1df868d947f772fb7e81c429 f297413f97887647678ba14bd4982895
 peer=1 attempts=8 delivered=0 bits=0 age=10740 active=1 secure=1 drain=0
 peer=2 attempts=8 delivered=8 bits=255 age=10240 active=1 secure=1 drain=0
Node scheduling seed: 2
Autonomous sequence 1 restart mode 0 PASS
Autonomous sequence 2 restart mode 4 PASS
Root alone, durable live enrollment, encrypted Relay delivery, epoch fence PASS
node=1 time=250000 joined=1 peers=3 fault=0 handshake=0/0
clock=1 pending=0/0 prepare=0 apply=0 proof=0 wants=0 ready=0 authority=0 local=0
 contexts 1->2: 72e2c53dc92a3b9418617dca6c0aae06 8fdc7edaa6d44c0b8ffab3b3a2c9eb05
 contexts 1->3: b724c2be9f72ecabfe05bfba78dd7d6c 40ea627a324e2e20af15c66ac08fee2f
 proof 0:000000000000000000000000000000000000000000000000000000000000000000000000000000000000000000000000
 proof 1:000000000000000000000000000000000000000000000000000000000000000000000000000000000000000000000000
 proof 2:000000000000000000000000000000000000000000000000000000000000000000000000000000000000000000000000
 proof 3:000000000000000000000000000000000000000000000000000000000000000000000000000000000000000000000000
 proof 4:000000000000000000000000000000000000000000000000000000000000000000000000000000000000000000000000
 peer=2 attempts=8 delivered=8 bits=255 age=5180 active=1 secure=1 drain=0
 peer=3 attempts=8 delivered=0 bits=0 age=3540 active=1 secure=1 drain=0
 edge=3-2 delivery=8 epoch=1 age=18093
 edge=3-1 delivery=0 epoch=1 age=21672
 edge=2-3 delivery=8 epoch=1 age=15755
 edge=2-1 delivery=8 epoch=1 age=12846
 edge=1-3 delivery=0 epoch=1 age=13662
 edge=1-2 delivery=8 epoch=1 age=15302
node=2 time=250000 joined=1 peers=3 fault=0 handshake=0/0
clock=1 pending=0/0 prepare=0 apply=0 proof=0 wants=0 ready=0 authority=0 local=0
 contexts 2->1: 72e2c53dc92a3b9418617dca6c0aae06 8fdc7edaa6d44c0b8ffab3b3a2c9eb05
 contexts 2->3: 8be73ba4f851ee32512e9ead077a14f9 616b3b1171b696036ec33551988b09b9
 peer=1 attempts=8 delivered=8 bits=255 age=3080 active=1 secure=1 drain=0
 peer=3 attempts=8 delivered=8 bits=255 age=5980 active=1 secure=1 drain=0
node=3 time=250000 joined=1 peers=3 fault=0 handshake=0/0
clock=1 pending=0/0 prepare=0 apply=0 proof=0 wants=0 ready=0 authority=0 local=0
 contexts 3->1: b724c2be9f72ecabfe05bfba78dd7d6c 40ea627a324e2e20af15c66ac08fee2f
 contexts 3->2: 8be73ba4f851ee32512e9ead077a14f9 616b3b1171b696036ec33551988b09b9
 peer=1 attempts=8 delivered=0 bits=0 age=1060 active=1 secure=1 drain=0
 peer=2 attempts=8 delivered=8 bits=255 age=8500 active=1 secure=1 drain=0
Node scheduling seed: 3
Autonomous sequence 1 restart mode 0 PASS
Autonomous sequence 2 restart mode 4 PASS
Root alone, durable live enrollment, encrypted Relay delivery, epoch fence PASS
node=1 time=250000 joined=1 peers=3 fault=0 handshake=0/0
clock=1 pending=0/0 prepare=0 apply=0 proof=0 wants=0 ready=0 authority=0 local=0
 contexts 1->2: ffda50c97c1386f46e8a0736614c2eed 0713550da4c8ee7f3cc38134c4f85cf4
 contexts 1->3: 8dc8d09145558267c0970722b11d712d d8c29d6e8ca1c580e7d2c626a1cf5704
 proof 0:000000000000000000000000000000000000000000000000000000000000000000000000000000000000000000000000
 proof 1:000000000000000000000000000000000000000000000000000000000000000000000000000000000000000000000000
 proof 2:000000000000000000000000000000000000000000000000000000000000000000000000000000000000000000000000
 proof 3:000000000000000000000000000000000000000000000000000000000000000000000000000000000000000000000000
 proof 4:000000000000000000000000000000000000000000000000000000000000000000000000000000000000000000000000
 peer=2 attempts=8 delivered=8 bits=255 age=4760 active=1 secure=1 drain=0
 peer=3 attempts=8 delivered=0 bits=0 age=5260 active=1 secure=1 drain=0
 edge=3-2 delivery=8 epoch=1 age=18971
 edge=3-1 delivery=0 epoch=1 age=19472
 edge=2-3 delivery=8 epoch=1 age=20037
 edge=2-1 delivery=8 epoch=1 age=11283
 edge=1-3 delivery=0 epoch=1 age=15382
 edge=1-2 delivery=8 epoch=1 age=14882
node=2 time=250000 joined=1 peers=3 fault=0 handshake=0/0
clock=1 pending=0/0 prepare=0 apply=0 proof=0 wants=0 ready=0 authority=0 local=0
 contexts 2->1: ffda50c97c1386f46e8a0736614c2eed 0713550da4c8ee7f3cc38134c4f85cf4
 contexts 2->3: 4bc7d055d0dde106c864a3b5aba7b227 7d7e661b1282e9375e7202178930b732
 peer=1 attempts=8 delivered=8 bits=255 age=1920 active=1 secure=1 drain=0
 peer=3 attempts=8 delivered=8 bits=255 age=10080 active=1 secure=1 drain=0
node=3 time=250000 joined=1 peers=3 fault=0 handshake=0/0
clock=1 pending=0/0 prepare=0 apply=0 proof=0 wants=0 ready=0 authority=0 local=0
 contexts 3->1: 8dc8d09145558267c0970722b11d712d d8c29d6e8ca1c580e7d2c626a1cf5704
 contexts 3->2: 4bc7d055d0dde106c864a3b5aba7b227 7d7e661b1282e9375e7202178930b732
 peer=1 attempts=8 delivered=0 bits=0 age=9380 active=1 secure=1 drain=0
 peer=2 attempts=8 delivered=8 bits=255 age=8880 active=1 secure=1 drain=0
Node scheduling seed: 4
Autonomous sequence 1 restart mode 0 PASS
Autonomous sequence 2 restart mode 4 PASS
Root alone, durable live enrollment, encrypted Relay delivery, epoch fence PASS
node=1 time=250000 joined=1 peers=3 fault=0 handshake=0/0
clock=1 pending=0/0 prepare=0 apply=0 proof=0 wants=0 ready=0 authority=0 local=0
 contexts 1->2: 4177edb40ff874e6d18bc1106bbc5261 d02b63a543d4a3f68543126ebb73cac7
 contexts 1->3: a6909496030ad8642581138926450e1f 2b612c1a9b30225c56b94f864815d177
 proof 0:000000000000000000000000000000000000000000000000000000000000000000000000000000000000000000000000
 proof 1:000000000000000000000000000000000000000000000000000000000000000000000000000000000000000000000000
 proof 2:000000000000000000000000000000000000000000000000000000000000000000000000000000000000000000000000
 proof 3:000000000000000000000000000000000000000000000000000000000000000000000000000000000000000000000000
 proof 4:000000000000000000000000000000000000000000000000000000000000000000000000000000000000000000000000
 peer=2 attempts=8 delivered=8 bits=255 age=5640 active=1 secure=1 drain=0
 peer=3 attempts=8 delivered=0 bits=0 age=9960 active=1 secure=1 drain=0
 edge=3-2 delivery=7 epoch=1 age=15408
 edge=3-1 delivery=0 epoch=1 age=17273
 edge=2-1 delivery=8 epoch=1 age=10508
 edge=2-3 delivery=8 epoch=1 age=16914
 edge=1-3 delivery=0 epoch=1 age=20082
 edge=1-2 delivery=8 epoch=1 age=15762
node=2 time=250000 joined=1 peers=3 fault=0 handshake=0/0
clock=1 pending=0/0 prepare=0 apply=0 proof=0 wants=0 ready=0 authority=0 local=0
 contexts 2->1: 4177edb40ff874e6d18bc1106bbc5261 d02b63a543d4a3f68543126ebb73cac7
 contexts 2->3: 39c1e370afa87254e2fd0f0e5d883760 511f640e49a0f966e1bfae4a3c738511
 peer=1 attempts=8 delivered=8 bits=255 age=1400 active=1 secure=1 drain=0
 peer=3 attempts=8 delivered=8 bits=255 age=6980 active=1 secure=1 drain=0
node=3 time=250000 joined=1 peers=3 fault=0 handshake=0/0
clock=1 pending=0/0 prepare=0 apply=0 proof=0 wants=0 ready=0 authority=0 local=0
 contexts 3->1: a6909496030ad8642581138926450e1f 2b612c1a9b30225c56b94f864815d177
 contexts 3->2: 39c1e370afa87254e2fd0f0e5d883760 511f640e49a0f966e1bfae4a3c738511
 peer=1 attempts=8 delivered=0 bits=0 age=7180 active=1 secure=1 drain=0
 peer=2 attempts=8 delivered=8 bits=255 age=5320 active=1 secure=1 drain=0
Node scheduling seed: 5
Autonomous sequence 1 restart mode 0 PASS
Autonomous sequence 2 restart mode 4 PASS
Root alone, durable live enrollment, encrypted Relay delivery, epoch fence PASS
node=1 time=250000 joined=1 peers=3 fault=0 handshake=0/0
clock=1 pending=0/0 prepare=0 apply=0 proof=0 wants=0 ready=0 authority=0 local=0
 contexts 1->2: f49e875f06d3e93d17a8c2d82f76557d 34a712e512159209906ee012562903f2
 contexts 1->3: 58ce3550b9d170a88f6d7e5979fc7250 d9da9d201ffaa07333bc08cfc71ec73f
 proof 0:000000000000000000000000000000000000000000000000000000000000000000000000000000000000000000000000
 proof 1:000000000000000000000000000000000000000000000000000000000000000000000000000000000000000000000000
 proof 2:000000000000000000000000000000000000000000000000000000000000000000000000000000000000000000000000
 proof 3:000000000000000000000000000000000000000000000000000000000000000000000000000000000000000000000000
 proof 4:000000000000000000000000000000000000000000000000000000000000000000000000000000000000000000000000
 peer=2 attempts=8 delivered=8 bits=255 age=5040 active=1 secure=1 drain=0
 peer=3 attempts=8 delivered=0 bits=0 age=3060 active=1 secure=1 drain=0
 edge=2-3 delivery=8 epoch=1 age=17399
 edge=3-2 delivery=8 epoch=1 age=11251
 edge=2-1 delivery=8 epoch=1 age=12986
 edge=3-1 delivery=0 epoch=1 age=19416
 edge=1-3 delivery=0 epoch=1 age=13182
 edge=1-2 delivery=8 epoch=1 age=15162
node=2 time=250000 joined=1 peers=3 fault=0 handshake=0/0
clock=1 pending=0/0 prepare=0 apply=0 proof=0 wants=0 ready=0 authority=0 local=0
 contexts 2->1: f49e875f06d3e93d17a8c2d82f76557d 34a712e512159209906ee012562903f2
 contexts 2->3: 261077c165e5acf536debccee2506282 a42f634de51f47f7d25322b7e0c9ec0f
 peer=1 attempts=8 delivered=8 bits=255 age=2900 active=1 secure=1 drain=0
 peer=3 attempts=8 delivered=8 bits=255 age=7300 active=1 secure=1 drain=0
node=3 time=250000 joined=1 peers=3 fault=0 handshake=0/0
clock=1 pending=0/0 prepare=0 apply=0 proof=0 wants=0 ready=0 authority=0 local=0
 contexts 3->1: 58ce3550b9d170a88f6d7e5979fc7250 d9da9d201ffaa07333bc08cfc71ec73f
 contexts 3->2: 261077c165e5acf536debccee2506282 a42f634de51f47f7d25322b7e0c9ec0f
 peer=1 attempts=8 delivered=0 bits=0 age=9320 active=1 secure=1 drain=0
 peer=2 attempts=8 delivered=8 bits=255 age=1180 active=1 secure=1 drain=0
Node scheduling seed: 6
Autonomous sequence 1 restart mode 0 PASS
Autonomous sequence 2 restart mode 4 PASS
Root alone, durable live enrollment, encrypted Relay delivery, epoch fence PASS
