Internal ctest changing into directory: /tmp/ninlil-oss-final/gcc
Test project /tmp/ninlil-oss-final/gcc
    Start 46: lost_effective_ack_posix
1/2 Test #46: lost_effective_ack_posix ...........***Failed    5.04 sec
node=1 time=250000 joined=1 peers=3 fault=0 handshake=0/0
clock=1 pending=0/0 prepare=0 apply=0 proof=0 wants=0 ready=0 authority=0 local=0
 contexts 1->2: b62d1cc40dcf20d7e679801648f8ca9d 864bf66743382cbc7f4bdd22435ed23f
 contexts 1->3: d2d6bf0a9ade8fef9d4daa0f7d6d5ebe a44f71c2174571468e2d50efce76320d
 proof 0:000000000000000000000000000000000000000000000000000000000000000000000000000000000000000000000000
 proof 1:000000000000000000000000000000000000000000000000000000000000000000000000000000000000000000000000
 proof 2:000000000000000000000000000000000000000000000000000000000000000000000000000000000000000000000000
 proof 3:000000000000000000000000000000000000000000000000000000000000000000000000000000000000000000000000
 proof 4:000000000000000000000000000000000000000000000000000000000000000000000000000000000000000000000000
 peer=2 attempts=8 delivered=8 bits=255 age=3220 active=1 secure=1 drain=0
 peer=3 attempts=8 delivered=0 bits=0 age=4360 active=1 secure=1 drain=0
 edge=3-2 delivery=8 epoch=1 age=17736
 edge=2-3 delivery=8 epoch=1 age=17809
 edge=3-1 delivery=0 epoch=1 age=12500
 edge=2-1 delivery=8 epoch=1 age=11936
 edge=1-3 delivery=0 epoch=1 age=14482
 edge=1-2 delivery=8 epoch=1 age=13342
node=2 time=250000 joined=1 peers=3 fault=0 handshake=0/0
clock=1 pending=0/0 prepare=0 apply=0 proof=0 wants=0 ready=0 authority=0 local=0
 contexts 2->1: b62d1cc40dcf20d7e679801648f8ca9d 864bf66743382cbc7f4bdd22435ed23f
 contexts 2->3: b6c6ff575d85c196b9f7fc69fcb05f16 8f6c272d53d5b037dd4e9be5ba491d4c
 peer=1 attempts=8 delivered=8 bits=255 age=1820 active=1 secure=1 drain=0
 peer=3 attempts=8 delivered=8 bits=255 age=8160 active=1 secure=1 drain=0
node=3 time=250000 joined=1 peers=3 fault=0 handshake=0/0
clock=1 pending=0/0 prepare=0 apply=0 proof=0 wants=0 ready=0 authority=0 local=0
 contexts 3->1: d2d6bf0a9ade8fef9d4daa0f7d6d5ebe a44f71c2174571468e2d50efce76320d
 contexts 3->2: b6c6ff575d85c196b9f7fc69fcb05f16 8f6c272d53d5b037dd4e9be5ba491d4c
 peer=1 attempts=8 delivered=0 bits=0 age=2440 active=1 secure=1 drain=0
 peer=2 attempts=8 delivered=8 bits=255 age=7660 active=1 secure=1 drain=0
node=1 time=720680 joined=1 peers=3 fault=0 handshake=0/0
clock=1 pending=0/0 prepare=0 apply=0 proof=7 wants=1 ready=1 authority=1 local=1
 flow=31 epoch=9 retired=0 ready=3 notice=3 proofepoch=9 live=7 phase=3 end=12885042908
 contexts 1->2: 88b7a3896deadab5377e515d0e114d9c 67e2bb6fafcfb43b65993f2004769b88
 contexts 1->3: f7c3040ac2e7e66e17dde9805f5db054 025d097669c4e6a350280d849e8a355e
 proof 0:0000000000000000000000000000000067e2bb6fafcfb43b65993f2004769b88f7c3040ac2e7e66e17dde9805f5db054
 proof 1:67e2bb6fafcfb43b65993f2004769b88a6e31679062b218fde9227ceb4d0fc6e00000000000000000000000000000000
 proof 2:a6e31679062b218fde9227ceb4d0fc6e00000000000000000000000000000000f7c3040ac2e7e66e17dde9805f5db054
 proof 3:000000000000000000000000000000000000000000000000000000000000000000000000000000000000000000000000
 proof 4:000000000000000000000000000000000000000000000000000000000000000000000000000000000000000000000000
 peer=2 attempts=8 delivered=8 bits=255 age=7260 active=1 secure=1 drain=0
 peer=3 attempts=8 delivered=0 bits=0 age=4760 active=1 secure=1 drain=0
 edge=3-1 delivery=0 epoch=1 age=19958
 edge=3-2 delivery=8 epoch=1 age=20469
 edge=2-1 delivery=8 epoch=1 age=17978
 edge=1-3 delivery=0 epoch=1 age=14882
 edge=2-3 delivery=8 epoch=1 age=19483
 edge=1-2 delivery=8 epoch=1 age=17382
node=2 time=720680 joined=1 peers=3 fault=0 handshake=0/0
clock=1 pending=0/0 prepare=0 apply=0 proof=0 wants=0 ready=1 authority=0 local=1
 flow=31 epoch=9 retired=0 ready=3 notice=0 proofepoch=0 live=0 phase=3 end=12885042908
 contexts 2->1: 88b7a3896deadab5377e515d0e114d9c 67e2bb6fafcfb43b65993f2004769b88
 contexts 2->3: 86fa071e6a249f2196ad2831c3dced18 a6e31679062b218fde9227ceb4d0fc6e
 peer=1 attempts=8 delivered=8 bits=255 age=8780 active=1 secure=1 drain=0
 peer=3 attempts=8 delivered=8 bits=255 age=10280 active=1 secure=1 drain=0
node=3 time=720680 joined=1 peers=3 fault=0 handshake=0/0
clock=1 pending=0/0 prepare=0 apply=0 proof=0 wants=1 ready=1 authority=0 local=1
 flow=31 epoch=9 retired=0 ready=3 notice=0 proofepoch=0 live=0 phase=3 end=12885042908
 contexts 3->1: f7c3040ac2e7e66e17dde9805f5db054 025d097669c4e6a350280d849e8a355e
 contexts 3->2: 86fa071e6a249f2196ad2831c3dced18 a6e31679062b218fde9227ceb4d0fc6e
 peer=1 attempts=8 delivered=0 bits=0 age=680 active=1 secure=1 drain=0
 peer=2 attempts=8 delivered=8 bits=255 age=1180 active=1 secure=1 drain=0
message outcome=0 evidence=0 applications=2 before=1
427: now < until && delivered_app == before + 1u
Node scheduling seed: 4
Autonomous sequence 1 restart mode 0 PASS

    Start 58: lost_effective_ack_flash_runtime
2/2 Test #58: lost_effective_ack_flash_runtime ...***Failed    5.11 sec
node=1 time=250000 joined=1 peers=3 fault=0 handshake=0/0
clock=1 pending=0/0 prepare=0 apply=0 proof=0 wants=0 ready=0 authority=0 local=0
 contexts 1->2: 18fb314be6235327a9ee543259f9ca65 2b28b4890cf1dba52b851f0cea34253b
 contexts 1->3: 5fe7384fe596e45bc6190864e478e4c4 4dd5316df0bcd216e1d9093e49e73195
 proof 0:000000000000000000000000000000000000000000000000000000000000000000000000000000000000000000000000
 proof 1:000000000000000000000000000000000000000000000000000000000000000000000000000000000000000000000000
 proof 2:000000000000000000000000000000000000000000000000000000000000000000000000000000000000000000000000
 proof 3:000000000000000000000000000000000000000000000000000000000000000000000000000000000000000000000000
 proof 4:000000000000000000000000000000000000000000000000000000000000000000000000000000000000000000000000
 peer=2 attempts=8 delivered=8 bits=255 age=3220 active=1 secure=1 drain=0
 peer=3 attempts=8 delivered=0 bits=0 age=4360 active=1 secure=1 drain=0
 edge=3-2 delivery=8 epoch=1 age=17736
 edge=2-3 delivery=8 epoch=1 age=17809
 edge=3-1 delivery=0 epoch=1 age=12500
 edge=2-1 delivery=8 epoch=1 age=11936
 edge=1-3 delivery=0 epoch=1 age=14482
 edge=1-2 delivery=8 epoch=1 age=13342
node=2 time=250000 joined=1 peers=3 fault=0 handshake=0/0
clock=1 pending=0/0 prepare=0 apply=0 proof=0 wants=0 ready=0 authority=0 local=0
 contexts 2->1: 18fb314be6235327a9ee543259f9ca65 2b28b4890cf1dba52b851f0cea34253b
 contexts 2->3: 6289f27b3f49a94f1c02f478c7fa9a0a d290e17c02f1d5cf58934b99ff90d4b5
 peer=1 attempts=8 delivered=8 bits=255 age=1820 active=1 secure=1 drain=0
 peer=3 attempts=8 delivered=8 bits=255 age=8160 active=1 secure=1 drain=0
node=3 time=250000 joined=1 peers=3 fault=0 handshake=0/0
clock=1 pending=0/0 prepare=0 apply=0 proof=0 wants=0 ready=0 authority=0 local=0
 contexts 3->1: 5fe7384fe596e45bc6190864e478e4c4 4dd5316df0bcd216e1d9093e49e73195
 contexts 3->2: 6289f27b3f49a94f1c02f478c7fa9a0a d290e17c02f1d5cf58934b99ff90d4b5
 peer=1 attempts=8 delivered=0 bits=0 age=2440 active=1 secure=1 drain=0
 peer=2 attempts=8 delivered=8 bits=255 age=7660 active=1 secure=1 drain=0
node=1 time=720680 joined=1 peers=3 fault=0 handshake=0/0
clock=1 pending=0/0 prepare=0 apply=0 proof=7 wants=1 ready=1 authority=1 local=1
 flow=31 epoch=9 retired=0 ready=3 notice=3 proofepoch=9 live=7 phase=3 end=12885042908
 contexts 1->2: b9e99cf8143d27994f8e9d068cb484d2 726ebcb07a59f8adbe6fdae32a23f910
 contexts 1->3: 3c4b5f2801bc8bc43f35a9dd7ab59f10 5096a78b77e48f6c34ad934bc3fdfa3b
 proof 0:00000000000000000000000000000000726ebcb07a59f8adbe6fdae32a23f9103c4b5f2801bc8bc43f35a9dd7ab59f10
 proof 1:726ebcb07a59f8adbe6fdae32a23f9102e219884044ea48a9a272e1125e96c0500000000000000000000000000000000
 proof 2:2e219884044ea48a9a272e1125e96c05000000000000000000000000000000003c4b5f2801bc8bc43f35a9dd7ab59f10
 proof 3:000000000000000000000000000000000000000000000000000000000000000000000000000000000000000000000000
 proof 4:000000000000000000000000000000000000000000000000000000000000000000000000000000000000000000000000
 peer=2 attempts=8 delivered=8 bits=255 age=7260 active=1 secure=1 drain=0
 peer=3 attempts=8 delivered=0 bits=0 age=4760 active=1 secure=1 drain=0
 edge=3-1 delivery=0 epoch=1 age=19958
 edge=3-2 delivery=8 epoch=1 age=20469
 edge=2-1 delivery=8 epoch=1 age=17978
 edge=1-3 delivery=0 epoch=1 age=14882
 edge=2-3 delivery=8 epoch=1 age=19483
 edge=1-2 delivery=8 epoch=1 age=17382
node=2 time=720680 joined=1 peers=3 fault=0 handshake=0/0
clock=1 pending=0/0 prepare=0 apply=0 proof=0 wants=0 ready=1 authority=0 local=1
 flow=31 epoch=9 retired=0 ready=3 notice=0 proofepoch=0 live=0 phase=3 end=12885042908
 contexts 2->1: b9e99cf8143d27994f8e9d068cb484d2 726ebcb07a59f8adbe6fdae32a23f910
 contexts 2->3: ea207121969ee82289cd6fbb839fff65 2e219884044ea48a9a272e1125e96c05
 peer=1 attempts=8 delivered=8 bits=255 age=8780 active=1 secure=1 drain=0
 peer=3 attempts=8 delivered=8 bits=255 age=10280 active=1 secure=1 drain=0
node=3 time=720680 joined=1 peers=3 fault=0 handshake=0/0
clock=1 pending=0/0 prepare=0 apply=0 proof=0 wants=1 ready=1 authority=0 local=1
 flow=31 epoch=9 retired=0 ready=3 notice=0 proofepoch=0 live=0 phase=3 end=12885042908
 contexts 3->1: 3c4b5f2801bc8bc43f35a9dd7ab59f10 5096a78b77e48f6c34ad934bc3fdfa3b
 contexts 3->2: ea207121969ee82289cd6fbb839fff65 2e219884044ea48a9a272e1125e96c05
 peer=1 attempts=8 delivered=0 bits=0 age=680 active=1 secure=1 drain=0
 peer=2 attempts=8 delivered=8 bits=255 age=1180 active=1 secure=1 drain=0
message outcome=0 evidence=0 applications=2 before=1
427: now < until && delivered_app == before + 1u
Node scheduling seed: 4
Autonomous sequence 1 restart mode 0 PASS


0% tests passed, 2 tests failed out of 2

Total Test time (real) =  10.15 sec

The following tests FAILED:
	 46 - lost_effective_ack_posix (Failed)
	 58 - lost_effective_ack_flash_runtime (Failed)
Errors while running CTest
