Internal ctest changing into directory: /tmp/ninlil-oss-final/clang-sanitize
Test project /tmp/ninlil-oss-final/clang-sanitize
      Start  1: m1_hil_delivery
 1/63 Test  #1: m1_hil_delivery ............................   Passed    3.26 sec
      Start  2: m1_core
 2/63 Test  #2: m1_core ....................................   Passed    0.40 sec
      Start  3: core_quota_retry
 3/63 Test  #3: core_quota_retry ...........................   Passed    0.08 sec
      Start  4: collection_posix
 4/63 Test  #4: collection_posix ...........................   Passed   13.17 sec
      Start  5: collection_flash_runtime
 5/63 Test  #5: collection_flash_runtime ...................   Passed   14.85 sec
      Start  6: p0_delivery_state
 6/63 Test  #6: p0_delivery_state ..........................   Passed   21.92 sec
      Start  7: posix_collection_publication
 7/63 Test  #7: posix_collection_publication ...............   Passed    0.09 sec
      Start  8: p0_operations
 8/63 Test  #8: p0_operations ..............................   Passed    0.02 sec
      Start  9: m1_diag_radio
 9/63 Test  #9: m1_diag_radio ..............................   Passed    0.02 sec
      Start 10: m1_flash
10/63 Test #10: m1_flash ...................................   Passed    0.02 sec
      Start 11: flash_collection_cuts
11/63 Test #11: flash_collection_cuts ......................   Passed    0.02 sec
      Start 12: m1_radio_delivery
12/63 Test #12: m1_radio_delivery ..........................   Passed    4.93 sec
      Start 13: m3_security_state
13/63 Test #13: m3_security_state ..........................   Passed    0.03 sec
      Start 14: m3_security_partitions
14/63 Test #14: m3_security_partitions .....................   Passed    0.02 sec
      Start 15: m1_sx1262_hal
15/63 Test #15: m1_sx1262_hal ..............................   Passed    0.01 sec
      Start 16: m1_sx1262_physical
16/63 Test #16: m1_sx1262_physical .........................   Passed    0.02 sec
      Start 17: w02_sim_model
17/63 Test #17: w02_sim_model ..............................   Passed    0.02 sec
      Start 18: w02_sim_scenarios
18/63 Test #18: w02_sim_scenarios ..........................   Passed   27.11 sec
      Start 19: w02_direct
19/63 Test #19: w02_direct .................................   Passed    0.32 sec
      Start 20: w02_star
20/63 Test #20: w02_star ...................................   Passed    1.76 sec
      Start 21: w02_recovery
21/63 Test #21: w02_recovery ...............................   Passed    2.42 sec
      Start 22: bulk_resume_posix
22/63 Test #22: bulk_resume_posix ..........................   Passed  114.27 sec
      Start 23: bulk_cold_session_posix
23/63 Test #23: bulk_cold_session_posix ....................   Passed    0.07 sec
      Start 24: bulk_resume_flash_runtime
24/63 Test #24: bulk_resume_flash_runtime ..................   Passed  210.19 sec
      Start 25: bulk_cold_session_flash_runtime
25/63 Test #25: bulk_cold_session_flash_runtime ............   Passed    0.07 sec
      Start 26: m2_secure_envelope
26/63 Test #26: m2_secure_envelope .........................   Passed    0.01 sec
      Start 27: m2_edhoc_handshake
27/63 Test #27: m2_edhoc_handshake .........................   Passed    0.97 sec
      Start 28: persistent_identity
28/63 Test #28: persistent_identity ........................   Passed    2.30 sec
      Start 29: m3_join_lifecycle
29/63 Test #29: m3_join_lifecycle ..........................   Passed    0.01 sec
      Start 30: m4_m5_network_control
30/63 Test #30: m4_m5_network_control ......................   Passed    0.01 sec
      Start 31: network_restart_fences
31/63 Test #31: network_restart_fences .....................   Passed    0.01 sec
      Start 32: separate_preparation_lease
32/63 Test #32: separate_preparation_lease .................   Passed    0.01 sec
      Start 33: lease_clock_restart
33/63 Test #33: lease_clock_restart ........................   Passed    0.01 sec
      Start 34: store_binding_posix
34/63 Test #34: store_binding_posix ........................   Passed    0.05 sec
      Start 35: control_log_posix
35/63 Test #35: control_log_posix ..........................   Passed    0.02 sec
      Start 36: store_binding_flash_runtime
36/63 Test #36: store_binding_flash_runtime ................   Passed    0.05 sec
      Start 37: control_log_flash_runtime
37/63 Test #37: control_log_flash_runtime ..................   Passed    0.02 sec
      Start 38: m5_airtime_scheduler
38/63 Test #38: m5_airtime_scheduler .......................   Passed    0.01 sec
      Start 39: radio_power_adaptation
39/63 Test #39: radio_power_adaptation .....................   Passed    0.01 sec
      Start 40: esp_network_pump_model
40/63 Test #40: esp_network_pump_model .....................   Passed    0.09 sec
      Start 41: field_replacement_posix
41/63 Test #41: field_replacement_posix ....................   Passed    5.35 sec
      Start 42: autonomous_node_posix
42/63 Test #42: autonomous_node_posix ......................   Passed   18.72 sec
      Start 43: enrollment_posix
43/63 Test #43: enrollment_posix ...........................   Passed   19.12 sec
      Start 44: discovery_posix
44/63 Test #44: discovery_posix ............................   Passed   20.18 sec
      Start 45: discovery_slow_posix
45/63 Test #45: discovery_slow_posix .......................***Failed   20.55 sec
node=1 time=250000 joined=1 peers=3 fault=0 handshake=0/0
clock=1 pending=0/0 prepare=0 apply=0 proof=0 wants=0 ready=0 authority=0 local=0
 peer=2 attempts=8 delivered=8 bits=255 age=6300 active=1 secure=1 drain=0
 peer=3 attempts=8 delivered=0 bits=0 age=5800 active=1 secure=1 drain=0
 edge=3-2 delivery=8 epoch=1 age=20451
 edge=3-1 delivery=0 epoch=1 age=12416
 edge=2-3 delivery=8 epoch=1 age=18653
 edge=2-1 delivery=8 epoch=1 age=14691
 edge=1-3 delivery=0 epoch=1 age=15922
 edge=1-2 delivery=8 epoch=1 age=16422
node=2 time=250000 joined=1 peers=3 fault=0 handshake=0/0
clock=1 pending=0/0 prepare=0 apply=0 proof=0 wants=0 ready=0 authority=0 local=0
 peer=1 attempts=8 delivered=8 bits=255 age=4580 active=1 secure=1 drain=0
 peer=3 attempts=8 delivered=8 bits=255 age=8780 active=1 secure=1 drain=0
node=3 time=250000 joined=1 peers=3 fault=0 handshake=0/0
clock=1 pending=0/0 prepare=0 apply=0 proof=0 wants=0 ready=0 authority=0 local=0
 peer=1 attempts=8 delivered=0 bits=0 age=2320 active=1 secure=1 drain=0
 peer=2 attempts=0 delivered=0 bits=0 age=250000 active=1 secure=0 drain=0
node=1 time=550000 joined=1 peers=3 fault=0 handshake=0/0
clock=1 pending=0/0 prepare=0 apply=0 proof=7 wants=2 ready=0 authority=1 local=1
 flow=30 epoch=5 retired=0 ready=1 notice=0 proofepoch=5 live=7 phase=2 end=8590279592
 peer=2 attempts=8 delivered=8 bits=255 age=5440 active=1 secure=1 drain=0
 peer=3 attempts=8 delivered=0 bits=0 age=9440 active=1 secure=1 drain=0
 edge=3-1 delivery=0 epoch=1 age=22757
 edge=3-2 delivery=8 epoch=1 age=20236
 edge=2-3 delivery=8 epoch=1 age=22709
 edge=2-1 delivery=8 epoch=1 age=19700
 edge=1-3 delivery=0 epoch=1 age=19562
 edge=1-2 delivery=8 epoch=1 age=15562
node=2 time=550000 joined=1 peers=3 fault=0 handshake=0/0
clock=1 pending=0/0 prepare=0 apply=0 proof=0 wants=1 ready=0 authority=0 local=1
 flow=30 epoch=5 retired=0 ready=1 notice=0 proofepoch=0 live=0 phase=2 end=8590279592
 peer=1 attempts=8 delivered=8 bits=255 age=10960 active=1 secure=1 drain=0
 peer=3 attempts=8 delivered=8 bits=255 age=1460 active=1 secure=1 drain=0
node=3 time=550000 joined=1 peers=3 fault=0 handshake=0/0
clock=1 pending=0/0 prepare=0 apply=0 proof=0 wants=1 ready=0 authority=0 local=1
 flow=31 epoch=5 retired=0 ready=1 notice=0 proofepoch=0 live=0 phase=2 end=8590279592
 peer=1 attempts=8 delivered=0 bits=0 age=1980 active=1 secure=1 drain=0
 peer=2 attempts=0 delivered=0 bits=0 age=300000 active=1 secure=0 drain=0
message outcome=0 evidence=0 applications=1 before=0
422: now < until && delivered_app == before + 1u
Node scheduling seed: 4

      Start 46: autonomous_overheard_posix
46/63 Test #46: autonomous_overheard_posix .................   Passed    7.26 sec
      Start 47: autonomous_root_relay_posix
47/63 Test #47: autonomous_root_relay_posix ................   Passed    6.65 sec
      Start 48: autonomous_join_ack_loss_posix
48/63 Test #48: autonomous_join_ack_loss_posix .............   Passed    7.41 sec
      Start 49: autonomous_bounded_radio_posix
49/63 Test #49: autonomous_bounded_radio_posix .............   Passed    7.26 sec
      Start 50: autonomous_sustained_radio_posix
50/63 Test #50: autonomous_sustained_radio_posix ...........   Passed    6.57 sec
      Start 51: application_ledger_restart_posix
51/63 Test #51: application_ledger_restart_posix ...........   Passed    0.08 sec
      Start 52: field_replacement_flash_runtime
52/63 Test #52: field_replacement_flash_runtime ............   Passed    4.94 sec
      Start 53: autonomous_node_flash_runtime
53/63 Test #53: autonomous_node_flash_runtime ..............   Passed   16.54 sec
      Start 54: enrollment_flash_runtime
54/63 Test #54: enrollment_flash_runtime ...................   Passed   17.20 sec
      Start 55: discovery_flash_runtime
55/63 Test #55: discovery_flash_runtime ....................   Passed   18.13 sec
      Start 56: discovery_slow_flash_runtime
56/63 Test #56: discovery_slow_flash_runtime ...............***Failed   18.59 sec
node=1 time=250000 joined=1 peers=3 fault=0 handshake=0/0
clock=1 pending=0/0 prepare=0 apply=0 proof=0 wants=0 ready=0 authority=0 local=0
 peer=2 attempts=8 delivered=8 bits=255 age=6300 active=1 secure=1 drain=0
 peer=3 attempts=8 delivered=0 bits=0 age=5800 active=1 secure=1 drain=0
 edge=3-2 delivery=8 epoch=1 age=20451
 edge=3-1 delivery=0 epoch=1 age=12416
 edge=2-3 delivery=8 epoch=1 age=18653
 edge=2-1 delivery=8 epoch=1 age=14691
 edge=1-3 delivery=0 epoch=1 age=15922
 edge=1-2 delivery=8 epoch=1 age=16422
node=2 time=250000 joined=1 peers=3 fault=0 handshake=0/0
clock=1 pending=0/0 prepare=0 apply=0 proof=0 wants=0 ready=0 authority=0 local=0
 peer=1 attempts=8 delivered=8 bits=255 age=4580 active=1 secure=1 drain=0
 peer=3 attempts=8 delivered=8 bits=255 age=8780 active=1 secure=1 drain=0
node=3 time=250000 joined=1 peers=3 fault=0 handshake=0/0
clock=1 pending=0/0 prepare=0 apply=0 proof=0 wants=0 ready=0 authority=0 local=0
 peer=1 attempts=8 delivered=0 bits=0 age=2320 active=1 secure=1 drain=0
 peer=2 attempts=0 delivered=0 bits=0 age=250000 active=1 secure=0 drain=0
node=1 time=550000 joined=1 peers=3 fault=0 handshake=0/0
clock=1 pending=0/0 prepare=0 apply=0 proof=7 wants=2 ready=0 authority=1 local=1
 flow=30 epoch=5 retired=0 ready=1 notice=0 proofepoch=5 live=7 phase=2 end=8590279592
 peer=2 attempts=8 delivered=8 bits=255 age=5440 active=1 secure=1 drain=0
 peer=3 attempts=8 delivered=0 bits=0 age=9440 active=1 secure=1 drain=0
 edge=3-1 delivery=0 epoch=1 age=22757
 edge=3-2 delivery=8 epoch=1 age=20236
 edge=2-3 delivery=8 epoch=1 age=22709
 edge=2-1 delivery=8 epoch=1 age=19700
 edge=1-3 delivery=0 epoch=1 age=19562
 edge=1-2 delivery=8 epoch=1 age=15562
node=2 time=550000 joined=1 peers=3 fault=0 handshake=0/0
clock=1 pending=0/0 prepare=0 apply=0 proof=0 wants=1 ready=0 authority=0 local=1
 flow=30 epoch=5 retired=0 ready=1 notice=0 proofepoch=0 live=0 phase=2 end=8590279592
 peer=1 attempts=8 delivered=8 bits=255 age=10960 active=1 secure=1 drain=0
 peer=3 attempts=8 delivered=8 bits=255 age=1460 active=1 secure=1 drain=0
node=3 time=550000 joined=1 peers=3 fault=0 handshake=0/0
clock=1 pending=0/0 prepare=0 apply=0 proof=0 wants=1 ready=0 authority=0 local=1
 flow=31 epoch=5 retired=0 ready=1 notice=0 proofepoch=0 live=0 phase=2 end=8590279592
 peer=1 attempts=8 delivered=0 bits=0 age=1980 active=1 secure=1 drain=0
 peer=2 attempts=0 delivered=0 bits=0 age=300000 active=1 secure=0 drain=0
message outcome=0 evidence=0 applications=1 before=0
422: now < until && delivered_app == before + 1u
Node scheduling seed: 4

      Start 57: autonomous_overheard_flash_runtime
57/63 Test #57: autonomous_overheard_flash_runtime .........   Passed    6.13 sec
      Start 58: autonomous_root_relay_flash_runtime
58/63 Test #58: autonomous_root_relay_flash_runtime ........   Passed    6.39 sec
      Start 59: autonomous_join_ack_loss_flash_runtime
59/63 Test #59: autonomous_join_ack_loss_flash_runtime .....   Passed    6.96 sec
      Start 60: autonomous_bounded_radio_flash_runtime
60/63 Test #60: autonomous_bounded_radio_flash_runtime .....   Passed    7.22 sec
      Start 61: autonomous_sustained_radio_flash_runtime
61/63 Test #61: autonomous_sustained_radio_flash_runtime ...   Passed    6.82 sec
      Start 62: application_ledger_restart_flash_runtime
62/63 Test #62: application_ledger_restart_flash_runtime ...   Passed    0.11 sec
      Start 63: node_provisioning_history
63/63 Test #63: node_provisioning_history ..................   Passed    0.03 sec

97% tests passed, 2 tests failed out of 63

Total Test time (real) = 646.93 sec

The following tests FAILED:
	 45 - discovery_slow_posix (Failed)
	 56 - discovery_slow_flash_runtime (Failed)
Errors while running CTest
