[1/8] Building C object CMakeFiles/test_field_flash_runtime.dir/tests/test_field_network.c.o
[2/8] Building C object CMakeFiles/test_node_flash_runtime.dir/tests/test_node.c.o
[3/8] Linking C executable test_field_flash_runtime
[4/8] Linking C executable test_node_flash_runtime
[5/8] Building C object CMakeFiles/test_node_posix.dir/tests/test_node.c.o
[6/8] Linking C executable test_node_posix
[7/8] Building C object CMakeFiles/test_field_posix.dir/tests/test_field_network.c.o
[8/8] Linking C executable test_field_posix
Internal ctest changing into directory: /tmp/ninlil-oss-final/gcc
Test project /tmp/ninlil-oss-final/gcc
    Start 45: discovery_slow_posix
1/1 Test #45: discovery_slow_posix .............***Failed    5.25 sec
node=1 time=250000 joined=1 peers=3 fault=0 handshake=0/0
clock=1 pending=0/0 prepare=0 apply=0 proof=0 wants=0 ready=0 authority=0 local=0
 contexts 1->2: 3e91e465d14e4977323a8c1f4ecd124d f843d0ee819ed43496b194dc50ee8bf1
 contexts 1->3: 82b76b2e8e1f7781b1ceba3f17eb4620 b50b4d82318a84a743a0c27796de76f9
 proof 0:000000000000000000000000000000000000000000000000000000000000000000000000000000000000000000000000
 proof 1:000000000000000000000000000000000000000000000000000000000000000000000000000000000000000000000000
 proof 2:000000000000000000000000000000000000000000000000000000000000000000000000000000000000000000000000
 proof 3:000000000000000000000000000000000000000000000000000000000000000000000000000000000000000000000000
 proof 4:000000000000000000000000000000000000000000000000000000000000000000000000000000000000000000000000
 peer=2 attempts=8 delivered=8 bits=255 age=6300 active=1 secure=1 drain=0
 peer=3 attempts=8 delivered=0 bits=0 age=5800 active=1 secure=1 drain=0
 edge=3-2 delivery=8 epoch=1 age=20451
 edge=3-1 delivery=0 epoch=1 age=12416
 edge=2-3 delivery=8 epoch=1 age=18653
 edge=2-1 delivery=8 epoch=1 age=14691
 edge=1-3 delivery=0 epoch=1 age=15922
 edge=1-2 delivery=8 epoch=1 age=16422
node=2 time=250000 joined=1 peers=3 fault=0 handshake=0/0
clock=1 pending=0/0 prepare=0 apply=0 proof=0 wants=0 ready=0 authority=0 local=0
 contexts 2->1: 3e91e465d14e4977323a8c1f4ecd124d f843d0ee819ed43496b194dc50ee8bf1
 contexts 2->3: 4173407d80c1d35e0d4d1492e72b4438 46c1c1db79b96a2de4a2b1dcda34829f
 peer=1 attempts=8 delivered=8 bits=255 age=4580 active=1 secure=1 drain=0
 peer=3 attempts=8 delivered=8 bits=255 age=8780 active=1 secure=1 drain=0
node=3 time=250000 joined=1 peers=3 fault=0 handshake=0/0
clock=1 pending=0/0 prepare=0 apply=0 proof=0 wants=0 ready=0 authority=0 local=0
 contexts 3->1: 82b76b2e8e1f7781b1ceba3f17eb4620 b50b4d82318a84a743a0c27796de76f9
 contexts 3->2: 4173407d80c1d35e0d4d1492e72b4438 46c1c1db79b96a2de4a2b1dcda34829f
 peer=1 attempts=8 delivered=0 bits=0 age=2320 active=1 secure=1 drain=0
 peer=2 attempts=8 delivered=8 bits=255 age=700 active=1 secure=1 drain=0
PLAN t=121000 epoch=1 phase=1 flow=1->3 mask=0/0 until=8590115592 prep=8590115592
PLAN t=123000 epoch=1 phase=1 flow=1->3 mask=1/0 until=8590115592 prep=8590115592
PLAN t=125000 epoch=1 phase=1 flow=1->3 mask=3/0 until=8590115592 prep=8590115592
PLAN t=128640 epoch=1 phase=1 flow=1->3 mask=7/0 until=8590115592 prep=8590115592
PLAN t=129000 epoch=1 phase=2 flow=1->3 mask=7/0 until=8590123592 prep=8590115592
PLAN t=135500 epoch=1 phase=2 flow=1->3 mask=7/1 until=8590123592 prep=8590115592
PLAN t=135500 epoch=1 phase=2 flow=1->3 mask=7/3 until=8590123592 prep=8590115592
PLAN t=135500 epoch=1 phase=3 flow=1->3 mask=7/7 until=8590123592 prep=8590115592
PLAN t=143000 epoch=2 phase=1 flow=3->1 mask=0/0 until=8590137592 prep=8590137592
PLAN t=148500 epoch=2 phase=1 flow=3->1 mask=2/0 until=8590137592 prep=8590137592
PLAN t=149000 epoch=2 phase=1 flow=3->1 mask=6/0 until=8590137592 prep=8590137592
PLAN t=157000 epoch=2 phase=1 flow=3->1 mask=7/0 until=8590137592 prep=8590137592
PLAN t=159000 epoch=2 phase=2 flow=3->1 mask=7/0 until=8590153592 prep=8590137592
PLAN t=219000 epoch=2 phase=4 flow=3->1 mask=7/0 until=8590153592 prep=8590137592
PLAN t=221000 epoch=3 phase=5 flow=1->3 mask=7/7 until=8590123592 prep=8590115592
PLAN t=223000 epoch=4 phase=1 flow=1->3 mask=0/0 until=8590217592 prep=8590217592
PLAN t=227040 epoch=4 phase=1 flow=1->3 mask=2/0 until=8590217592 prep=8590217592
PLAN t=228540 epoch=4 phase=1 flow=1->3 mask=6/0 until=8590217592 prep=8590217592
PLAN t=229000 epoch=4 phase=1 flow=1->3 mask=7/0 until=8590217592 prep=8590217592
PLAN t=231000 epoch=4 phase=2 flow=1->3 mask=7/0 until=8590225592 prep=8590217592
PLAN t=240040 epoch=4 phase=2 flow=1->3 mask=7/1 until=8590225592 prep=8590217592
PLAN t=240040 epoch=4 phase=2 flow=1->3 mask=7/3 until=8590225592 prep=8590217592
PLAN t=240040 epoch=4 phase=3 flow=1->3 mask=7/7 until=8590225592 prep=8590217592
PLAN t=271000 epoch=5 phase=1 flow=3->1 mask=0/0 until=8590265592 prep=8590265592
PLAN t=276540 epoch=5 phase=1 flow=3->1 mask=2/0 until=8590265592 prep=8590265592
PLAN t=277000 epoch=5 phase=1 flow=3->1 mask=6/0 until=8590265592 prep=8590265592
PLAN t=283540 epoch=5 phase=1 flow=3->1 mask=7/0 until=8590265592 prep=8590265592
PLAN t=285000 epoch=5 phase=2 flow=3->1 mask=7/0 until=8590279592 prep=8590265592
PLAN t=297040 epoch=5 phase=2 flow=3->1 mask=7/1 until=8590279592 prep=8590265592
PLAN t=297040 epoch=5 phase=2 flow=3->1 mask=7/3 until=8590279592 prep=8590265592
PLAN t=297040 epoch=5 phase=3 flow=3->1 mask=7/7 until=8590279592 prep=8590265592
PLAN t=299000 epoch=6 phase=5 flow=1->3 mask=7/7 until=8590225592 prep=8590217592
node=1 time=550000 joined=1 peers=3 fault=0 handshake=0/0
clock=1 pending=0/0 prepare=0 apply=0 proof=7 wants=2 ready=0 authority=1 local=1
 flow=30 epoch=5 retired=0 ready=1 notice=0 proofepoch=5 live=7 phase=2 end=8590279592
 contexts 1->2: 6e20c70898e37188b2c2c8827d55206c d229a957d3efe49f2c1a50f61ef82a53
 contexts 1->3: 44265ca7e934cc006b3fb69d44026af7 1d50d433411b9eadf90ceb31a428e86e
 proof 0:00000000000000000000000000000000eba368000cb7f84c8a322c40ed2b4f7e44265ca7e934cc006b3fb69d44026af7
 proof 1:eba368000cb7f84c8a322c40ed2b4f7ed229a957d3efe49f2c1a50f61ef82a5300000000000000000000000000000000
 proof 2:d229a957d3efe49f2c1a50f61ef82a530000000000000000000000000000000044265ca7e934cc006b3fb69d44026af7
 proof 3:000000000000000000000000000000000000000000000000000000000000000000000000000000000000000000000000
 proof 4:000000000000000000000000000000000000000000000000000000000000000000000000000000000000000000000000
 peer=2 attempts=8 delivered=8 bits=255 age=5440 active=1 secure=1 drain=0
 peer=3 attempts=8 delivered=0 bits=0 age=9440 active=1 secure=1 drain=0
 edge=3-1 delivery=0 epoch=1 age=22757
 edge=3-2 delivery=8 epoch=1 age=20236
 edge=2-3 delivery=8 epoch=1 age=22709
 edge=2-1 delivery=8 epoch=1 age=19700
 edge=1-3 delivery=0 epoch=1 age=19562
 edge=1-2 delivery=8 epoch=1 age=15562
node=2 time=550000 joined=1 peers=3 fault=0 handshake=0/0
clock=1 pending=0/0 prepare=0 apply=0 proof=0 wants=1 ready=0 authority=0 local=1
 flow=30 epoch=5 retired=0 ready=1 notice=0 proofepoch=0 live=0 phase=2 end=8590279592
 contexts 2->1: 6e20c70898e37188b2c2c8827d55206c d229a957d3efe49f2c1a50f61ef82a53
 contexts 2->3: 789d5e90c0b6e91165a53fec67b135c2 eba368000cb7f84c8a322c40ed2b4f7e
 peer=1 attempts=8 delivered=8 bits=255 age=10960 active=1 secure=1 drain=0
 peer=3 attempts=8 delivered=8 bits=255 age=1460 active=1 secure=1 drain=0
node=3 time=550000 joined=1 peers=3 fault=0 handshake=0/0
clock=1 pending=0/0 prepare=0 apply=0 proof=0 wants=1 ready=0 authority=0 local=1
 flow=31 epoch=5 retired=0 ready=1 notice=0 proofepoch=0 live=0 phase=2 end=8590279592
 contexts 3->1: 44265ca7e934cc006b3fb69d44026af7 1d50d433411b9eadf90ceb31a428e86e
 contexts 3->2: 789d5e90c0b6e91165a53fec67b135c2 eba368000cb7f84c8a322c40ed2b4f7e
 peer=1 attempts=8 delivered=0 bits=0 age=1980 active=1 secure=1 drain=0
 peer=2 attempts=8 delivered=8 bits=255 age=10960 active=1 secure=1 drain=0
message outcome=0 evidence=0 applications=1 before=0
424: now < until && delivered_app == before + 1u
Node scheduling seed: 4


0% tests passed, 1 tests failed out of 1

Total Test time (real) =   5.25 sec

The following tests FAILED:
	 45 - discovery_slow_posix (Failed)
Errors while running CTest
