[1/8] Building C object CMakeFiles/test_node_posix.dir/tests/test_node.c.o
[2/8] Building C object CMakeFiles/test_node_flash_runtime.dir/tests/test_node.c.o
[3/8] Linking C executable test_node_posix
[4/8] Linking C executable test_node_flash_runtime
[5/8] Building C object CMakeFiles/test_field_flash_runtime.dir/tests/test_field_network.c.o
[6/8] Linking C executable test_field_flash_runtime
[7/8] Building C object CMakeFiles/test_field_posix.dir/tests/test_field_network.c.o
[8/8] Linking C executable test_field_posix
Internal ctest changing into directory: /tmp/ninlil-oss-final/gcc
Test project /tmp/ninlil-oss-final/gcc
    Start 45: discovery_slow_posix
1/1 Test #45: discovery_slow_posix .............***Failed    6.90 sec
node=1 time=250000 joined=1 peers=3 fault=0 handshake=0/0
clock=1 pending=0/0 prepare=0 apply=0 proof=0 wants=0 ready=0 authority=0 local=0
 contexts 1->2: fb2655586341d8df49eb39274ef11931 e996ef769617e404f7cef7893d58be23
 contexts 1->3: 393b5c31cd0c8bbc8fa636e067d7a145 ee18f401d280a37b2e71cdc550eb99f9
 proof 0:000000000000000000000000000000000000000000000000000000000000000000000000000000000000000000000000
 proof 1:000000000000000000000000000000000000000000000000000000000000000000000000000000000000000000000000
 proof 2:000000000000000000000000000000000000000000000000000000000000000000000000000000000000000000000000
 proof 3:000000000000000000000000000000000000000000000000000000000000000000000000000000000000000000000000
 proof 4:000000000000000000000000000000000000000000000000000000000000000000000000000000000000000000000000
 peer=2 attempts=8 delivered=8 bits=255 age=6300 active=1 secure=1 drain=0
 peer=3 attempts=8 delivered=0 bits=0 age=5800 active=1 secure=1 drain=0
 edge=3-2 delivery=8 epoch=1 age=20451
 edge=3-1 delivery=0 epoch=1 age=12416
 edge=2-3 delivery=8 epoch=1 age=18653
 edge=2-1 delivery=8 epoch=1 age=14691
 edge=1-3 delivery=0 epoch=1 age=15922
 edge=1-2 delivery=8 epoch=1 age=16422
node=2 time=250000 joined=1 peers=3 fault=0 handshake=0/0
clock=1 pending=0/0 prepare=0 apply=0 proof=0 wants=0 ready=0 authority=0 local=0
 contexts 2->1: fb2655586341d8df49eb39274ef11931 e996ef769617e404f7cef7893d58be23
 contexts 2->3: 78215eaa10ea768e04a96bd20463f4c8 f446c984a4694675cfc80dde263c23df
 peer=1 attempts=8 delivered=8 bits=255 age=4580 active=1 secure=1 drain=0
 peer=3 attempts=8 delivered=8 bits=255 age=8780 active=1 secure=1 drain=0
node=3 time=250000 joined=1 peers=3 fault=0 handshake=0/0
clock=1 pending=0/0 prepare=0 apply=0 proof=0 wants=0 ready=0 authority=0 local=0
 contexts 3->1: 393b5c31cd0c8bbc8fa636e067d7a145 ee18f401d280a37b2e71cdc550eb99f9
 contexts 3->2: 78215eaa10ea768e04a96bd20463f4c8 f446c984a4694675cfc80dde263c23df
 peer=1 attempts=8 delivered=0 bits=0 age=2320 active=1 secure=1 drain=0
 peer=2 attempts=8 delivered=8 bits=255 age=700 active=1 secure=1 drain=0
node=1 time=550000 joined=1 peers=3 fault=0 handshake=0/0
clock=1 pending=0/0 prepare=0 apply=0 proof=7 wants=2 ready=0 authority=1 local=1
 flow=30 epoch=5 retired=0 ready=1 notice=0 proofepoch=5 live=7 phase=2 end=8590279592
 contexts 1->2: dad4ec0016e5c4f2f53ad9a42bdbec1d 00b7258e81bea66e8029d330a0e52091
 contexts 1->3: a5c0321da5d452074d1594e2bbedfa48 1e13889cdeb5ce4f279458da8e497144
 proof 0:0000000000000000000000000000000069832dda8deb79880a4a678169d7801da5c0321da5d452074d1594e2bbedfa48
 proof 1:69832dda8deb79880a4a678169d7801d00b7258e81bea66e8029d330a0e5209100000000000000000000000000000000
 proof 2:00b7258e81bea66e8029d330a0e5209100000000000000000000000000000000a5c0321da5d452074d1594e2bbedfa48
 proof 3:000000000000000000000000000000000000000000000000000000000000000000000000000000000000000000000000
Errors while running CTest
 proof 4:000000000000000000000000000000000000000000000000000000000000000000000000000000000000000000000000
 peer=2 attempts=8 delivered=8 bits=255 age=5440 active=1 secure=1 drain=0
 peer=3 attempts=8 delivered=0 bits=0 age=9440 active=1 secure=1 drain=0
 edge=3-1 delivery=0 epoch=1 age=22757
 edge=3-2 delivery=8 epoch=1 age=20236
 edge=2-3 delivery=8 epoch=1 age=22709
 edge=2-1 delivery=8 epoch=1 age=19700
 edge=1-3 delivery=0 epoch=1 age=19562
 edge=1-2 delivery=8 epoch=1 age=15562
node=2 time=550000 joined=1 peers=3 fault=0 handshake=0/0
clock=1 pending=0/0 prepare=0 apply=0 proof=0 wants=1 ready=0 authority=0 local=1
 flow=30 epoch=5 retired=0 ready=1 notice=0 proofepoch=0 live=0 phase=2 end=8590279592
 contexts 2->1: dad4ec0016e5c4f2f53ad9a42bdbec1d 00b7258e81bea66e8029d330a0e52091
 contexts 2->3: 32ccef173a67236f3b878162174a542d 69832dda8deb79880a4a678169d7801d
 peer=1 attempts=8 delivered=8 bits=255 age=10960 active=1 secure=1 drain=0
 peer=3 attempts=8 delivered=8 bits=255 age=1460 active=1 secure=1 drain=0
node=3 time=550000 joined=1 peers=3 fault=0 handshake=0/0
clock=1 pending=0/0 prepare=0 apply=0 proof=0 wants=1 ready=0 authority=0 local=1
 flow=31 epoch=5 retired=0 ready=1 notice=0 proofepoch=0 live=0 phase=2 end=8590279592
 contexts 3->1: a5c0321da5d452074d1594e2bbedfa48 1e13889cdeb5ce4f279458da8e497144
 contexts 3->2: 32ccef173a67236f3b878162174a542d 69832dda8deb79880a4a678169d7801d
 peer=1 attempts=8 delivered=0 bits=0 age=1980 active=1 secure=1 drain=0
 peer=2 attempts=8 delivered=8 bits=255 age=10960 active=1 secure=1 drain=0
message outcome=0 evidence=0 applications=1 before=0
424: now < until && delivered_app == before + 1u
Node scheduling seed: 4


0% tests passed, 1 tests failed out of 1

Total Test time (real) =   6.90 sec

The following tests FAILED:
	 45 - discovery_slow_posix (Failed)
