[1/8] Building C object CMakeFiles/test_node_flash_runtime.dir/tests/test_node.c.o
[2/8] Building C object CMakeFiles/test_node_posix.dir/tests/test_node.c.o
[3/8] Linking C executable test_node_flash_runtime
[4/8] Linking C executable test_node_posix
[5/8] Building C object CMakeFiles/test_field_flash_runtime.dir/tests/test_field_network.c.o
[6/8] Linking C executable test_field_flash_runtime
[7/8] Building C object CMakeFiles/test_field_posix.dir/tests/test_field_network.c.o
[8/8] Linking C executable test_field_posix
Internal ctest changing into directory: /tmp/ninlil-oss-final/gcc
Test project /tmp/ninlil-oss-final/gcc
    Start 45: discovery_slow_posix
1/1 Test #45: discovery_slow_posix .............***Failed    4.59 sec
node=1 time=250000 joined=1 peers=3 fault=0 handshake=0/0
clock=1 pending=0/0 prepare=0 apply=0 proof=0 wants=0 ready=0 authority=0 local=0
 contexts 1->2: 67b803f543822abc341a9035d9c55cd5 9bc2923985a5423da4612236a10e6bf7
 contexts 1->3: df21b32101095d0df0b055dae38445e2 8ab8c44dbcbaad5cdd85e7199b421907
 proof 0:000000000000000000000000000000000000000000000000000000000000000000000000000000000000000000000000
 proof 1:000000000000000000000000000000000000000000000000000000000000000000000000000000000000000000000000
 proof 2:000000000000000000000000000000000000000000000000000000000000000000000000000000000000000000000000
 proof 3:000000000000000000000000000000000000000000000000000000000000000000000000000000000000000000000000
 proof 4:000000000000000000000000000000000000000000000000000000000000000000000000000000000000000000000000
 peer=2 attempts=8 delivered=8 bits=255 age=6300 active=1 secure=1 drain=0
 peer=3 attempts=8 delivered=0 bits=0 age=5800 active=1 secure=1 drain=0
 edge=3-2 delivery=8 epoch=1 age=20451
 edge=3-1 delivery=0 epoch=1 age=12416
 edge=2-3 delivery=8 epoch=1 age=18653
 edge=2-1 delivery=8 epoch=1 age=14691
 edge=1-3 delivery=0 epoch=1 age=15922
 edge=1-2 delivery=8 epoch=1 age=16422
node=2 time=250000 joined=1 peers=3 fault=0 handshake=0/0
clock=1 pending=0/0 prepare=0 apply=0 proof=0 wants=0 ready=0 authority=0 local=0
 contexts 2->1: 67b803f543822abc341a9035d9c55cd5 9bc2923985a5423da4612236a10e6bf7
 contexts 2->3: 9817542e07511bbf8af3e7ac2766b811 df58d47b66c86fc4806ee57f3dc5dd99
 peer=1 attempts=8 delivered=8 bits=255 age=4580 active=1 secure=1 drain=0
 peer=3 attempts=8 delivered=8 bits=255 age=8780 active=1 secure=1 drain=0
node=3 time=250000 joined=1 peers=3 fault=0 handshake=0/0
clock=1 pending=0/0 prepare=0 apply=0 proof=0 wants=0 ready=0 authority=0 local=0
 contexts 3->1: df21b32101095d0df0b055dae38445e2 8ab8c44dbcbaad5cdd85e7199b421907
 contexts 3->2: 9817542e07511bbf8af3e7ac2766b811 df58d47b66c86fc4806ee57f3dc5dd99
 peer=1 attempts=8 delivered=0 bits=0 age=2320 active=1 secure=1 drain=0
 peer=2 attempts=8 delivered=8 bits=255 age=700 active=1 secure=1 drain=0
PLAN t=121000 epoch=1 phase=1 flow=1->3 mask=0/0 until=8590115592 prep=8590115592
PLAN t=123000 epoch=1 phase=1 flow=1->3 mask=1/0 until=8590115592 prep=8590115592
PLAN t=125000 epoch=1 phase=1 flow=1->3 mask=3/0 until=8590115592 prep=8590115592
PLAN t=128640 epoch=1 phase=1 flow=1->3 mask=7/0 until=8590115592 prep=8590115592
PLAN t=129000 epoch=1 phase=2 flow=1->3 mask=7/0 until=8590123592 prep=8590115592
PLAN t=135500 epoch=1 phase=2 flow=1->3 mask=7/1 until=8590123592 prep=8590115592
PLAN t=135500 epoch=1 phase=2 flow=1->3 mask=7/3 until=8590123592 prep=8590115592
PLAN t=135500 epoch=1 phase=3 flow=1->3 mask=7/7 until=8590123592 prep=8590115592
PLAN t=143000 epoch=2 phase=1 flow=3->1 mask=0/0 until=8590137592 prep=8590137592
PLAN t=148500 epoch=2 phase=1 flow=3->1 mask=2/0 until=8590137592 prep=8590137592
PLAN t=149000 epoch=2 phase=1 flow=3->1 mask=6/0 until=8590137592 prep=8590137592
PLAN t=157000 epoch=2 phase=1 flow=3->1 mask=7/0 until=8590137592 prep=8590137592
PLAN t=159000 epoch=2 phase=2 flow=3->1 mask=7/0 until=8590153592 prep=8590137592
PLAN t=219000 epoch=2 phase=4 flow=3->1 mask=7/0 until=8590153592 prep=8590137592
 contexts 1->2: 78be95ed789acb1ffd6f38f292d1be47 939f5cc64c6ff6cda7e05437e46e5a00
 contexts 1->3: f94415e3035d38fa04bf7b1da287061c 62c399578cad178a4e9f6cf090446734
 proof 0:00000000000000000000000000000000939f5cc64c6ff6cda7e05437e46e5a00f94415e3035d38fa04bf7b1da287061c
 proof 1:c1140f74753e7567cd34a419cf19513f939f5cc64c6ff6cda7e05437e46e5a0000000000000000000000000000000000
 proof 2:939f5cc64c6ff6cda7e05437e46e5a0000000000000000000000000000000000f94415e3035d38fa04bf7b1da287061c
 proof 3:000000000000000000000000000000000000000000000000000000000000000000000000000000000000000000000000
 proof 4:000000000000000000000000000000000000000000000000000000000000000000000000000000000000000000000000
PLAN t=221000 epoch=3 phase=5 flow=1->3 mask=7/7 until=8590123592 prep=8590115592
PLAN t=223000 epoch=4 phase=1 flow=1->3 mask=0/0 until=8590217592 prep=8590217592
PLAN t=227040 epoch=4 phase=1 flow=1->3 mask=2/0 until=8590217592 prep=8590217592
PLAN t=228540 epoch=4 phase=1 flow=1->3 mask=6/0 until=8590217592 prep=8590217592
PLAN t=229000 epoch=4 phase=1 flow=1->3 mask=7/0 until=8590217592 prep=8590217592
PLAN t=231000 epoch=4 phase=2 flow=1->3 mask=7/0 until=8590225592 prep=8590217592
PLAN t=240040 epoch=4 phase=2 flow=1->3 mask=7/1 until=8590225592 prep=8590217592
PLAN t=240040 epoch=4 phase=2 flow=1->3 mask=7/3 until=8590225592 prep=8590217592
PLAN t=240040 epoch=4 phase=3 flow=1->3 mask=7/7 until=8590225592 prep=8590217592
PLAN t=271000 epoch=5 phase=1 flow=3->1 mask=0/0 until=8590265592 prep=8590265592
PLAN t=276540 epoch=5 phase=1 flow=3->1 mask=2/0 until=8590265592 prep=8590265592
PLAN t=277000 epoch=5 phase=1 flow=3->1 mask=6/0 until=8590265592 prep=8590265592
PLAN t=283540 epoch=5 phase=1 flow=3->1 mask=7/0 until=8590265592 prep=8590265592
PLAN t=285000 epoch=5 phase=2 flow=3->1 mask=7/0 until=8590279592 prep=8590265592
PLAN t=297040 epoch=5 phase=2 flow=3->1 mask=7/1 until=8590279592 prep=8590265592
PLAN t=297040 epoch=5 phase=2 flow=3->1 mask=7/3 until=8590279592 prep=8590265592
PLAN t=297040 epoch=5 phase=3 flow=3->1 mask=7/7 until=8590279592 prep=8590265592
PLAN t=299000 epoch=6 phase=5 flow=1->3 mask=7/7 until=8590225592 prep=8590217592
node=1 time=550000 joined=1 peers=3 fault=0 handshake=0/0
clock=1 pending=0/0 prepare=0 apply=0 proof=7 wants=2 ready=0 authority=1 local=1
 flow=30 epoch=5 retired=0 ready=1 notice=0 proofepoch=5 live=7 phase=2 end=8590279592
 contexts 1->2: 78be95ed789acb1ffd6f38f292d1be47 939f5cc64c6ff6cda7e05437e46e5a00
 contexts 1->3: f94415e3035d38fa04bf7b1da287061c 62c399578cad178a4e9f6cf090446734
 proof 0:00000000000000000000000000000000c1140f74753e7567cd34a419cf19513ff94415e3035d38fa04bf7b1da287061c
 proof 1:c1140f74753e7567cd34a419cf19513f939f5cc64c6ff6cda7e05437e46e5a0000000000000000000000000000000000
 proof 2:939f5cc64c6ff6cda7e05437e46e5a0000000000000000000000000000000000f94415e3035d38fa04bf7b1da287061c
 proof 3:000000000000000000000000000000000000000000000000000000000000000000000000000000000000000000000000
 proof 4:000000000000000000000000000000000000000000000000000000000000000000000000000000000000000000000000
 peer=2 attempts=8 delivered=8 bits=255 age=5440 active=1 secure=1 drain=0
 peer=3 attempts=8 delivered=0 bits=0 age=9440 active=1 secure=1 drain=0
 edge=3-1 delivery=0 epoch=1 age=22757
 edge=3-2 delivery=8 epoch=1 age=20236
 edge=2-3 delivery=8 epoch=1 age=22709
 edge=2-1 delivery=8 epoch=1 age=19700
 edge=1-3 delivery=0 epoch=1 age=19562
 edge=1-2 delivery=8 epoch=1 age=15562
node=2 time=550000 joined=1 peers=3 fault=0 handshake=0/0
clock=1 pending=0/0 prepare=0 apply=0 proof=0 wants=1 ready=0 authority=0 local=1
 flow=30 epoch=5 retired=0 ready=1 notice=0 proofepoch=0 live=0 phase=2 end=8590279592
 contexts 2->1: 78be95ed789acb1ffd6f38f292d1be47 939f5cc64c6ff6cda7e05437e46e5a00
 contexts 2->3: 20ba68e6608ceffa173b863e8b3fc196 c1140f74753e7567cd34a419cf19513f
 peer=1 attempts=8 delivered=8 bits=255 age=10960 active=1 secure=1 drain=0
 peer=3 attempts=8 delivered=8 bits=255 age=1460 active=1 secure=1 drain=0
node=3 time=550000 joined=1 peers=3 fault=0 handshake=0/0
clock=1 pending=0/0 prepare=0 apply=0 proof=0 wants=1 ready=0 authority=0 local=1
 flow=31 epoch=5 retired=0 ready=1 notice=0 proofepoch=0 live=0 phase=2 end=8590279592
 contexts 3->1: f94415e3035d38fa04bf7b1da287061c 62c399578cad178a4e9f6cf090446734
 contexts 3->2: 20ba68e6608ceffa173b863e8b3fc196 c1140f74753e7567cd34a419cf19513f
 peer=1 attempts=8 delivered=0 bits=0 age=1980 active=1 secure=1 drain=0
 peer=2 attempts=8 delivered=8 bits=255 age=10960 active=1 secure=1 drain=0
message outcome=0 evidence=0 applications=1 before=0
424: now < until && delivered_app == before + 1u
Node scheduling seed: 4


0% tests passed, 1 tests failed out of 1

Total Test time (real) =   4.59 sec

The following tests FAILED:
	 45 - discovery_slow_posix (Failed)
Errors while running CTest
