Internal ctest changing into directory: /tmp/ninlil-oss-final/gcc
Test project /tmp/ninlil-oss-final/gcc
      Start  1: m1_hil_delivery
 1/63 Test  #1: m1_hil_delivery ............................   Passed    1.60 sec
      Start  2: m1_core
 2/63 Test  #2: m1_core ....................................   Passed    0.21 sec
      Start  3: core_quota_retry
 3/63 Test  #3: core_quota_retry ...........................   Passed    0.04 sec
      Start  4: collection_posix
 4/63 Test  #4: collection_posix ...........................   Passed    7.83 sec
      Start  5: collection_flash_runtime
 5/63 Test  #5: collection_flash_runtime ...................   Passed   12.58 sec
      Start  6: p0_delivery_state
 6/63 Test  #6: p0_delivery_state ..........................   Passed   28.40 sec
      Start  7: posix_collection_publication
 7/63 Test  #7: posix_collection_publication ...............   Passed    0.08 sec
      Start  8: p0_operations
 8/63 Test  #8: p0_operations ..............................   Passed    0.00 sec
      Start  9: m1_diag_radio
 9/63 Test  #9: m1_diag_radio ..............................   Passed    0.00 sec
      Start 10: m1_flash
10/63 Test #10: m1_flash ...................................   Passed    0.00 sec
      Start 11: flash_collection_cuts
11/63 Test #11: flash_collection_cuts ......................   Passed    0.00 sec
      Start 12: m1_radio_delivery
12/63 Test #12: m1_radio_delivery ..........................   Passed    4.07 sec
      Start 13: m3_security_state
13/63 Test #13: m3_security_state ..........................   Passed    0.01 sec
      Start 14: m3_security_partitions
14/63 Test #14: m3_security_partitions .....................   Passed    0.00 sec
      Start 15: m1_sx1262_hal
15/63 Test #15: m1_sx1262_hal ..............................   Passed    0.00 sec
      Start 16: m1_sx1262_physical
16/63 Test #16: m1_sx1262_physical .........................   Passed    0.00 sec
      Start 17: w02_sim_model
17/63 Test #17: w02_sim_model ..............................   Passed    0.00 sec
      Start 18: w02_sim_scenarios
18/63 Test #18: w02_sim_scenarios ..........................   Passed   10.54 sec
      Start 19: w02_direct
19/63 Test #19: w02_direct .................................   Passed    0.31 sec
      Start 20: w02_star
20/63 Test #20: w02_star ...................................   Passed    1.33 sec
      Start 21: w02_recovery
21/63 Test #21: w02_recovery ...............................   Passed    1.20 sec
      Start 22: bulk_resume_posix
22/63 Test #22: bulk_resume_posix ..........................   Passed   64.27 sec
      Start 23: bulk_cold_session_posix
23/63 Test #23: bulk_cold_session_posix ....................   Passed    0.04 sec
      Start 24: bulk_resume_flash_runtime
24/63 Test #24: bulk_resume_flash_runtime ..................   Passed  184.49 sec
      Start 25: bulk_cold_session_flash_runtime
25/63 Test #25: bulk_cold_session_flash_runtime ............   Passed    0.08 sec
      Start 26: m2_secure_envelope
26/63 Test #26: m2_secure_envelope .........................   Passed    0.01 sec
      Start 27: m2_edhoc_handshake
27/63 Test #27: m2_edhoc_handshake .........................   Passed    0.91 sec
      Start 28: persistent_identity
28/63 Test #28: persistent_identity ........................   Passed    0.55 sec
      Start 29: m3_join_lifecycle
29/63 Test #29: m3_join_lifecycle ..........................   Passed    0.00 sec
      Start 30: m4_m5_network_control
30/63 Test #30: m4_m5_network_control ......................   Passed    0.00 sec
      Start 31: network_restart_fences
31/63 Test #31: network_restart_fences .....................   Passed    0.00 sec
      Start 32: separate_preparation_lease
32/63 Test #32: separate_preparation_lease .................   Passed    0.00 sec
      Start 33: lease_clock_restart
33/63 Test #33: lease_clock_restart ........................   Passed    0.00 sec
      Start 34: store_binding_posix
34/63 Test #34: store_binding_posix ........................   Passed    0.05 sec
      Start 35: control_log_posix
35/63 Test #35: control_log_posix ..........................   Passed    0.02 sec
      Start 36: store_binding_flash_runtime
36/63 Test #36: store_binding_flash_runtime ................   Passed    0.07 sec
      Start 37: control_log_flash_runtime
37/63 Test #37: control_log_flash_runtime ..................   Passed    0.03 sec
      Start 38: m5_airtime_scheduler
38/63 Test #38: m5_airtime_scheduler .......................   Passed    0.00 sec
      Start 39: radio_power_adaptation
39/63 Test #39: radio_power_adaptation .....................   Passed    0.00 sec
      Start 40: esp_network_pump_model
40/63 Test #40: esp_network_pump_model .....................   Passed    0.11 sec
      Start 41: field_replacement_posix
41/63 Test #41: field_replacement_posix ....................   Passed    2.37 sec
      Start 42: autonomous_node_posix
42/63 Test #42: autonomous_node_posix ......................   Passed   11.55 sec
      Start 43: enrollment_posix
43/63 Test #43: enrollment_posix ...........................   Passed    5.27 sec
      Start 44: discovery_posix
44/63 Test #44: discovery_posix ............................   Passed    5.34 sec
      Start 45: discovery_slow_posix
45/63 Test #45: discovery_slow_posix .......................***Failed    6.44 sec
node=1 time=250000 joined=1 peers=3 fault=0 handshake=0/0
clock=1 pending=0/0 prepare=0 apply=0 proof=0 wants=0 ready=0 authority=0 local=0
 contexts 1->2: b54ed43c243ff6529ee14688f525d235 98ec2c28c2ee0e888ffd2bf435ae2730
 contexts 1->3: fd5bb5d525e5f01cb08e489e1bcdf7b4 87ae8dec7aff04533988e751c3b1e080
 proof 0:000000000000000000000000000000000000000000000000000000000000000000000000000000000000000000000000
 proof 1:000000000000000000000000000000000000000000000000000000000000000000000000000000000000000000000000
 proof 2:000000000000000000000000000000000000000000000000000000000000000000000000000000000000000000000000
 proof 3:000000000000000000000000000000000000000000000000000000000000000000000000000000000000000000000000
 proof 4:000000000000000000000000000000000000000000000000000000000000000000000000000000000000000000000000
 peer=2 attempts=8 delivered=8 bits=255 age=6300 active=1 secure=1 drain=0
 peer=3 attempts=8 delivered=0 bits=0 age=5800 active=1 secure=1 drain=0
 edge=3-2 delivery=8 epoch=1 age=20451
 edge=3-1 delivery=0 epoch=1 age=12416
 edge=2-3 delivery=8 epoch=1 age=18653
 edge=2-1 delivery=8 epoch=1 age=14691
 edge=1-3 delivery=0 epoch=1 age=15922
 edge=1-2 delivery=8 epoch=1 age=16422
node=2 time=250000 joined=1 peers=3 fault=0 handshake=0/0
clock=1 pending=0/0 prepare=0 apply=0 proof=0 wants=0 ready=0 authority=0 local=0
 contexts 2->1: b54ed43c243ff6529ee14688f525d235 98ec2c28c2ee0e888ffd2bf435ae2730
 contexts 2->3: 00cbc82dc1c72ce983269e9c20346711 034803cc5c18cc52ee7073f500549053
 peer=1 attempts=8 delivered=8 bits=255 age=4580 active=1 secure=1 drain=0
 peer=3 attempts=8 delivered=8 bits=255 age=8780 active=1 secure=1 drain=0
node=3 time=250000 joined=1 peers=3 fault=0 handshake=0/0
clock=1 pending=0/0 prepare=0 apply=0 proof=0 wants=0 ready=0 authority=0 local=0
 contexts 3->1: fd5bb5d525e5f01cb08e489e1bcdf7b4 87ae8dec7aff04533988e751c3b1e080
 contexts 3->2: 00cbc82dc1c72ce983269e9c20346711 034803cc5c18cc52ee7073f500549053
 peer=1 attempts=8 delivered=0 bits=0 age=2320 active=1 secure=1 drain=0
 peer=2 attempts=8 delivered=8 bits=255 age=700 active=1 secure=1 drain=0
node=1 time=550000 joined=1 peers=3 fault=0 handshake=0/0
clock=1 pending=0/0 prepare=0 apply=0 proof=7 wants=2 ready=0 authority=1 local=1
 flow=30 epoch=5 retired=0 ready=1 notice=0 proofepoch=5 live=7 phase=2 end=8590279592
 contexts 1->2: b5fc2b1284a17f449d00ab438f21deb8 4d46abdcccea073bc0499d5f690397f7
 contexts 1->3: 61a792ff249375cbb2faea07d95182c9 ac0d9c15a22c1b707a8be1020f384223
 proof 0:0000000000000000000000000000000049c36a18155075138ecf24fbd67d3ab761a792ff249375cbb2faea07d95182c9
 proof 1:49c36a18155075138ecf24fbd67d3ab74d46abdcccea073bc0499d5f690397f700000000000000000000000000000000
 proof 2:4d46abdcccea073bc0499d5f690397f70000000000000000000000000000000061a792ff249375cbb2faea07d95182c9
 proof 3:000000000000000000000000000000000000000000000000000000000000000000000000000000000000000000000000
 proof 4:000000000000000000000000000000000000000000000000000000000000000000000000000000000000000000000000
 peer=2 attempts=8 delivered=8 bits=255 age=5440 active=1 secure=1 drain=0
 peer=3 attempts=8 delivered=0 bits=0 age=9440 active=1 secure=1 drain=0
 edge=3-1 delivery=0 epoch=1 age=22757
 edge=3-2 delivery=8 epoch=1 age=20236
 edge=2-3 delivery=8 epoch=1 age=22709
 edge=2-1 delivery=8 epoch=1 age=19700
 edge=1-3 delivery=0 epoch=1 age=19562
 edge=1-2 delivery=8 epoch=1 age=15562
node=2 time=550000 joined=1 peers=3 fault=0 handshake=0/0
clock=1 pending=0/0 prepare=0 apply=0 proof=0 wants=1 ready=0 authority=0 local=1
 flow=30 epoch=5 retired=0 ready=1 notice=0 proofepoch=0 live=0 phase=2 end=8590279592
 contexts 2->1: b5fc2b1284a17f449d00ab438f21deb8 4d46abdcccea073bc0499d5f690397f7
 contexts 2->3: 4eea7ff92f838553b84e2a5889f5f03a 49c36a18155075138ecf24fbd67d3ab7
 peer=1 attempts=8 delivered=8 bits=255 age=10960 active=1 secure=1 drain=0
 peer=3 attempts=8 delivered=8 bits=255 age=1460 active=1 secure=1 drain=0
node=3 time=550000 joined=1 peers=3 fault=0 handshake=0/0
clock=1 pending=0/0 prepare=0 apply=0 proof=0 wants=1 ready=0 authority=0 local=1
 flow=31 epoch=5 retired=0 ready=1 notice=0 proofepoch=0 live=0 phase=2 end=8590279592
 contexts 3->1: 61a792ff249375cbb2faea07d95182c9 ac0d9c15a22c1b707a8be1020f384223
 contexts 3->2: 4eea7ff92f838553b84e2a5889f5f03a 49c36a18155075138ecf24fbd67d3ab7
 peer=1 attempts=8 delivered=0 bits=0 age=1980 active=1 secure=1 drain=0
 peer=2 attempts=8 delivered=8 bits=255 age=10960 active=1 secure=1 drain=0
message outcome=0 evidence=0 applications=1 before=0
424: now < until && delivered_app == before + 1u
Node scheduling seed: 4

      Start 46: autonomous_overheard_posix
46/63 Test #46: autonomous_overheard_posix .................   Passed    3.40 sec
      Start 47: autonomous_root_relay_posix
47/63 Test #47: autonomous_root_relay_posix ................   Passed    3.45 sec
      Start 48: autonomous_join_ack_loss_posix
48/63 Test #48: autonomous_join_ack_loss_posix .............   Passed    4.59 sec
      Start 49: autonomous_bounded_radio_posix
49/63 Test #49: autonomous_bounded_radio_posix .............   Passed    5.99 sec
      Start 50: autonomous_sustained_radio_posix
50/63 Test #50: autonomous_sustained_radio_posix ...........   Passed    3.93 sec
      Start 51: application_ledger_restart_posix
51/63 Test #51: application_ledger_restart_posix ...........   Passed    0.20 sec
      Start 52: field_replacement_flash_runtime
52/63 Test #52: field_replacement_flash_runtime ............   Passed    2.77 sec
      Start 53: autonomous_node_flash_runtime
53/63 Test #53: autonomous_node_flash_runtime ..............   Passed   14.40 sec
      Start 54: enrollment_flash_runtime
54/63 Test #54: enrollment_flash_runtime ...................   Passed    6.31 sec
      Start 55: discovery_flash_runtime
55/63 Test #55: discovery_flash_runtime ....................   Passed    7.76 sec
      Start 56: discovery_slow_flash_runtime
56/63 Test #56: discovery_slow_flash_runtime ...............***Failed    5.83 sec
node=1 time=250000 joined=1 peers=3 fault=0 handshake=0/0
clock=1 pending=0/0 prepare=0 apply=0 proof=0 wants=0 ready=0 authority=0 local=0
 contexts 1->2: 0283d543b79fec9b88822c639e39629f 2b755ea0d5609eb0295758c264f2a6c2
 contexts 1->3: 026505898322014fbf13eaf0613052fb 7742c8ffd00cbd185d301c90a773d607
 proof 0:000000000000000000000000000000000000000000000000000000000000000000000000000000000000000000000000
 proof 1:000000000000000000000000000000000000000000000000000000000000000000000000000000000000000000000000
 proof 2:000000000000000000000000000000000000000000000000000000000000000000000000000000000000000000000000
 proof 3:000000000000000000000000000000000000000000000000000000000000000000000000000000000000000000000000
 proof 4:000000000000000000000000000000000000000000000000000000000000000000000000000000000000000000000000
 peer=2 attempts=8 delivered=8 bits=255 age=6300 active=1 secure=1 drain=0
 peer=3 attempts=8 delivered=0 bits=0 age=5800 active=1 secure=1 drain=0
 edge=3-2 delivery=8 epoch=1 age=20451
 edge=3-1 delivery=0 epoch=1 age=12416
 edge=2-3 delivery=8 epoch=1 age=18653
 edge=2-1 delivery=8 epoch=1 age=14691
 edge=1-3 delivery=0 epoch=1 age=15922
 edge=1-2 delivery=8 epoch=1 age=16422
node=2 time=250000 joined=1 peers=3 fault=0 handshake=0/0
clock=1 pending=0/0 prepare=0 apply=0 proof=0 wants=0 ready=0 authority=0 local=0
 contexts 2->1: 0283d543b79fec9b88822c639e39629f 2b755ea0d5609eb0295758c264f2a6c2
 contexts 2->3: eea833fe2b7cd441a4cf4c04db823842 141f9db8e9b25b84f8863820774e318d
 peer=1 attempts=8 delivered=8 bits=255 age=4580 active=1 secure=1 drain=0
 peer=3 attempts=8 delivered=8 bits=255 age=8780 active=1 secure=1 drain=0
node=3 time=250000 joined=1 peers=3 fault=0 handshake=0/0
clock=1 pending=0/0 prepare=0 apply=0 proof=0 wants=0 ready=0 authority=0 local=0
 contexts 3->1: 026505898322014fbf13eaf0613052fb 7742c8ffd00cbd185d301c90a773d607
 contexts 3->2: eea833fe2b7cd441a4cf4c04db823842 141f9db8e9b25b84f8863820774e318d
 peer=1 attempts=8 delivered=0 bits=0 age=2320 active=1 secure=1 drain=0
 peer=2 attempts=8 delivered=8 bits=255 age=700 active=1 secure=1 drain=0
node=1 time=550000 joined=1 peers=3 fault=0 handshake=0/0
clock=1 pending=0/0 prepare=0 apply=0 proof=7 wants=2 ready=0 authority=1 local=1
 flow=30 epoch=5 retired=0 ready=1 notice=0 proofepoch=5 live=7 phase=2 end=8590279592
 contexts 1->2: d2e01222962f579d1a16bdb2c8c6d335 e4cb59cb4347a3ad71578a80d0fd223b
 contexts 1->3: 38a725918b40d1d7b7882499b53ef18b 4d00e02ae4331d0f8a2607009ee2dce1
 proof 0:000000000000000000000000000000000cbbbc43e949f8c3d15452604917eb8f38a725918b40d1d7b7882499b53ef18b
 proof 1:0cbbbc43e949f8c3d15452604917eb8fe4cb59cb4347a3ad71578a80d0fd223b00000000000000000000000000000000
 proof 2:e4cb59cb4347a3ad71578a80d0fd223b0000000000000000000000000000000038a725918b40d1d7b7882499b53ef18b
 proof 3:000000000000000000000000000000000000000000000000000000000000000000000000000000000000000000000000
 proof 4:000000000000000000000000000000000000000000000000000000000000000000000000000000000000000000000000
 peer=2 attempts=8 delivered=8 bits=255 age=5440 active=1 secure=1 drain=0
 peer=3 attempts=8 delivered=0 bits=0 age=9440 active=1 secure=1 drain=0
 edge=3-1 delivery=0 epoch=1 age=22757
 edge=3-2 delivery=8 epoch=1 age=20236
 edge=2-3 delivery=8 epoch=1 age=22709
 edge=2-1 delivery=8 epoch=1 age=19700
 edge=1-3 delivery=0 epoch=1 age=19562
 edge=1-2 delivery=8 epoch=1 age=15562
node=2 time=550000 joined=1 peers=3 fault=0 handshake=0/0
clock=1 pending=0/0 prepare=0 apply=0 proof=0 wants=1 ready=0 authority=0 local=1
 flow=30 epoch=5 retired=0 ready=1 notice=0 proofepoch=0 live=0 phase=2 end=8590279592
 contexts 2->1: d2e01222962f579d1a16bdb2c8c6d335 e4cb59cb4347a3ad71578a80d0fd223b
 contexts 2->3: 2a42926d49fd5edc1aa2f614088be281 0cbbbc43e949f8c3d15452604917eb8f
 peer=1 attempts=8 delivered=8 bits=255 age=10960 active=1 secure=1 drain=0
 peer=3 attempts=8 delivered=8 bits=255 age=1460 active=1 secure=1 drain=0
node=3 time=550000 joined=1 peers=3 fault=0 handshake=0/0
clock=1 pending=0/0 prepare=0 apply=0 proof=0 wants=1 ready=0 authority=0 local=1
 flow=31 epoch=5 retired=0 ready=1 notice=0 proofepoch=0 live=0 phase=2 end=8590279592
 contexts 3->1: 38a725918b40d1d7b7882499b53ef18b 4d00e02ae4331d0f8a2607009ee2dce1
 contexts 3->2: 2a42926d49fd5edc1aa2f614088be281 0cbbbc43e949f8c3d15452604917eb8f
 peer=1 attempts=8 delivered=0 bits=0 age=1980 active=1 secure=1 drain=0
 peer=2 attempts=8 delivered=8 bits=255 age=10960 active=1 secure=1 drain=0
message outcome=0 evidence=0 applications=1 before=0
424: now < until && delivered_app == before + 1u
Node scheduling seed: 4

      Start 57: autonomous_overheard_flash_runtime
57/63 Test #57: autonomous_overheard_flash_runtime .........   Passed    4.61 sec
      Start 58: autonomous_root_relay_flash_runtime
58/63 Test #58: autonomous_root_relay_flash_runtime ........   Passed    4.62 sec
      Start 59: autonomous_join_ack_loss_flash_runtime
59/63 Test #59: autonomous_join_ack_loss_flash_runtime .....   Passed    5.96 sec
      Start 60: autonomous_bounded_radio_flash_runtime
60/63 Test #60: autonomous_bounded_radio_flash_runtime .....   Passed    3.49 sec
      Start 61: autonomous_sustained_radio_flash_runtime
61/63 Test #61: autonomous_sustained_radio_flash_runtime ...   Passed    3.02 sec
      Start 62: application_ledger_restart_flash_runtime
62/63 Test #62: application_ledger_restart_flash_runtime ...   Passed    0.13 sec
      Start 63: node_provisioning_history
63/63 Test #63: node_provisioning_history ..................   Passed    0.01 sec

97% tests passed, 2 tests failed out of 63

Total Test time (real) = 430.32 sec

The following tests FAILED:
	 45 - discovery_slow_posix (Failed)
	 56 - discovery_slow_flash_runtime (Failed)
Errors while running CTest
