Internal ctest changing into directory: /tmp/ninlil-oss-final/gcc
Test project /tmp/ninlil-oss-final/gcc
    Start 31: network_restart_fences
1/8 Test #31: network_restart_fences ............   Passed    0.00 sec
    Start 32: separate_preparation_lease
2/8 Test #32: separate_preparation_lease ........   Passed    0.00 sec
    Start 41: field_replacement_posix
3/8 Test #41: field_replacement_posix ...........   Passed    1.58 sec
    Start 43: enrollment_posix
4/8 Test #43: enrollment_posix ..................   Passed    4.30 sec
    Start 44: discovery_posix
5/8 Test #44: discovery_posix ...................   Passed    4.43 sec
    Start 51: field_replacement_flash_runtime
6/8 Test #51: field_replacement_flash_runtime ...   Passed    1.62 sec
    Start 53: enrollment_flash_runtime
7/8 Test #53: enrollment_flash_runtime ..........   Passed    4.39 sec
    Start 54: discovery_flash_runtime
8/8 Test #54: discovery_flash_runtime ...........   Passed    4.55 sec

100% tests passed, 0 tests failed out of 8

Total Test time (real) =  20.88 sec
