warning: in the working copy of '.gitattributes', LF will be replaced by CRLF the next time Git touches it
warning: in the working copy of '.gitignore', LF will be replaced by CRLF the next time Git touches it
warning: in the working copy of 'CMakeLists.txt', LF will be replaced by CRLF the next time Git touches it
warning: in the working copy of 'README.md', LF will be replaced by CRLF the next time Git touches it
warning: in the working copy of 'SECURITY.md', LF will be replaced by CRLF the next time Git touches it
warning: in the working copy of 'THIRD_PARTY_NOTICES.md', LF will be replaced by CRLF the next time Git touches it
warning: in the working copy of 'cmake/NinlilConfig.cmake.in', LF will be replaced by CRLF the next time Git touches it
warning: in the working copy of 'cmake/package.cmake', LF will be replaced by CRLF the next time Git touches it
warning: in the working copy of 'cmake/security.cmake', LF will be replaced by CRLF the next time Git touches it
warning: in the working copy of 'docs/ARCHITECTURE.md', LF will be replaced by CRLF the next time Git touches it
warning: in the working copy of 'docs/AUTONOMOUS_HIL_RESULTS_2026-09-08.json', LF will be replaced by CRLF the next time Git touches it
warning: in the working copy of 'docs/DEVELOPMENT_RESTART_2026-09-07.md', LF will be replaced by CRLF the next time Git touches it
warning: in the working copy of 'docs/EXTENSION_REVIEW_2026-09-08.md', LF will be replaced by CRLF the next time Git touches it
warning: in the working copy of 'docs/LOCAL_VERIFICATION_2026-09-08.json', LF will be replaced by CRLF the next time Git touches it
warning: in the working copy of 'docs/M1_BOARD_INIT_2026-09-07.md', LF will be replaced by CRLF the next time Git touches it
warning: in the working copy of 'docs/M1_DURABLE_CAMPAIGN_2026-09-07.md', LF will be replaced by CRLF the next time Git touches it
warning: in the working copy of 'docs/M1_PREFLIGHT_2026-09-07.md', LF will be replaced by CRLF the next time Git touches it
warning: in the working copy of 'docs/M1_RF_CAMPAIGN_2026-09-07.md', LF will be replaced by CRLF the next time Git touches it
warning: in the working copy of 'docs/M1_USB_POWER_2026-09-07.md', LF will be replaced by CRLF the next time Git touches it
warning: in the working copy of 'docs/OSS_COMPLETION_2026-09-08.md', LF will be replaced by CRLF the next time Git touches it
warning: in the working copy of 'docs/REVIEW_RESOLUTION_2026-09-08.md', LF will be replaced by CRLF the next time Git touches it
warning: in the working copy of 'docs/ROADMAP.md', LF will be replaced by CRLF the next time Git touches it
warning: in the working copy of 'docs/SECURE_NETWORK_PROFILE_2026-09-07.md', LF will be replaced by CRLF the next time Git touches it
warning: in the working copy of 'docs/SIMULATION.md', LF will be replaced by CRLF the next time Git touches it
warning: in the working copy of 'docs/SOURCE_BUDGETS.md', LF will be replaced by CRLF the next time Git touches it
warning: in the working copy of 'docs/STATUS.md', LF will be replaced by CRLF the next time Git touches it
warning: in the working copy of 'docs/STORAGE_BULK_RADIO_2026-09-08.md', LF will be replaced by CRLF the next time Git touches it
warning: in the working copy of 'docs/TESTING.md', LF will be replaced by CRLF the next time Git touches it
warning: in the working copy of 'docs/W01_W02_LOCAL_EVIDENCE_2026-09-07.md', LF will be replaced by CRLF the next time Git touches it
warning: in the working copy of 'docs/evidence/2026-09-08-autonomous/README.md', LF will be replaced by CRLF the next time Git touches it
warning: in the working copy of 'docs/evidence/2026-09-08-autonomous/proof-isolation-inputs.json', LF will be replaced by CRLF the next time Git touches it
warning: in the working copy of 'docs/evidence/2026-09-08-extensions/README.md', LF will be replaced by CRLF the next time Git touches it
warning: in the working copy of 'embedded/esp32s3/components/ninlil_core/CMakeLists.txt', LF will be replaced by CRLF the next time Git touches it
warning: in the working copy of 'embedded/esp32s3/components/ninlil_network/CMakeLists.txt', LF will be replaced by CRLF the next time Git touches it
warning: in the working copy of 'embedded/esp32s3/main/CMakeLists.txt', LF will be replaced by CRLF the next time Git touches it
warning: in the working copy of 'embedded/esp32s3/main/Kconfig.projbuild', LF will be replaced by CRLF the next time Git touches it
warning: in the working copy of 'embedded/esp32s3/main/app_main.c', LF will be replaced by CRLF the next time Git touches it
warning: in the working copy of 'embedded/esp32s3/main/hil_delivery.c', LF will be replaced by CRLF the next time Git touches it
warning: in the working copy of 'embedded/esp32s3/main/hil_delivery.h', LF will be replaced by CRLF the next time Git touches it
warning: in the working copy of 'embedded/esp32s3/main/node_application.c', LF will be replaced by CRLF the next time Git touches it
warning: in the working copy of 'embedded/esp32s3/main/node_bulk.c', LF will be replaced by CRLF the next time Git touches it
warning: in the working copy of 'embedded/esp32s3/main/node_example.h', LF will be replaced by CRLF the next time Git touches it
warning: in the working copy of 'embedded/esp32s3/main/node_main.c', LF will be replaced by CRLF the next time Git touches it
warning: in the working copy of 'embedded/esp32s3/main/node_storage.c', LF will be replaced by CRLF the next time Git touches it
warning: in the working copy of 'embedded/esp32s3/partitions-autonomous-preserve.csv', LF will be replaced by CRLF the next time Git touches it
warning: in the working copy of 'include/ninlil.h', LF will be replaced by CRLF the next time Git touches it
warning: in the working copy of 'include/ninlil_airtime.h', LF will be replaced by CRLF the next time Git touches it
warning: in the working copy of 'include/ninlil_bulk.h', LF will be replaced by CRLF the next time Git touches it
warning: in the working copy of 'include/ninlil_control_log.h', LF will be replaced by CRLF the next time Git touches it
warning: in the working copy of 'include/ninlil_lease_clock.h', LF will be replaced by CRLF the next time Git touches it
warning: in the working copy of 'include/ninlil_network.h', LF will be replaced by CRLF the next time Git touches it
warning: in the working copy of 'include/ninlil_node.h', LF will be replaced by CRLF the next time Git touches it
warning: in the working copy of 'include/ninlil_radio_adapt.h', LF will be replaced by CRLF the next time Git touches it
warning: in the working copy of 'include/ninlil_relay.h', LF will be replaced by CRLF the next time Git touches it
warning: in the working copy of 'include/ninlil_routed.h', LF will be replaced by CRLF the next time Git touches it
warning: in the working copy of 'include/ninlil_secure.h', LF will be replaced by CRLF the next time Git touches it
warning: in the working copy of 'include/ninlil_secure_link.h', LF will be replaced by CRLF the next time Git touches it
warning: in the working copy of 'ports/crypto/ninlil_identity.c', LF will be replaced by CRLF the next time Git touches it
warning: in the working copy of 'ports/crypto/ninlil_identity.h', LF will be replaced by CRLF the next time Git touches it
warning: in the working copy of 'ports/crypto/ninlil_psa.c', LF will be replaced by CRLF the next time Git touches it
warning: in the working copy of 'ports/esp32s3/ninlil_flash_journal.c', LF will be replaced by CRLF the next time Git touches it
warning: in the working copy of 'ports/esp32s3/ninlil_network_pump.c', LF will be replaced by CRLF the next time Git touches it
warning: in the working copy of 'ports/esp32s3/ninlil_network_pump.h', LF will be replaced by CRLF the next time Git touches it
warning: in the working copy of 'ports/esp32s3/ninlil_security_partitions.c', LF will be replaced by CRLF the next time Git touches it
warning: in the working copy of 'ports/esp32s3/ninlil_security_partitions.h', LF will be replaced by CRLF the next time Git touches it
warning: in the working copy of 'ports/esp32s3/ninlil_sx1262_radio.c', LF will be replaced by CRLF the next time Git touches it
warning: in the working copy of 'ports/esp32s3/ninlil_sx1262_radio.h', LF will be replaced by CRLF the next time Git touches it
warning: in the working copy of 'ports/flash/ninlil_flash_bank.c', LF will be replaced by CRLF the next time Git touches it
warning: in the working copy of 'ports/flash/ninlil_flash_bank.h', LF will be replaced by CRLF the next time Git touches it
warning: in the working copy of 'ports/flash/ninlil_flash_journal_file.c', LF will be replaced by CRLF the next time Git touches it
warning: in the working copy of 'ports/flash/ninlil_flash_store.c', LF will be replaced by CRLF the next time Git touches it
warning: in the working copy of 'ports/flash/ninlil_identity_flash.c', LF will be replaced by CRLF the next time Git touches it
warning: in the working copy of 'ports/flash/ninlil_identity_flash.h', LF will be replaced by CRLF the next time Git touches it
warning: in the working copy of 'ports/posix/ninlil_identity_file.c', LF will be replaced by CRLF the next time Git touches it
warning: in the working copy of 'ports/posix/ninlil_identity_file.h', LF will be replaced by CRLF the next time Git touches it
warning: in the working copy of 'ports/posix/ninlil_journal.c', LF will be replaced by CRLF the next time Git touches it
warning: in the working copy of 'reviews/2026-09-08/README.md', LF will be replaced by CRLF the next time Git touches it
warning: in the working copy of 'reviews/2026-09-08/contract_probe.c', LF will be replaced by CRLF the next time Git touches it
warning: in the working copy of 'reviews/2026-09-08/control_probe.c', LF will be replaced by CRLF the next time Git touches it
warning: in the working copy of 'reviews/2026-09-08/pump_probe.c', LF will be replaced by CRLF the next time Git touches it
warning: in the working copy of 'reviews/2026-09-08/quota_probe.c', LF will be replaced by CRLF the next time Git touches it
warning: in the working copy of 'reviews/2026-09-08/run_analysis.py', LF will be replaced by CRLF the next time Git touches it
warning: in the working copy of 'reviews/2026-09-08/run_probes.py', LF will be replaced by CRLF the next time Git touches it
warning: in the working copy of 'reviews/2026-09-08/storage_probe.c', LF will be replaced by CRLF the next time Git touches it
warning: in the working copy of 'scripts/autonomous_node_files.txt', CRLF will be replaced by LF the next time Git touches it
warning: in the working copy of 'scripts/count_sources.py', LF will be replaced by CRLF the next time Git touches it
warning: in the working copy of 'scripts/secure_network_files.txt', CRLF will be replaced by LF the next time Git touches it
warning: in the working copy of 'scripts/secure_network_historical_files.txt', CRLF will be replaced by LF the next time Git touches it
warning: in the working copy of 'scripts/static_crypto.py', LF will be replaced by CRLF the next time Git touches it
warning: in the working copy of 'src/ninlil.c', LF will be replaced by CRLF the next time Git touches it
warning: in the working copy of 'src/ninlil_airtime.c', LF will be replaced by CRLF the next time Git touches it
warning: in the working copy of 'src/ninlil_bulk.c', LF will be replaced by CRLF the next time Git touches it
warning: in the working copy of 'src/ninlil_bulk_internal.h', LF will be replaced by CRLF the next time Git touches it
warning: in the working copy of 'src/ninlil_bulk_store.c', LF will be replaced by CRLF the next time Git touches it
warning: in the working copy of 'src/ninlil_collect.c', LF will be replaced by CRLF the next time Git touches it
warning: in the working copy of 'src/ninlil_control_collect.c', LF will be replaced by CRLF the next time Git touches it
warning: in the working copy of 'src/ninlil_control_internal.h', LF will be replaced by CRLF the next time Git touches it
warning: in the working copy of 'src/ninlil_control_log.c', LF will be replaced by CRLF the next time Git touches it
warning: in the working copy of 'src/ninlil_internal.h', LF will be replaced by CRLF the next time Git touches it
warning: in the working copy of 'src/ninlil_join.c', LF will be replaced by CRLF the next time Git touches it
warning: in the working copy of 'src/ninlil_journal.h', LF will be replaced by CRLF the next time Git touches it
warning: in the working copy of 'src/ninlil_lease_clock.c', LF will be replaced by CRLF the next time Git touches it
warning: in the working copy of 'src/ninlil_network.c', LF will be replaced by CRLF the next time Git touches it
warning: in the working copy of 'src/ninlil_network_route.c', LF will be replaced by CRLF the next time Git touches it
warning: in the working copy of 'src/ninlil_node.c', LF will be replaced by CRLF the next time Git touches it
warning: in the working copy of 'src/ninlil_node_auth.c', LF will be replaced by CRLF the next time Git touches it
warning: in the working copy of 'src/ninlil_node_collection.c', LF will be replaced by CRLF the next time Git touches it
warning: in the working copy of 'src/ninlil_node_control.c', LF will be replaced by CRLF the next time Git touches it
warning: in the working copy of 'src/ninlil_node_internal.h', LF will be replaced by CRLF the next time Git touches it
warning: in the working copy of 'src/ninlil_node_io.c', LF will be replaced by CRLF the next time Git touches it
warning: in the working copy of 'src/ninlil_node_lifecycle.c', LF will be replaced by CRLF the next time Git touches it
warning: in the working copy of 'src/ninlil_node_links.c', LF will be replaced by CRLF the next time Git touches it
warning: in the working copy of 'src/ninlil_node_plans.c', LF will be replaced by CRLF the next time Git touches it
warning: in the working copy of 'src/ninlil_node_radio.c', LF will be replaced by CRLF the next time Git touches it
warning: in the working copy of 'src/ninlil_node_recovery.c', LF will be replaced by CRLF the next time Git touches it
warning: in the working copy of 'src/ninlil_node_routes.c', LF will be replaced by CRLF the next time Git touches it
warning: in the working copy of 'src/ninlil_policy.c', LF will be replaced by CRLF the next time Git touches it
warning: in the working copy of 'src/ninlil_radio_adapt.c', LF will be replaced by CRLF the next time Git touches it
warning: in the working copy of 'src/ninlil_receive.c', LF will be replaced by CRLF the next time Git touches it
warning: in the working copy of 'src/ninlil_relay.c', LF will be replaced by CRLF the next time Git touches it
warning: in the working copy of 'src/ninlil_replay.c', LF will be replaced by CRLF the next time Git touches it
warning: in the working copy of 'src/ninlil_routed.c', LF will be replaced by CRLF the next time Git touches it
warning: in the working copy of 'src/ninlil_secure.c', LF will be replaced by CRLF the next time Git touches it
warning: in the working copy of 'src/ninlil_send.c', LF will be replaced by CRLF the next time Git touches it
warning: in the working copy of 'src/ninlil_storage.c', LF will be replaced by CRLF the next time Git touches it
warning: in the working copy of 'tests/consumer/CMakeLists.txt', LF will be replaced by CRLF the next time Git touches it
warning: in the working copy of 'tests/consumer/main.c', LF will be replaced by CRLF the next time Git touches it
warning: in the working copy of 'tests/esp_stub/esp_partition.h', LF will be replaced by CRLF the next time Git touches it
warning: in the working copy of 'tests/esp_stub/esp_random.h', LF will be replaced by CRLF the next time Git touches it
warning: in the working copy of 'tests/esp_stub/esp_system.h', LF will be replaced by CRLF the next time Git touches it
warning: in the working copy of 'tests/esp_stub/sx126x.h', LF will be replaced by CRLF the next time Git touches it
warning: in the working copy of 'tests/fuzz_control.c', LF will be replaced by CRLF the next time Git touches it
warning: in the working copy of 'tests/sim/fuzz_manifest.c', LF will be replaced by CRLF the next time Git touches it
warning: in the working copy of 'tests/sim/sim.h', LF will be replaced by CRLF the next time Git touches it
warning: in the working copy of 'tests/sim/sim_main.c', LF will be replaced by CRLF the next time Git touches it
warning: in the working copy of 'tests/sim/sim_manifest.c', LF will be replaced by CRLF the next time Git touches it
warning: in the working copy of 'tests/sim/sim_radio.c', LF will be replaced by CRLF the next time Git touches it
warning: in the working copy of 'tests/sim/sim_workload.c', LF will be replaced by CRLF the next time Git touches it
warning: in the working copy of 'tests/sim/test_sim_model.c', LF will be replaced by CRLF the next time Git touches it
warning: in the working copy of 'tests/sim/test_sim_scenarios.c', LF will be replaced by CRLF the next time Git touches it
warning: in the working copy of 'tests/test_airtime.c', LF will be replaced by CRLF the next time Git touches it
warning: in the working copy of 'tests/test_bulk.c', LF will be replaced by CRLF the next time Git touches it
warning: in the working copy of 'tests/test_bulk_application.c', LF will be replaced by CRLF the next time Git touches it
warning: in the working copy of 'tests/test_collection.c', LF will be replaced by CRLF the next time Git touches it
warning: in the working copy of 'tests/test_control_log.c', LF will be replaced by CRLF the next time Git touches it
warning: in the working copy of 'tests/test_core.c', LF will be replaced by CRLF the next time Git touches it
warning: in the working copy of 'tests/test_delivery_state.c', LF will be replaced by CRLF the next time Git touches it
warning: in the working copy of 'tests/test_flash.c', LF will be replaced by CRLF the next time Git touches it
warning: in the working copy of 'tests/test_flash_bank.c', LF will be replaced by CRLF the next time Git touches it
warning: in the working copy of 'tests/test_hil_delivery.c', LF will be replaced by CRLF the next time Git touches it
warning: in the working copy of 'tests/test_identity.c', LF will be replaced by CRLF the next time Git touches it
warning: in the working copy of 'tests/test_join.c', LF will be replaced by CRLF the next time Git touches it
warning: in the working copy of 'tests/test_lease_clock.c', LF will be replaced by CRLF the next time Git touches it
warning: in the working copy of 'tests/test_network.c', LF will be replaced by CRLF the next time Git touches it
warning: in the working copy of 'tests/test_network_pump.c', LF will be replaced by CRLF the next time Git touches it
warning: in the working copy of 'tests/test_network_restart.c', LF will be replaced by CRLF the next time Git touches it
warning: in the working copy of 'tests/test_node.c', LF will be replaced by CRLF the next time Git touches it
warning: in the working copy of 'tests/test_node_application.c', LF will be replaced by CRLF the next time Git touches it
warning: in the working copy of 'tests/test_node_bulk.c', LF will be replaced by CRLF the next time Git touches it
warning: in the working copy of 'tests/test_node_bulk.h', LF will be replaced by CRLF the next time Git touches it
warning: in the working copy of 'tests/test_node_storage.c', LF will be replaced by CRLF the next time Git touches it
warning: in the working copy of 'tests/test_posix_collection.c', LF will be replaced by CRLF the next time Git touches it
warning: in the working copy of 'tests/test_quota_retry.c', LF will be replaced by CRLF the next time Git touches it
warning: in the working copy of 'tests/test_radio_adapt.c', LF will be replaced by CRLF the next time Git touches it
warning: in the working copy of 'tests/test_security_partitions.c', LF will be replaced by CRLF the next time Git touches it
warning: in the working copy of 'tests/test_store_binding.c', LF will be replaced by CRLF the next time Git touches it
warning: in the working copy of 'tests/test_sx1262_physical.c', LF will be replaced by CRLF the next time Git touches it
warning: in the working copy of 'third_party/adapted/PROVENANCE.json', CRLF will be replaced by LF the next time Git touches it
warning: in the working copy of 'tools/m1_corrupt_journal_hil.py', LF will be replaced by CRLF the next time Git touches it
warning: in the working copy of 'tools/m1_flash_inspect.c', LF will be replaced by CRLF the next time Git touches it
warning: in the working copy of 'tools/node_hil/README.md', LF will be replaced by CRLF the next time Git touches it
warning: in the working copy of 'tools/node_hil/build.py', LF will be replaced by CRLF the next time Git touches it
warning: in the working copy of 'tools/node_hil/campaign.py', LF will be replaced by CRLF the next time Git touches it
warning: in the working copy of 'tools/node_hil/capture.py', LF will be replaced by CRLF the next time Git touches it
warning: in the working copy of 'tools/node_hil/console.py', LF will be replaced by CRLF the next time Git touches it
warning: in the working copy of 'tools/node_hil/evidence.py', LF will be replaced by CRLF the next time Git touches it
warning: in the working copy of 'tools/node_hil/extension_evidence.py', LF will be replaced by CRLF the next time Git touches it
warning: in the working copy of 'tools/node_hil/extensions.py', LF will be replaced by CRLF the next time Git touches it
warning: in the working copy of 'tools/node_hil/hardware.py', LF will be replaced by CRLF the next time Git touches it
