warning: in the working copy of '.gitignore', LF will be replaced by CRLF the next time Git touches it
warning: in the working copy of 'cmake/security.cmake', LF will be replaced by CRLF the next time Git touches it
warning: in the working copy of 'docs/ROADMAP.md', LF will be replaced by CRLF the next time Git touches it
warning: in the working copy of 'docs/SOURCE_BUDGETS.md', LF will be replaced by CRLF the next time Git touches it
warning: in the working copy of 'docs/STATUS.md', LF will be replaced by CRLF the next time Git touches it
warning: in the working copy of 'embedded/esp32s3/components/ninlil_network/CMakeLists.txt', LF will be replaced by CRLF the next time Git touches it
warning: in the working copy of 'embedded/esp32s3/main/CMakeLists.txt', LF will be replaced by CRLF the next time Git touches it
warning: in the working copy of 'embedded/esp32s3/main/node_example.h', LF will be replaced by CRLF the next time Git touches it
warning: in the working copy of 'embedded/esp32s3/main/node_main.c', LF will be replaced by CRLF the next time Git touches it
warning: in the working copy of 'embedded/esp32s3/main/node_storage.c', LF will be replaced by CRLF the next time Git touches it
warning: in the working copy of 'embedded/esp32s3/partitions-autonomous-preserve.csv', LF will be replaced by CRLF the next time Git touches it
warning: in the working copy of 'include/ninlil_control_log.h', LF will be replaced by CRLF the next time Git touches it
warning: in the working copy of 'include/ninlil_network.h', LF will be replaced by CRLF the next time Git touches it
warning: in the working copy of 'include/ninlil_node.h', LF will be replaced by CRLF the next time Git touches it
warning: in the working copy of 'ports/crypto/ninlil_identity.c', LF will be replaced by CRLF the next time Git touches it
warning: in the working copy of 'ports/crypto/ninlil_identity.h', LF will be replaced by CRLF the next time Git touches it
warning: in the working copy of 'ports/flash/ninlil_flash_journal_file.c', LF will be replaced by CRLF the next time Git touches it
warning: in the working copy of 'ports/flash/ninlil_identity_flash.c', LF will be replaced by CRLF the next time Git touches it
warning: in the working copy of 'scripts/secure_network_files.txt', CRLF will be replaced by LF the next time Git touches it
warning: in the working copy of 'scripts/static_crypto.py', LF will be replaced by CRLF the next time Git touches it
warning: in the working copy of 'src/ninlil_control_collect.c', LF will be replaced by CRLF the next time Git touches it
warning: in the working copy of 'src/ninlil_control_internal.h', LF will be replaced by CRLF the next time Git touches it
warning: in the working copy of 'src/ninlil_control_log.c', LF will be replaced by CRLF the next time Git touches it
warning: in the working copy of 'src/ninlil_network.c', LF will be replaced by CRLF the next time Git touches it
warning: in the working copy of 'src/ninlil_node.c', LF will be replaced by CRLF the next time Git touches it
warning: in the working copy of 'src/ninlil_node_auth.c', LF will be replaced by CRLF the next time Git touches it
warning: in the working copy of 'src/ninlil_node_collection.c', LF will be replaced by CRLF the next time Git touches it
warning: in the working copy of 'src/ninlil_node_control.c', LF will be replaced by CRLF the next time Git touches it
warning: in the working copy of 'src/ninlil_node_internal.h', LF will be replaced by CRLF the next time Git touches it
warning: in the working copy of 'src/ninlil_node_io.c', LF will be replaced by CRLF the next time Git touches it
warning: in the working copy of 'src/ninlil_node_plans.c', LF will be replaced by CRLF the next time Git touches it
warning: in the working copy of 'src/ninlil_node_routes.c', LF will be replaced by CRLF the next time Git touches it
warning: in the working copy of 'tests/test_identity.c', LF will be replaced by CRLF the next time Git touches it
warning: in the working copy of 'tests/test_node.c', LF will be replaced by CRLF the next time Git touches it
warning: in the working copy of 'tests/test_node_storage.c', LF will be replaced by CRLF the next time Git touches it
warning: in the working copy of 'tools/node_hil/campaign.py', LF will be replaced by CRLF the next time Git touches it
warning: in the working copy of 'tools/node_hil/console.py', LF will be replaced by CRLF the next time Git touches it
warning: in the working copy of 'tools/node_hil/hardware.py', LF will be replaced by CRLF the next time Git touches it
