-- Configuring done (1.0s)
-- Generating done (0.3s)
-- Build files have been written to: /tmp/ninlil-oss-final/clang
EDHOC / PSA / identity / autonomous owner static analysis PASS
Ninlil static analysis PASS
Semtech v2.5.0 header/source API syntax PASS
Ninlil ESP32-S3 strict syntax PASS
INFO: Running with entropic power schedule (0xFF, 100).
INFO: Seed: 20260907
INFO: Loaded 1 modules   (6662 inline 8-bit counters): 6662 [0x6517ff3808d8, 0x6517ff3822de), 
INFO: Loaded 1 PC tables (6662 PCs): 6662 [0x6517ff3822e0,0x6517ff39c340), 
INFO:        6 files found in /tmp/tmp.hyFVGEEs6M/corpus
INFO: seed corpus: files: 6 min: 88b max: 1024b total: 1504b rss: 32Mb
#7	INITED cov: 742 ft: 1027 corp: 6/1504b exec/s: 0 rss: 33Mb
#8	NEW    cov: 742 ft: 1227 corp: 7/1600b lim: 1024 exec/s: 0 rss: 34Mb L: 96/1024 MS: 1 ChangeByte-
#9	NEW    cov: 742 ft: 1232 corp: 8/1701b lim: 1024 exec/s: 0 rss: 34Mb L: 101/1024 MS: 1 InsertByte-
#15	NEW    cov: 742 ft: 1234 corp: 9/1846b lim: 1024 exec/s: 0 rss: 34Mb L: 145/1024 MS: 1 CopyPart-
#16	NEW    cov: 744 ft: 1286 corp: 10/1944b lim: 1024 exec/s: 0 rss: 34Mb L: 98/1024 MS: 1 ChangeBinInt-
#17	NEW    cov: 744 ft: 1288 corp: 11/2004b lim: 1024 exec/s: 0 rss: 34Mb L: 60/1024 MS: 1 EraseBytes-
#43	NEW    cov: 746 ft: 1333 corp: 12/2102b lim: 1024 exec/s: 0 rss: 35Mb L: 98/1024 MS: 1 CrossOver-
#52	REDUCE cov: 746 ft: 1333 corp: 12/2068b lim: 1024 exec/s: 0 rss: 35Mb L: 111/1024 MS: 4 ChangeByte-ChangeByte-ChangeByte-EraseBytes-
#54	NEW    cov: 747 ft: 1334 corp: 13/2231b lim: 1024 exec/s: 0 rss: 35Mb L: 163/1024 MS: 2 InsertRepeatedBytes-EraseBytes-
#56	NEW    cov: 748 ft: 1335 corp: 14/2293b lim: 1024 exec/s: 0 rss: 35Mb L: 62/1024 MS: 2 EraseBytes-InsertByte-
#59	NEW    cov: 749 ft: 1346 corp: 15/2391b lim: 1024 exec/s: 0 rss: 35Mb L: 98/1024 MS: 3 ShuffleBytes-ChangeBit-CopyPart-
#61	NEW    cov: 750 ft: 1347 corp: 16/2451b lim: 1024 exec/s: 0 rss: 35Mb L: 60/1024 MS: 2 ChangeByte-ChangeBit-
#74	NEW    cov: 751 ft: 1348 corp: 17/2549b lim: 1024 exec/s: 0 rss: 35Mb L: 98/1024 MS: 3 ChangeBinInt-ChangeBit-CMP- DE: "\377\017"-
#85	NEW    cov: 751 ft: 1349 corp: 18/2656b lim: 1024 exec/s: 0 rss: 36Mb L: 107/1024 MS: 1 InsertRepeatedBytes-
#93	REDUCE cov: 751 ft: 1349 corp: 18/2145b lim: 1024 exec/s: 0 rss: 36Mb L: 513/513 MS: 3 ShuffleBytes-ShuffleBytes-EraseBytes-
#159	NEW    cov: 752 ft: 1350 corp: 19/2243b lim: 1024 exec/s: 0 rss: 37Mb L: 98/513 MS: 1 ChangeBit-
#210	NEW    cov: 753 ft: 1356 corp: 20/2341b lim: 1024 exec/s: 0 rss: 37Mb L: 98/513 MS: 1 PersAutoDict- DE: "\377\017"-
#236	REDUCE cov: 753 ft: 1356 corp: 20/2278b lim: 1024 exec/s: 0 rss: 37Mb L: 450/450 MS: 1 EraseBytes-
#268	NEW    cov: 755 ft: 1375 corp: 21/2366b lim: 1024 exec/s: 0 rss: 37Mb L: 88/450 MS: 2 CMP-ChangeBinInt- DE: "\256\000\000\000\000\000\000\000"-
#269	NEW    cov: 757 ft: 1428 corp: 22/2458b lim: 1024 exec/s: 0 rss: 37Mb L: 92/450 MS: 1 EraseBytes-
#315	NEW    cov: 757 ft: 1435 corp: 23/2556b lim: 1024 exec/s: 0 rss: 37Mb L: 98/450 MS: 1 CrossOver-
#341	NEW    cov: 758 ft: 1436 corp: 24/2654b lim: 1024 exec/s: 0 rss: 37Mb L: 98/450 MS: 1 ChangeBinInt-
#357	NEW    cov: 758 ft: 1437 corp: 25/2742b lim: 1024 exec/s: 0 rss: 37Mb L: 88/450 MS: 1 ChangeBit-
#369	REDUCE cov: 758 ft: 1437 corp: 25/2724b lim: 1024 exec/s: 0 rss: 37Mb L: 93/450 MS: 2 CopyPart-EraseBytes-
#370	NEW    cov: 759 ft: 1440 corp: 26/2812b lim: 1024 exec/s: 0 rss: 37Mb L: 88/450 MS: 1 CopyPart-
#386	NEW    cov: 760 ft: 1441 corp: 27/2904b lim: 1024 exec/s: 0 rss: 37Mb L: 92/450 MS: 1 ShuffleBytes-
#429	NEW    cov: 760 ft: 1442 corp: 28/2973b lim: 1024 exec/s: 0 rss: 37Mb L: 69/450 MS: 3 EraseBytes-ChangeBinInt-InsertByte-
#430	NEW    cov: 761 ft: 1443 corp: 29/3005b lim: 1024 exec/s: 0 rss: 37Mb L: 32/450 MS: 1 EraseBytes-
#451	NEW    cov: 761 ft: 1444 corp: 30/3103b lim: 1024 exec/s: 0 rss: 37Mb L: 98/450 MS: 1 ChangeByte-
#478	NEW    cov: 761 ft: 1457 corp: 31/3201b lim: 1024 exec/s: 0 rss: 38Mb L: 98/450 MS: 2 CMP-CopyPart- DE: "\004\000\000\000"-
#484	NEW    cov: 761 ft: 1458 corp: 32/3299b lim: 1024 exec/s: 0 rss: 38Mb L: 98/450 MS: 1 CopyPart-
#536	REDUCE cov: 761 ft: 1458 corp: 32/3277b lim: 1024 exec/s: 0 rss: 38Mb L: 71/450 MS: 2 CopyPart-EraseBytes-
#597	REDUCE cov: 761 ft: 1458 corp: 32/3225b lim: 1024 exec/s: 0 rss: 38Mb L: 111/450 MS: 1 EraseBytes-
#634	REDUCE cov: 761 ft: 1458 corp: 32/3192b lim: 1024 exec/s: 0 rss: 38Mb L: 55/450 MS: 2 ChangeBinInt-EraseBytes-
#674	NEW    cov: 761 ft: 1459 corp: 33/3290b lim: 1024 exec/s: 0 rss: 38Mb L: 98/450 MS: 5 ChangeBit-ChangeBit-ChangeByte-ShuffleBytes-ChangeBinInt-
#746	REDUCE cov: 761 ft: 1459 corp: 33/3289b lim: 1024 exec/s: 0 rss: 38Mb L: 110/450 MS: 2 ChangeByte-EraseBytes-
#758	NEW    cov: 761 ft: 1460 corp: 34/3387b lim: 1024 exec/s: 0 rss: 38Mb L: 98/450 MS: 2 ShuffleBytes-PersAutoDict- DE: "\377\017"-
#784	NEW    cov: 761 ft: 1481 corp: 35/3483b lim: 1024 exec/s: 0 rss: 38Mb L: 96/450 MS: 1 PersAutoDict- DE: "\256\000\000\000\000\000\000\000"-
#793	REDUCE cov: 761 ft: 1481 corp: 35/3444b lim: 1024 exec/s: 0 rss: 38Mb L: 411/411 MS: 4 PersAutoDict-CrossOver-InsertByte-EraseBytes- DE: "\004\000\000\000"-
#839	NEW    cov: 762 ft: 1482 corp: 36/3542b lim: 1024 exec/s: 0 rss: 38Mb L: 98/411 MS: 1 CMP- DE: "c\247(\206\354t\000\000"-
#846	REDUCE cov: 762 ft: 1482 corp: 36/3536b lim: 1024 exec/s: 0 rss: 38Mb L: 63/411 MS: 2 ShuffleBytes-EraseBytes-
#871	REDUCE cov: 762 ft: 1482 corp: 36/3535b lim: 1024 exec/s: 0 rss: 38Mb L: 59/411 MS: 5 PersAutoDict-PersAutoDict-CrossOver-PersAutoDict-EraseBytes- DE: "\377\017"-"\256\000\000\000\000\000\000\000"-"\004\000\000\000"-
#913	REDUCE cov: 762 ft: 1482 corp: 36/3522b lim: 1024 exec/s: 0 rss: 38Mb L: 19/411 MS: 2 ChangeBinInt-EraseBytes-
#959	NEW    cov: 764 ft: 1484 corp: 37/3618b lim: 1024 exec/s: 0 rss: 38Mb L: 96/411 MS: 1 ChangeBit-
#1000	REDUCE cov: 764 ft: 1484 corp: 37/3590b lim: 1024 exec/s: 0 rss: 38Mb L: 82/411 MS: 1 EraseBytes-
#1015	NEW    cov: 764 ft: 1487 corp: 38/3686b lim: 1024 exec/s: 0 rss: 38Mb L: 96/411 MS: 5 PersAutoDict-CrossOver-ChangeBit-ShuffleBytes-ChangeByte- DE: "\256\000\000\000\000\000\000\000"-
#1035	REDUCE cov: 764 ft: 1487 corp: 38/3682b lim: 1024 exec/s: 0 rss: 38Mb L: 15/411 MS: 5 CMP-ChangeBinInt-InsertByte-ChangeByte-EraseBytes- DE: "\377\377\377\377\377\377\377b"-
#1046	NEW    cov: 764 ft: 1528 corp: 39/3780b lim: 1024 exec/s: 0 rss: 38Mb L: 98/411 MS: 1 CrossOver-
#1062	REDUCE cov: 764 ft: 1528 corp: 39/3740b lim: 1024 exec/s: 0 rss: 38Mb L: 58/411 MS: 1 EraseBytes-
#1064	REDUCE cov: 764 ft: 1528 corp: 39/3734b lim: 1024 exec/s: 0 rss: 38Mb L: 95/411 MS: 2 ShuffleBytes-EraseBytes-
#1091	NEW    cov: 764 ft: 1531 corp: 40/3785b lim: 1024 exec/s: 0 rss: 39Mb L: 51/411 MS: 2 EraseBytes-ShuffleBytes-
#1114	REDUCE cov: 764 ft: 1531 corp: 40/3756b lim: 1024 exec/s: 0 rss: 39Mb L: 382/382 MS: 3 ChangeByte-ChangeBit-EraseBytes-
#1200	NEW    cov: 764 ft: 1532 corp: 41/3852b lim: 1024 exec/s: 0 rss: 39Mb L: 96/382 MS: 1 CopyPart-
#1317	NEW    cov: 764 ft: 1533 corp: 42/3950b lim: 1024 exec/s: 0 rss: 39Mb L: 98/382 MS: 2 ShuffleBytes-ChangeBinInt-
#1458	NEW    cov: 764 ft: 1534 corp: 43/4046b lim: 1024 exec/s: 0 rss: 39Mb L: 96/382 MS: 1 ChangeBinInt-
#1519	NEW    cov: 766 ft: 1543 corp: 44/4144b lim: 1024 exec/s: 0 rss: 39Mb L: 98/382 MS: 1 ChangeBinInt-
#1610	NEW    cov: 766 ft: 1549 corp: 45/4242b lim: 1024 exec/s: 0 rss: 39Mb L: 98/382 MS: 1 CopyPart-
#1611	NEW    cov: 769 ft: 1673 corp: 46/4342b lim: 1024 exec/s: 0 rss: 39Mb L: 100/382 MS: 1 ShuffleBytes-
#1715	REDUCE cov: 769 ft: 1673 corp: 46/4202b lim: 1024 exec/s: 0 rss: 39Mb L: 242/242 MS: 4 InsertByte-ChangeBinInt-ChangeBit-EraseBytes-
#1717	REDUCE cov: 769 ft: 1673 corp: 46/4198b lim: 1024 exec/s: 0 rss: 39Mb L: 11/242 MS: 2 ShuffleBytes-EraseBytes-
#1770	NEW    cov: 770 ft: 1674 corp: 47/4296b lim: 1024 exec/s: 0 rss: 39Mb L: 98/242 MS: 3 CrossOver-ChangeByte-ChangeBit-
#1836	REDUCE cov: 770 ft: 1674 corp: 47/4264b lim: 1024 exec/s: 0 rss: 39Mb L: 50/242 MS: 1 EraseBytes-
#1867	REDUCE cov: 770 ft: 1674 corp: 47/4261b lim: 1024 exec/s: 0 rss: 39Mb L: 56/242 MS: 1 CrossOver-
#1953	NEW    cov: 770 ft: 1675 corp: 48/4359b lim: 1024 exec/s: 0 rss: 39Mb L: 98/242 MS: 1 CrossOver-
#1964	REDUCE cov: 770 ft: 1675 corp: 48/4349b lim: 1024 exec/s: 0 rss: 39Mb L: 48/242 MS: 1 EraseBytes-
#1977	REDUCE cov: 770 ft: 1675 corp: 48/4346b lim: 1024 exec/s: 0 rss: 39Mb L: 8/242 MS: 3 CMP-ChangeBinInt-EraseBytes- DE: "\256\377\377\377"-
#2034	NEW    cov: 770 ft: 1677 corp: 49/4444b lim: 1024 exec/s: 0 rss: 39Mb L: 98/242 MS: 2 ChangeByte-ChangeBinInt-
#2067	NEW    cov: 772 ft: 1715 corp: 50/4540b lim: 1024 exec/s: 0 rss: 39Mb L: 96/242 MS: 3 ChangeBinInt-ChangeBinInt-ChangeBinInt-
#2158	REDUCE cov: 772 ft: 1715 corp: 50/4532b lim: 1024 exec/s: 0 rss: 39Mb L: 63/242 MS: 1 EraseBytes-
#2189	REDUCE cov: 772 ft: 1715 corp: 50/4526b lim: 1024 exec/s: 0 rss: 39Mb L: 49/242 MS: 1 EraseBytes-
#2215	NEW    cov: 773 ft: 1716 corp: 51/4624b lim: 1024 exec/s: 0 rss: 39Mb L: 98/242 MS: 1 ChangeBit-
#2246	REDUCE cov: 773 ft: 1716 corp: 51/4615b lim: 1024 exec/s: 0 rss: 39Mb L: 53/242 MS: 1 EraseBytes-
#2582	NEW    cov: 773 ft: 1718 corp: 52/4713b lim: 1024 exec/s: 0 rss: 39Mb L: 98/242 MS: 1 CrossOver-
#2612	NEW    cov: 773 ft: 1719 corp: 53/4809b lim: 1024 exec/s: 0 rss: 39Mb L: 96/242 MS: 5 ChangeByte-CMP-ShuffleBytes-CopyPart-ShuffleBytes- DE: "\377\377s\354\206%\347v"-
#2765	NEW    cov: 774 ft: 1722 corp: 54/4907b lim: 1024 exec/s: 0 rss: 39Mb L: 98/242 MS: 3 CrossOver-CMP-CrossOver- DE: "\006\000"-
#2767	NEW    cov: 775 ft: 1754 corp: 55/5005b lim: 1024 exec/s: 0 rss: 39Mb L: 98/242 MS: 2 CMP-ChangeByte- DE: "\377\377\377\370"-
#2773	NEW    cov: 775 ft: 1755 corp: 56/5103b lim: 1024 exec/s: 0 rss: 39Mb L: 98/242 MS: 1 ChangeBinInt-
#2904	REDUCE cov: 775 ft: 1755 corp: 56/5098b lim: 1024 exec/s: 0 rss: 39Mb L: 55/242 MS: 1 EraseBytes-
#2905	NEW    cov: 776 ft: 1762 corp: 57/5190b lim: 1024 exec/s: 0 rss: 39Mb L: 92/242 MS: 1 EraseBytes-
#2909	REDUCE cov: 776 ft: 1762 corp: 57/5188b lim: 1024 exec/s: 0 rss: 40Mb L: 48/242 MS: 4 EraseBytes-CMP-PersAutoDict-CMP- DE: "\377\377\377\376"-"\377\377s\354\206%\347v"-"\001\000"-
#3080	NEW    cov: 776 ft: 1773 corp: 58/5276b lim: 1024 exec/s: 0 rss: 40Mb L: 88/242 MS: 1 ShuffleBytes-
#3137	NEW    cov: 776 ft: 1777 corp: 59/5372b lim: 1024 exec/s: 0 rss: 40Mb L: 96/242 MS: 2 ChangeBit-PersAutoDict- DE: "\377\377\377\377\377\377\377b"-
#3463	REDUCE cov: 776 ft: 1777 corp: 59/5368b lim: 1024 exec/s: 0 rss: 40Mb L: 52/242 MS: 1 EraseBytes-
#3540	NEW    cov: 776 ft: 1778 corp: 60/5456b lim: 1024 exec/s: 0 rss: 40Mb L: 88/242 MS: 2 ChangeBinInt-CopyPart-
#3697	REDUCE cov: 776 ft: 1778 corp: 60/5451b lim: 1024 exec/s: 0 rss: 40Mb L: 48/242 MS: 2 InsertByte-EraseBytes-
#3739	NEW    cov: 777 ft: 1779 corp: 61/5549b lim: 1024 exec/s: 0 rss: 40Mb L: 98/242 MS: 2 ChangeByte-CopyPart-
#3950	NEW    cov: 777 ft: 1793 corp: 62/5649b lim: 1024 exec/s: 0 rss: 40Mb L: 100/242 MS: 1 ChangeByte-
#4156	NEW    cov: 777 ft: 1800 corp: 63/5745b lim: 1024 exec/s: 0 rss: 40Mb L: 96/242 MS: 1 ShuffleBytes-
#4484	REDUCE cov: 777 ft: 1800 corp: 63/5744b lim: 1024 exec/s: 0 rss: 40Mb L: 48/242 MS: 3 CMP-ChangeByte-EraseBytes- DE: "\001\000\000\000\000\000\004\000"-
#4822	NEW    cov: 777 ft: 1805 corp: 64/5842b lim: 1024 exec/s: 0 rss: 40Mb L: 98/242 MS: 3 ChangeBinInt-ShuffleBytes-ChangeBit-
#5119	NEW    cov: 778 ft: 1806 corp: 65/5934b lim: 1024 exec/s: 0 rss: 40Mb L: 92/242 MS: 2 InsertRepeatedBytes-EraseBytes-
#5258	NEW    cov: 778 ft: 1809 corp: 66/6030b lim: 1024 exec/s: 0 rss: 40Mb L: 96/242 MS: 4 EraseBytes-InsertByte-InsertRepeatedBytes-EraseBytes-
#5286	NEW    cov: 778 ft: 1814 corp: 67/6128b lim: 1024 exec/s: 0 rss: 40Mb L: 98/242 MS: 3 ChangeByte-ShuffleBytes-CopyPart-
#5473	REDUCE cov: 778 ft: 1814 corp: 67/6126b lim: 1024 exec/s: 0 rss: 41Mb L: 6/242 MS: 2 ShuffleBytes-EraseBytes-
#5654	NEW    cov: 780 ft: 1833 corp: 68/6218b lim: 1024 exec/s: 0 rss: 41Mb L: 92/242 MS: 1 CopyPart-
#5761	NEW    cov: 780 ft: 1844 corp: 69/6314b lim: 1024 exec/s: 0 rss: 41Mb L: 96/242 MS: 2 ChangeByte-CMP- DE: "\001\002"-
#5797	NEW    cov: 781 ft: 1861 corp: 70/6412b lim: 1024 exec/s: 0 rss: 41Mb L: 98/242 MS: 1 ChangeByte-
#5838	NEW    cov: 781 ft: 1862 corp: 71/6512b lim: 1024 exec/s: 0 rss: 41Mb L: 100/242 MS: 1 CrossOver-
#5934	REDUCE cov: 781 ft: 1862 corp: 71/6504b lim: 1024 exec/s: 0 rss: 41Mb L: 55/242 MS: 1 EraseBytes-
#5945	NEW    cov: 781 ft: 1863 corp: 72/6592b lim: 1024 exec/s: 0 rss: 41Mb L: 88/242 MS: 1 ChangeBinInt-
#6086	NEW    cov: 781 ft: 1865 corp: 73/6692b lim: 1024 exec/s: 0 rss: 41Mb L: 100/242 MS: 1 CopyPart-
#6889	NEW    cov: 782 ft: 1866 corp: 74/6784b lim: 1024 exec/s: 0 rss: 41Mb L: 92/242 MS: 3 ChangeByte-PersAutoDict-ShuffleBytes- DE: "\377\017"-
#6920	NEW    cov: 783 ft: 1867 corp: 75/6882b lim: 1024 exec/s: 0 rss: 41Mb L: 98/242 MS: 1 ChangeBinInt-
#6927	REDUCE cov: 783 ft: 1867 corp: 75/6880b lim: 1024 exec/s: 0 rss: 41Mb L: 4/242 MS: 2 ShuffleBytes-EraseBytes-
#7013	REDUCE cov: 783 ft: 1867 corp: 75/6879b lim: 1024 exec/s: 0 rss: 41Mb L: 3/242 MS: 1 EraseBytes-
#7285	REDUCE cov: 783 ft: 1867 corp: 75/6875b lim: 1024 exec/s: 0 rss: 41Mb L: 48/242 MS: 2 ChangeBinInt-EraseBytes-
#7424	NEW    cov: 784 ft: 1868 corp: 76/6931b lim: 1024 exec/s: 0 rss: 41Mb L: 56/242 MS: 4 InsertByte-EraseBytes-InsertByte-CopyPart-
#7525	NEW    cov: 785 ft: 1880 corp: 77/7023b lim: 1024 exec/s: 0 rss: 41Mb L: 92/242 MS: 1 CopyPart-
#7709	REDUCE cov: 785 ft: 1880 corp: 77/7016b lim: 1024 exec/s: 0 rss: 41Mb L: 48/242 MS: 4 InsertByte-ChangeBinInt-ChangeByte-EraseBytes-
#7745	NEW    cov: 786 ft: 1881 corp: 78/7114b lim: 1024 exec/s: 0 rss: 41Mb L: 98/242 MS: 1 CopyPart-
#7879	REDUCE cov: 786 ft: 1881 corp: 78/7094b lim: 1024 exec/s: 0 rss: 41Mb L: 222/222 MS: 4 CMP-ChangeBinInt-ChangeBinInt-EraseBytes- DE: "NJ\001"-
#8170	REDUCE cov: 787 ft: 1882 corp: 79/7096b lim: 1024 exec/s: 0 rss: 42Mb L: 2/222 MS: 1 EraseBytes-
#8316	NEW    cov: 788 ft: 1889 corp: 80/7184b lim: 1024 exec/s: 0 rss: 42Mb L: 88/222 MS: 1 ChangeByte-
#9119	REDUCE cov: 788 ft: 1889 corp: 80/7170b lim: 1024 exec/s: 0 rss: 42Mb L: 49/222 MS: 3 CopyPart-CMP-EraseBytes- DE: "\241\2403\377\027e\000\000"-
#9365	REDUCE cov: 788 ft: 1889 corp: 80/7165b lim: 1024 exec/s: 0 rss: 42Mb L: 50/222 MS: 1 EraseBytes-
#10000	DONE   cov: 788 ft: 1889 corp: 80/7165b lim: 1024 exec/s: 0 rss: 42Mb
###### Recommended dictionary. ######
"\377\017" # Uses: 127
"\256\000\000\000\000\000\000\000" # Uses: 127
"\004\000\000\000" # Uses: 88
"c\247(\206\354t\000\000" # Uses: 84
"\377\377\377\377\377\377\377b" # Uses: 102
"\256\377\377\377" # Uses: 71
"\377\377s\354\206%\347v" # Uses: 61
"\006\000" # Uses: 51
"\377\377\377\370" # Uses: 53
"\377\377\377\376" # Uses: 46
"\001\000" # Uses: 51
"\001\000\000\000\000\000\004\000" # Uses: 34
"\001\002" # Uses: 36
"NJ\001" # Uses: 7
"\241\2403\377\027e\000\000" # Uses: 5
###### End of recommended dictionary. ######
Done 10000 runs in 0 second(s)
Join/plan/Relay v1-v2 fuzz PASS (10000 executions)
-- The C compiler identification is GNU 13.3.0
-- Detecting C compiler ABI info
-- Detecting C compiler ABI info - done
-- Check for working C compiler: /usr/bin/cc - skipped
-- Detecting C compile features
-- Detecting C compile features - done
-- Configuring done (0.1s)
-- Generating done (0.0s)
-- Build files have been written to: /tmp/tmp.vMQ6lu0TKv/consumer-posix
[1/2] Building C object CMakeFiles/consumer.dir/main.c.o
[2/2] Linking C executable consumer
-- The C compiler identification is GNU 13.3.0
-- Detecting C compiler ABI info
-- Detecting C compiler ABI info - done
-- Check for working C compiler: /usr/bin/cc - skipped
-- Detecting C compile features
-- Detecting C compile features - done
-- Configuring done (0.1s)
-- Generating done (0.0s)
-- Build files have been written to: /tmp/tmp.vMQ6lu0TKv/consumer-flash_runtime
[1/2] Building C object CMakeFiles/consumer.dir/main.c.o
[2/2] Linking C executable consumer
Rejected conflicting-backends with expected package diagnostic
Rejected invalid-backend with expected package diagnostic
-- The C compiler identification is GNU 13.3.0
-- Detecting C compiler ABI info
-- Detecting C compiler ABI info - done
-- Check for working C compiler: /usr/bin/cc - skipped
-- Detecting C compile features
-- Detecting C compile features - done
-- Configuring done (0.1s)
-- Generating done (0.0s)
-- Build files have been written to: /tmp/tmp.vMQ6lu0TKv/core
[1/41] Building C object CMakeFiles/ninlil_contract.dir/src/ninlil_authorization.c.o
[2/41] Building C object CMakeFiles/ninlil_posix.dir/src/ninlil_collect.c.o
[3/41] Linking C static library libninlil_contract.a
[4/41] Building C object CMakeFiles/ninlil_posix.dir/src/ninlil_custody.c.o
[5/41] Building C object CMakeFiles/ninlil_posix.dir/src/ninlil.c.o
[6/41] Building C object CMakeFiles/ninlil_posix.dir/src/ninlil_leaf.c.o
[7/41] Building C object CMakeFiles/ninlil_posix.dir/src/ninlil_group.c.o
[8/41] Building C object CMakeFiles/ninlil_posix.dir/src/ninlil_profile.c.o
[9/41] Building C object CMakeFiles/ninlil_posix.dir/src/ninlil_policy.c.o
[10/41] Building C object CMakeFiles/ninlil_posix.dir/src/ninlil_replay.c.o
[11/41] Building C object CMakeFiles/ninlil_posix.dir/src/ninlil_receive.c.o
[12/41] Building C object CMakeFiles/ninlil_posix.dir/src/ninlil_send.c.o
[13/41] Building C object CMakeFiles/ninlil_posix.dir/src/ninlil_storage.c.o
[14/41] Building C object CMakeFiles/ninlil_posix.dir/src/ninlil_topology.c.o
[15/41] Building C object CMakeFiles/ninlil_posix.dir/src/ninlil_wire.c.o
[16/41] Building C object CMakeFiles/ninlil_radio_model.dir/src/ninlil_diag.c.o
[17/41] Building C object CMakeFiles/ninlil_radio_model.dir/src/ninlil_radio.c.o
[18/41] Building C object CMakeFiles/ninlil_posix.dir/ports/posix/ninlil_journal.c.o
[19/41] Building C object CMakeFiles/ninlil_radio_model.dir/src/ninlil_rf_profile.c.o
[20/41] Linking C static library libninlil_posix.a
[21/41] Linking C static library libninlil_radio_model.a
[22/41] Building C object CMakeFiles/ninlil_flash_store.dir/ports/flash/ninlil_flash_bank.c.o
[23/41] Building C object CMakeFiles/ninlil_flash_store.dir/ports/flash/ninlil_flash_store.c.o
[24/41] Linking C static library libninlil_flash_store.a
[25/41] Building C object CMakeFiles/ninlil_security_state.dir/ports/flash/ninlil_security_state.c.o
[26/41] Linking C static library libninlil_security_state.a
[27/41] Building C object CMakeFiles/ninlil_flash_runtime.dir/src/ninlil_collect.c.o
[28/41] Building C object CMakeFiles/ninlil_flash_runtime.dir/src/ninlil.c.o
[29/41] Building C object CMakeFiles/ninlil_flash_runtime.dir/src/ninlil_custody.c.o
[30/41] Building C object CMakeFiles/ninlil_flash_runtime.dir/src/ninlil_leaf.c.o
[31/41] Building C object CMakeFiles/ninlil_flash_runtime.dir/src/ninlil_group.c.o
[32/41] Building C object CMakeFiles/ninlil_flash_runtime.dir/src/ninlil_profile.c.o
[33/41] Building C object CMakeFiles/ninlil_flash_runtime.dir/src/ninlil_policy.c.o
[34/41] Building C object CMakeFiles/ninlil_flash_runtime.dir/src/ninlil_replay.c.o
[35/41] Building C object CMakeFiles/ninlil_flash_runtime.dir/src/ninlil_receive.c.o
[36/41] Building C object CMakeFiles/ninlil_flash_runtime.dir/src/ninlil_send.c.o
[37/41] Building C object CMakeFiles/ninlil_flash_runtime.dir/src/ninlil_storage.c.o
[38/41] Building C object CMakeFiles/ninlil_flash_runtime.dir/src/ninlil_topology.c.o
[39/41] Building C object CMakeFiles/ninlil_flash_runtime.dir/src/ninlil_wire.c.o
[40/41] Building C object CMakeFiles/ninlil_flash_runtime.dir/ports/flash/ninlil_flash_journal_file.c.o
[41/41] Linking C static library libninlil_flash_runtime.a
-- The C compiler identification is GNU 13.3.0
-- Detecting C compiler ABI info
-- Detecting C compiler ABI info - done
-- Check for working C compiler: /usr/bin/cc - skipped
-- Detecting C compile features
-- Detecting C compile features - done
-- Configuring done (0.1s)
-- Generating done (0.0s)
-- Build files have been written to: /tmp/tmp.vMQ6lu0TKv/core-consumer
[1/2] Building C object CMakeFiles/consumer.dir/main.c.o
[2/2] Linking C executable consumer
Relocated secure POSIX/NOR and Core-only package consumers PASS
Secure protocol/storage libraries (autonomous execution owner counted separately)
Physical lines: 12576; unchanged vendor lines: 3005
First-party nonblank lines: 8253 / 12000
Autonomous owner and reference integration
Physical lines: 5661; unchanged vendor lines: 0
First-party nonblank lines: 5497 / 5500
Storage collection, bulk profile and TX power adaptation
Physical lines: 3328; unchanged vendor lines: 0
First-party nonblank lines: 3274 / 4000
Dynamic enrollment, discovery and deployment settings
Physical lines: 2468; unchanged vendor lines: 0
First-party nonblank lines: 2293 / 3000
Historical evidence (also included in project-wide first-party accounting)
Physical lines: 1956; unchanged vendor lines: 0
First-party nonblank lines: 1856 / 50000
Project first-party source (including historical evidence)
Physical lines: 56417; unchanged vendor lines: 3005
First-party nonblank lines: 48788 / 50000
warning: in the working copy of 'scripts/secure_network_files.txt', CRLF will be replaced by LF the next time Git touches it
docs/ROADMAP.md:12: trailing whitespace.
+
docs/ROADMAP.md:13: trailing whitespace.
+## B0 — Canonical baseline import
docs/ROADMAP.md:14: trailing whitespace.
+
docs/ROADMAP.md:15: trailing whitespace.
+Import the reviewed compact C11 baseline into `MOVEI144/Ninlil`, add governance and remote CI, and verify that the imported tree is reproducible.
docs/ROADMAP.md:16: trailing whitespace.
+
docs/ROADMAP.md:17: trailing whitespace.
+## P0 — Portable delivery and operational contracts
docs/ROADMAP.md:18: trailing whitespace.
+
docs/ROADMAP.md:19: trailing whitespace.
+- replace APPLIED-only satisfaction with per-message required evidence;
docs/ROADMAP.md:20: trailing whitespace.
+- make `REMOTE_STORED` the default durable communication boundary;
docs/ROADMAP.md:21: trailing whitespace.
+- define Application at-least-once handoff and terminal outcome semantics;
docs/ROADMAP.md:22: trailing whitespace.
+- add bounded traffic classes, role profiles, and admission reserves;
docs/ROADMAP.md:23: trailing whitespace.
+- separate Host Adapter, Gateway custody, and end-to-end evidence;
docs/ROADMAP.md:24: trailing whitespace.
+- define Battery Leaf poll/downlink behavior, multi-Gateway authority, reliable group expansion, and service authorization;
docs/ROADMAP.md:25: trailing whitespace.
+- version wire and persistent formats before secure-link API freeze.
docs/ROADMAP.md:26: trailing whitespace.
+
docs/ROADMAP.md:27: trailing whitespace.
+The design authority is:
docs/ROADMAP.md:28: trailing whitespace.
+
docs/ROADMAP.md:29: trailing whitespace.
+- [`P0_DELIVERY_CONTRACT_V2.md`](P0_DELIVERY_CONTRACT_V2.md);
docs/ROADMAP.md:30: trailing whitespace.
+- [`P0_OPERATIONAL_PROFILES_V1.md`](P0_OPERATIONAL_PROFILES_V1.md).
docs/ROADMAP.md:31: trailing whitespace.
+
docs/ROADMAP.md:32: trailing whitespace.
+## M1 — Direct radio physical acceptance
docs/ROADMAP.md:33: trailing whitespace.
+
docs/ROADMAP.md:34: trailing whitespace.
+W01 and the initial W02 static-direct host baseline from Issue #14 are described
docs/ROADMAP.md:35: trailing whitespace.
+in [ADAPTIVE_NETWORK_CONTRACT.md](ADAPTIVE_NETWORK_CONTRACT.md) and
docs/ROADMAP.md:36: trailing whitespace.
+[SIMULATION.md](SIMULATION.md). This allows design and model evaluation before
docs/ROADMAP.md:37: trailing whitespace.
+physical M1 acceptance without enabling later milestone features.
docs/ROADMAP.md:38: trailing whitespace.
+
docs/ROADMAP.md:39: trailing whitespace.
+Canonical procedure: [`M1_HIL_ACCEPTANCE.md`](M1_HIL_ACCEPTANCE.md).
docs/ROADMAP.md:40: trailing whitespace.
+
docs/ROADMAP.md:41: trailing whitespace.
+- exact ESP-IDF v6.0.2 build;
docs/ROADMAP.md:42: trailing whitespace.
+- two XIAO ESP32-S3 + Wio-SX1262 boards;
docs/ROADMAP.md:43: trailing whitespace.
+- RF-path polarity and radio profile confirmation;
docs/ROADMAP.md:44: trailing whitespace.
+- bidirectional durable delivery;
docs/ROADMAP.md:45: trailing whitespace.
+- packet-loss and reboot tests;
docs/ROADMAP.md:46: trailing whitespace.
+- hard-power journal campaign.
docs/ROADMAP.md:47: trailing whitespace.
+
docs/ROADMAP.md:48: trailing whitespace.
+## M2 — Secure direct session
docs/ROADMAP.md:49: trailing whitespace.
+
docs/ROADMAP.md:50: trailing whitespace.
+- authenticated session establishment using a reviewed EDHOC implementation;
docs/ROADMAP.md:51: trailing whitespace.
+- AEAD envelope, replay window, and durable transmit counter;
docs/ROADMAP.md:52: trailing whitespace.
+- fresh-session requirement after ambiguous security state;
docs/ROADMAP.md:53: trailing whitespace.
+- two-board secure RF HIL.
docs/ROADMAP.md:54: trailing whitespace.
+
docs/ROADMAP.md:55: trailing whitespace.
+## M3 — Join, membership, revoke, and resume
docs/ROADMAP.md:56: trailing whitespace.
+
docs/ROADMAP.md:57: trailing whitespace.
+- provisional discovery;
docs/ROADMAP.md:58: trailing whitespace.
+- host-authorized activation;
docs/ROADMAP.md:59: trailing whitespace.
+- identity, membership epoch, binding epoch, and service authorization separation;
docs/ROADMAP.md:60: trailing whitespace.
+- durable ACTIVE/REVOKED state;
docs/ROADMAP.md:61: trailing whitespace.
+- restart and transfer tests.
docs/ROADMAP.md:62: trailing whitespace.
+
docs/ROADMAP.md:63: trailing whitespace.
+## M4 — Powered Relay prototype
docs/ROADMAP.md:64: trailing whitespace.
+
docs/ROADMAP.md:65: trailing whitespace.
+- powered Relay only;
docs/ROADMAP.md:66: trailing whitespace.
+- one active parent plus bounded backup candidates;
docs/ROADMAP.md:67: trailing whitespace.
+- durable hop custody distinct from end-to-end evidence;
docs/ROADMAP.md:68: trailing whitespace.
+- Relay drain and removal;
docs/ROADMAP.md:69: trailing whitespace.
+- two-hop and three-hop HIL.
docs/ROADMAP.md:70: trailing whitespace.
+
docs/ROADMAP.md:71: trailing whitespace.
+M4 may produce a prototype, but field acceptance is blocked until M5 proves direct and relayed airtime, priority, collision, and join-storm limits.
docs/ROADMAP.md:72: trailing whitespace.
+
docs/ROADMAP.md:73: trailing whitespace.
+## M5 — Measured channel access and operational limits
docs/ROADMAP.md:74: trailing whitespace.
+
docs/ROADMAP.md:75: trailing whitespace.
+- traffic model for 1, 10, 50, 100, and 512 nodes;
docs/ROADMAP.md:76: trailing whitespace.
+- airtime budget and bounded radio calendar;
docs/ROADMAP.md:77: trailing whitespace.
+- CAD/LBT, backoff, periodic offsets, or scheduled windows selected from simulation and HIL evidence;
docs/ROADMAP.md:78: trailing whitespace.
+- simultaneous power restoration and Join admission;
docs/ROADMAP.md:79: trailing whitespace.
+- priority, fairness, broadcast-response control, and Battery Leaf timing;
docs/ROADMAP.md:80: trailing whitespace.
+- multi-Gateway failover and measured operational limits;
docs/ROADMAP.md:81: trailing whitespace.
+- Relay field-acceptance capacity gate.
docs/ROADMAP.md:82: trailing whitespace.
+
docs/ROADMAP.md:83: trailing whitespace.
+## M6 — Group optimization, fragmentation, and bulk transfer
docs/ROADMAP.md:84: trailing whitespace.
+
docs/ROADMAP.md:85: trailing whitespace.
+- authenticated group membership and bounded response strategy if on-air group optimization is justified;
docs/ROADMAP.md:86: trailing whitespace.
+- a separate bounded BULK traffic class;
docs/ROADMAP.md:87: trailing whitespace.
+- resumable fragments and missing bitmap;
docs/ROADMAP.md:88: trailing whitespace.
+- explicit total-size limit;
docs/ROADMAP.md:89: trailing whitespace.
+- no starvation of CRITICAL or CONTROL traffic;
docs/ROADMAP.md:90: trailing whitespace.
+- no firmware, media, or arbitrary file-transfer claim without a separate profile and acceptance gate.
docs/STATUS.md:1: trailing whitespace.
+# Project status
docs/STATUS.md:2: trailing whitespace.
+
docs/STATUS.md:40: trailing whitespace.
+
docs/STATUS.md:41: trailing whitespace.
+## Canonical repository
docs/STATUS.md:42: trailing whitespace.
+
docs/STATUS.md:43: trailing whitespace.
+`MOVEI144/Ninlil` is the implementation authority. Earlier repositories and generated delivery archives are provenance inputs only.
docs/STATUS.md:44: trailing whitespace.
+
docs/STATUS.md:45: trailing whitespace.
+## Imported baseline
docs/STATUS.md:46: trailing whitespace.
+
docs/STATUS.md:47: trailing whitespace.
+The first review branch imports a compact C11 baseline containing:
docs/STATUS.md:48: trailing whitespace.
+
docs/STATUS.md:49: trailing whitespace.
+- POSIX durable delivery and restart recovery;
docs/STATUS.md:50: trailing whitespace.
+- a bounded direct-radio model;
docs/STATUS.md:51: trailing whitespace.
+- ESP32-S3/SX1262 HAL and physical-radio software;
docs/STATUS.md:52: trailing whitespace.
+- a raw-flash delivery journal;
docs/STATUS.md:53: trailing whitespace.
+- fail-closed persistent security-counter and membership stores;
docs/STATUS.md:54: trailing whitespace.
+- host, fault-injection, and fake-hardware tests.
docs/STATUS.md:55: trailing whitespace.
+
docs/STATUS.md:56: trailing whitespace.
+## P0 implementation candidate
docs/STATUS.md:57: trailing whitespace.
+
docs/STATUS.md:58: trailing whitespace.
+The P0 implementation candidate adds versioned per-message delivery evidence, immediate durable-store receipts, at-least-once Application handoff, restart-safe deadline boundaries, bounded role scheduling, default-deny service grants, and caller-backed Host custody/topology/group contracts. This is not accepted hardware or production-security evidence. See [`P0_IMPLEMENTATION.md`](P0_IMPLEMENTATION.md).
docs/STATUS.md:59: trailing whitespace.
+
docs/STATUS.md:74: trailing whitespace.
+
docs/STATUS.md:76: trailing whitespace.
+EDHOC/AES-CCM, committed Join and membership, secure many-peer delivery, powered
docs/STATUS.md:77: trailing whitespace.
+Relay custody/recovery/removal, and fixed-profile route/retry/airtime adjustment.
docs/STATUS.md:78: trailing whitespace.
+The actual C modules run together in two host examples and have an ESP-IDF
docs/STATUS.md:79: trailing whitespace.
+component/pump integration. See the [local evidence](SECURE_NETWORK_LOCAL_EVIDENCE_2026-09-07.md)
docs/STATUS.md:80: trailing whitespace.
+for exact final results: 108/108 local CTest runs, 711/711 adapted upstream tests,
docs/STATUS.md:81: trailing whitespace.
+20,000 fuzz executions, static/syntax checks and a TX-disabled ESP32-S3 build
docs/STATUS.md:82: trailing whitespace.
+pass. These conversation steps do not mean roadmap M6 bulk/OTA.
docs/STATUS.md:83: trailing whitespace.
+
docs/STATUS.md:84: trailing whitespace.
+On September 8 the user reconnected both boards and explicitly resumed feasible
docs/STATUS.md:85: trailing whitespace.
+two-board testing. The [secure HIL campaign](SECURE_TWO_BOARD_HIL_2026-09-08.md)
docs/STATUS.md:86: trailing whitespace.
+passed mutual EDHOC, encrypted Join/Flash replay, 100 encrypted test frames each
docs/STATUS.md:87: trailing whitespace.
+way plus 20 each way after actual MCU reset, 240-byte RF boundaries, all-byte
docs/STATUS.md:88: trailing whitespace.
+tamper/replay/rekey rejection, and fragmented-control failures. Independent
docs/STATUS.md:89: trailing whitespace.
+capture reconciliation matched 556 physical RF frames. Both original full Flash
docs/STATUS.md:90: trailing whitespace.
+images were restored and 100 TX-disabled initialization cycles passed per board.
docs/STATUS.md:91: trailing whitespace.
+
docs/STATUS.md:92: trailing whitespace.
+A subsequent [three-board Relay campaign](THREE_BOARD_RELAY_HIL_2026-09-08.md)
docs/STATUS.md:93: trailing whitespace.
+passed fixed-path encrypted forwarding, actual Flash custody and Relay reset
docs/STATUS.md:94: trailing whitespace.
+recovery, duplicate/loss/invalid-ACK handling, 8-slot capacity backpressure and
docs/STATUS.md:95: trailing whitespace.
+local drain readiness. Independent analysis matched 155 RF frames and 31
docs/STATUS.md:96: trailing whitespace.
+source-owned/host-observed test packets. No new backups were made as requested;
docs/STATUS.md:97: trailing whitespace.
+protected data checksums matched on all boards and all finish TX-disabled.
docs/STATUS.md:98: trailing whitespace.
+
docs/STATUS.md:99: trailing whitespace.
+These are USB-owned library/RF integration results, not autonomous product pump
docs/STATUS.md:100: trailing whitespace.
+or MCU Core/application receipt evidence. Automatic route failover, Coordinator
docs/STATUS.md:101: trailing whitespace.
+dependency removal, product integration, controlled power interruption, field
docs/STATUS.md:102: trailing whitespace.
+behavior and production security remain unaccepted. Earlier plaintext tests
docs/STATUS.md:103: trailing whitespace.
+remain separate dated evidence.
docs/STATUS.md:104: trailing whitespace.
+
docs/STATUS.md:105: trailing whitespace.
+## Acceptance state of the earlier durable HIL baseline
docs/STATUS.md:106: trailing whitespace.
+
docs/STATUS.md:107: trailing whitespace.
+- Host/model tests: all 16 tests pass in four local compiler/sanitizer configurations on the durable HIL source; hosted CI not run.
docs/STATUS.md:108: trailing whitespace.
+- ESP-IDF configure/link: local v6.0.2 builds pass for diagnostic roles and six durable/recovery variants.
docs/STATUS.md:109: trailing whitespace.
+- Two-board RF: diagnostic exchange passes 1,000/1,000 and durable delivery passes 100/100 in each direction. Completed-state replay and sender-pending reset recovery pass; overall M1 acceptance remains pending.
docs/STATUS.md:110: trailing whitespace.
+- Hard-power flash interruption: not accepted.
docs/STATUS.md:111: trailing whitespace.
+- USB-only supply removal/reconnect: pending data automatically recovers through 100 remote-stored messages; active-execution cut timing and early physical boot/reset-reason evidence remain unverified.
docs/STATUS.md:112: trailing whitespace.
+- Production security: not accepted.
docs/STATUS.md:113: trailing whitespace.
+
docs/STATUS.md:114: trailing whitespace.
+The physical M1 procedure is now defined in
docs/STATUS.md:115: trailing whitespace.
+[`M1_HIL_ACCEPTANCE.md`](M1_HIL_ACCEPTANCE.md), with a separate
docs/STATUS.md:116: trailing whitespace.
+[`M1_HIL_EVIDENCE_TEMPLATE.md`](M1_HIL_EVIDENCE_TEMPLATE.md). Defining the
docs/STATUS.md:117: trailing whitespace.
+procedure does not complete any physical gate; Issue #7 remains the canonical
docs/STATUS.md:118: trailing whitespace.
+acceptance tracker.
docs/STATUS.md:119: trailing whitespace.
+
docs/STATUS.md:120: trailing whitespace.
+## W01 / initial W02
docs/STATUS.md:121: trailing whitespace.
+
docs/STATUS.md:122: trailing whitespace.
+The scoped [adaptive-network contract](ADAPTIVE_NETWORK_CONTRACT.md) and
docs/STATUS.md:123: trailing whitespace.
+[static direct-network simulator](SIMULATION.md) add a product-independent
docs/STATUS.md:124: trailing whitespace.
+one-to-one/one-to-many host baseline using the existing C Core and POSIX journals.
docs/STATUS.md:125: trailing whitespace.
+Loss, duplicates, receipt blackout, isolated peers, bounded capacity and process
docs/STATUS.md:126: trailing whitespace.
+restart are separate cases. The model's fixed calendar and packet staging are
docs/STATUS.md:127: trailing whitespace.
+not production firmware, automatic optimization, or physical acceptance.
docs/STATUS.md:128: trailing whitespace.
+
docs/STATUS.md:129: trailing whitespace.
+The [2026-09-07 local evidence](W01_W02_LOCAL_EVIDENCE_2026-09-07.md) records
docs/STATUS.md:130: trailing whitespace.
+15 CTest entries passing in each of four compiler/sanitizer configurations,
docs/STATUS.md:131: trailing whitespace.
+reproducibility, static analysis and 10,000 manifest fuzz executions. Hosted CI,
docs/STATUS.md:132: trailing whitespace.
+the actual ESP-IDF link, physical RF and power-cut campaigns were not run for
docs/STATUS.md:133: trailing whitespace.
+this host-only slice.
docs/STATUS.md:134: trailing whitespace.
+
docs/STATUS.md:135: trailing whitespace.
+Use repository source and recorded local evidence for the next decision.
docs/STATUS.md:136: trailing whitespace.
+
docs/STATUS.md:137: trailing whitespace.
+## M1 preflight (2026-09-07)
docs/STATUS.md:138: trailing whitespace.
+
docs/STATUS.md:139: trailing whitespace.
+The [local M1 preflight record](M1_PREFLIGHT_2026-09-07.md) records successful
docs/STATUS.md:140: trailing whitespace.
+ESP-IDF v6.0.2 default and TX-disabled Board A initialization builds.
docs/STATUS.md:141: trailing whitespace.
+The later [physical initialization record](M1_BOARD_INIT_2026-09-07.md) records
docs/STATUS.md:142: trailing whitespace.
+Board A identification, verified 8MB backup, erase, verified flash, a real
docs/STATUS.md:143: trailing whitespace.
+first-cycle SPI API failure, and its dedicated-bus HAL fix. The full local host
docs/STATUS.md:144: trailing whitespace.
+matrix and target build pass; Board A then completes 100 initialization cycles.
docs/STATUS.md:145: trailing whitespace.
+Board B is independently identified, backed up, flashed with node 2 / peer 1,
docs/STATUS.md:146: trailing whitespace.
+and also completes 100 initialization cycles. Each selected raw boot log retains
docs/STATUS.md:147: trailing whitespace.
+99 accounted-for shared GPIO ISR service messages. Both images keep RF TX
docs/STATUS.md:148: trailing whitespace.
+disabled and frequency unset. Both recorded USB identities and concurrent COM3 /
docs/STATUS.md:149: trailing whitespace.
+COM5 port access are confirmed at 17:30 JST. Two-board RF, hard-power recovery and overall M1
docs/STATUS.md:150: trailing whitespace.
+acceptance remain unrun/unaccepted.
docs/STATUS.md:151: trailing whitespace.
+
docs/STATUS.md:152: trailing whitespace.
+## M1 diagnostic RF (2026-09-07, later update)
docs/STATUS.md:153: trailing whitespace.
+
docs/STATUS.md:154: trailing whitespace.
+The [two-board RF record](M1_RF_CAMPAIGN_2026-09-07.md) supersedes the earlier
docs/STATUS.md:155: trailing whitespace.
+RF-unrun status for diagnostic exchange only. Both certified-module markings
docs/STATUS.md:156: trailing whitespace.
+were confirmed by the user, GPIO38 polarity was checked against Seeed's example,
docs/STATUS.md:157: trailing whitespace.
+and the selected JP lab profile used 921.4 MHz, -9 dBm, SF7/BW125 with bounded
docs/STATUS.md:158: trailing whitespace.
+channel sensing and transmit pauses. Status/RSSI interpretation errors were
docs/STATUS.md:159: trailing whitespace.
+observed on hardware, corrected against the pinned driver, and retested.
docs/STATUS.md:160: trailing whitespace.
+
docs/STATUS.md:161: trailing whitespace.
+On source `834c62f6b58257f3d116e27937c8803731623805`, each direction completed
docs/STATUS.md:162: trailing whitespace.
+1,000 matching PING/PONG exchanges with zero missing/duplicate sequences,
docs/STATUS.md:163: trailing whitespace.
+timeouts, or unexpected resets. Both complete serial logs, image identities,
docs/STATUS.md:164: trailing whitespace.
+and [structured results](M1_RF_RESULTS_2026-09-07.json) are recorded.
docs/STATUS.md:165: trailing whitespace.
+At completion both boards were verified back on TX-disabled initialization
docs/STATUS.md:166: trailing whitespace.
+images, so power cycling does not restart the diagnostic transmissions.
docs/STATUS.md:167: trailing whitespace.
+
docs/STATUS.md:168: trailing whitespace.
+This is remote-receive evidence, not remote durable storage. Durable delivery,
docs/STATUS.md:169: trailing whitespace.
+restart/reconnect recovery, fault injection, controlled power interruption,
docs/STATUS.md:170: trailing whitespace.
+formal antenna combination verification, and overall M1 acceptance remain open.
docs/STATUS.md:171: trailing whitespace.
+Issue #7 was inspected. Neither the Issue nor GitHub Project was modified.
docs/STATUS.md:172: trailing whitespace.
+
docs/STATUS.md:173: trailing whitespace.
+## M1 durable delivery and reset recovery (2026-09-07, 19:20 JST)
docs/STATUS.md:174: trailing whitespace.
+
docs/STATUS.md:175: trailing whitespace.
+The [durable campaign](M1_DURABLE_CAMPAIGN_2026-09-07.md) supersedes the earlier
docs/STATUS.md:176: trailing whitespace.
+durable-unrun status. Source `80ab9acd444b577fc687bf6dbcddbf7e13ec2fa3` adds
docs/STATUS.md:177: trailing whitespace.
+campaign-bound HIL payloads/keys, per-message evidence logs, a read-only Flash
docs/STATUS.md:178: trailing whitespace.
+inspection tool, and a 100-message Flash-file restart test. Runtime and journal
docs/STATUS.md:179: trailing whitespace.
+formats are unchanged.
docs/STATUS.md:180: trailing whitespace.
+
docs/STATUS.md:181: trailing whitespace.
+Both directions pass 100 distinct remote-stored deliveries. Raw device Flash
docs/STATUS.md:182: trailing whitespace.
+snapshots agree with both sides' logs and the sender's SATISFIED outcomes.
docs/STATUS.md:183: trailing whitespace.
+Restarting both boards preserves all 100 IDs and byte-identical journals, with
docs/STATUS.md:184: trailing whitespace.
+zero retransmission or consumer re-offer. A separate run resets A after a
docs/STATUS.md:185: trailing whitespace.
+committed attempt while B cannot respond; the pending ID survives and delivery
docs/STATUS.md:186: trailing whitespace.
+resumes through 100 stored messages. The initial pending-capture script confused
docs/STATUS.md:187: trailing whitespace.
+initialization PASS with delivery PASS; its preserved log and post-reset Flash
docs/STATUS.md:188: trailing whitespace.
+snapshot were reconciled before accepting the recovery result.
docs/STATUS.md:189: trailing whitespace.
+
docs/STATUS.md:190: trailing whitespace.
+[Structured evidence](M1_DURABLE_RESULTS_2026-09-07.json) records image and log
docs/STATUS.md:191: trailing whitespace.
+hashes, each Flash snapshot, replay comparisons, and final device state. Both
docs/STATUS.md:192: trailing whitespace.
+boards are verified back on TX-disabled initialization images, retaining the
docs/STATUS.md:193: trailing whitespace.
+delivery journal. Physical USB disconnect/reconnect, receiver receipt-loss reset,
docs/STATUS.md:194: trailing whitespace.
+physical fault injection, and controlled hard-power cuts remain unrun.
docs/STATUS.md:195: trailing whitespace.
+Issue #7 and overall M1 acceptance remain open; no hosted CI or GitHub mutation.
docs/STATUS.md:196: trailing whitespace.
+
docs/STATUS.md:197: trailing whitespace.
+## USB supply removal and automatic recovery (2026-09-07, 19:59 JST)
docs/STATUS.md:198: trailing whitespace.
+
docs/STATUS.md:199: trailing whitespace.
+The user confirmed USB-only power and physically disconnected/reconnected both
docs/STATUS.md:200: trailing whitespace.
+boards. The [USB record](M1_USB_POWER_2026-09-07.md) and
docs/STATUS.md:201: trailing whitespace.
+[structured evidence](M1_USB_POWER_RESULTS_2026-09-07.json) show unchanged USB
docs/STATUS.md:202: trailing whitespace.
+identities, recovery of the pending message ID, and 100 matching remote-stored
docs/STATUS.md:203: trailing whitespace.
+messages verified in both Flash journals. After reconnect, no host reset was
docs/STATUS.md:204: trailing whitespace.
+needed for delivery to resume. Both boards are back on TX-disabled images.
docs/STATUS.md:205: trailing whitespace.
+
docs/STATUS.md:206: trailing whitespace.
+The initial monitor timed out and reset A into its loader before physical
docs/STATUS.md:207: trailing whitespace.
+unplug. The follow-up captured both boards absent and their automatic return;
docs/STATUS.md:208: trailing whitespace.
+early physical boot/reset-reason logs were not captured. This proves retained
docs/STATUS.md:209: trailing whitespace.
+pending-work recovery across USB supply removal, not a cut during active
docs/STATUS.md:210: trailing whitespace.
+execution or Flash programming, and does not close the entire canonical USB
docs/STATUS.md:211: trailing whitespace.
+phase. The user has no controlled power-cut fixture, so precise Flash power
docs/STATUS.md:212: trailing whitespace.
+interruption remains unrun. Firmware source remains the verified `80ab9ac`.
docs/STATUS.md:213: trailing whitespace.
+
docs/STATUS.md:214: trailing whitespace.
+## Two-board fault tests and full local verification (2026-09-07, 20:36 JST)
docs/STATUS.md:215: trailing whitespace.
+
docs/STATUS.md:216: trailing whitespace.
+[Fault campaign evidence](M1_FAULT_CAMPAIGN_2026-09-07.md) and its
docs/STATUS.md:217: trailing whitespace.
+[structured results](M1_FAULT_RESULTS_2026-09-07.json) record 64/64 local CTests,
docs/STATUS.md:218: trailing whitespace.
+static/syntax/format/reproducibility checks and 10,000 seeded fuzz runs.
docs/STATUS.md:219: trailing whitespace.
+Default-off test firmware 3254ae3 passes 100 messages each way with software
docs/STATUS.md:220: trailing whitespace.
+DATA/receipt loss and duplication, malformed/wrong-target frames, an actual
docs/STATUS.md:221: trailing whitespace.
+masked-interrupt TX timeout, and receiver restart after durable consumption
docs/STATUS.md:222: trailing whitespace.
+before its receipt. Both journals and every message ID were reconciled.
docs/STATUS.md:223: trailing whitespace.
+Completed reboot preserves byte-identical journals and does not resend.
docs/STATUS.md:224: trailing whitespace.
+
docs/STATUS.md:225: trailing whitespace.
+A real-Flash committed-byte corruption test on prior 80ab9ac firmware fails
docs/STATUS.md:226: trailing whitespace.
+Runtime open before delivery, restores the original journal and replays the
docs/STATUS.md:227: trailing whitespace.
+original 100 IDs without retransmission. Both boards are back on verified
docs/STATUS.md:228: trailing whitespace.
+TX-disabled source 8e8a6ea after 100 init cycles each. Setup failures are
docs/STATUS.md:229: trailing whitespace.
+preserved, including refusal to flash before final local PASS. No hosted CI
docs/STATUS.md:230: trailing whitespace.
+or GitHub mutation occurred.
docs/STATUS.md:231: trailing whitespace.
+
docs/STATUS.md:232: trailing whitespace.
+These are scoped bench passes. Electrical Flash power-cut timing, physical
docs/STATUS.md:233: trailing whitespace.
+CRC/BUSY faults, full host-machine restart, RF payload/field/environment
docs/STATUS.md:234: trailing whitespace.
+sweeps and full M1 acceptance remain open. Software-injected RX faults are
docs/STATUS.md:235: trailing whitespace.
+not claimed as physical RF interference. The absent power fixture does not
docs/STATUS.md:236: trailing whitespace.
+block ordinary implementation or the tests completed here.
docs/STATUS.md:237: trailing whitespace.
+
docs/STATUS.md:238: trailing whitespace.
+A follow-up monitor-process restart also passes 100 messages: A remains running
docs/STATUS.md:239: trailing whitespace.
+with a committed pending ID while one Python monitor exits and another opens
docs/STATUS.md:240: trailing whitespace.
+the USB console without resetting A. The same ID reaches remote storage and
docs/STATUS.md:241: trailing whitespace.
+all journals reconcile. The pre/post log interval is explicitly unobserved for
docs/STATUS.md:242: trailing whitespace.
+TX-only log lines; full Windows restart is not claimed. Final TX-disabled
docs/STATUS.md:243: trailing whitespace.
+restoration was reverified on both boards at 20:44 JST.
embedded/esp32s3/main/CMakeLists.txt:5: trailing whitespace.
+idf_component_register(
embedded/esp32s3/main/CMakeLists.txt:6: trailing whitespace.
+    SRCS ${main_sources}
embedded/esp32s3/main/CMakeLists.txt:7: trailing whitespace.
+    INCLUDE_DIRS "."
embedded/esp32s3/main/CMakeLists.txt:8: trailing whitespace.
+    REQUIRES
embedded/esp32s3/main/CMakeLists.txt:9: trailing whitespace.
+        ninlil_network
embedded/esp32s3/main/CMakeLists.txt:10: trailing whitespace.
+        ninlil_core
embedded/esp32s3/main/CMakeLists.txt:13: trailing whitespace.
+        esp_hw_support
embedded/esp32s3/main/CMakeLists.txt:14: trailing whitespace.
+        esp_timer
embedded/esp32s3/main/CMakeLists.txt:15: trailing whitespace.
+        esp_driver_gpio
embedded/esp32s3/main/CMakeLists.txt:16: trailing whitespace.
+        esp_driver_usb_serial_jtag
embedded/esp32s3/main/CMakeLists.txt:17: trailing whitespace.
+        esp_system
embedded/esp32s3/main/CMakeLists.txt:18: trailing whitespace.
+        freertos
embedded/esp32s3/main/CMakeLists.txt:19: trailing whitespace.
+        log
embedded/esp32s3/main/CMakeLists.txt:27: trailing whitespace.
+
embedded/esp32s3/main/CMakeLists.txt:28: trailing whitespace.
+# ESP-IDF public headers rely on GNU extensions and configuration macros that
embedded/esp32s3/main/CMakeLists.txt:29: trailing whitespace.
+# are intentionally undefined for some targets. Compile first-party firmware
embedded/esp32s3/main/CMakeLists.txt:30: trailing whitespace.
+# as GNU C11 here; the host syntax gate separately enforces strict ISO C11
embedded/esp32s3/main/CMakeLists.txt:31: trailing whitespace.
+# diagnostics against controlled framework stubs.
embedded/esp32s3/main/CMakeLists.txt:32: trailing whitespace.
+target_compile_options(${COMPONENT_LIB} PRIVATE
embedded/esp32s3/main/CMakeLists.txt:33: trailing whitespace.
+    -std=gnu11 -Wall -Wextra -Werror -Wshadow -Wconversion
embedded/esp32s3/main/CMakeLists.txt:34: trailing whitespace.
+    -Wsign-conversion -Wformat=2 -Wcast-align -Wvla
embedded/esp32s3/main/CMakeLists.txt:35: trailing whitespace.
+    -Wstrict-prototypes -Wmissing-prototypes -fno-common
embedded/esp32s3/main/CMakeLists.txt:36: trailing whitespace.
+)
scripts/static_crypto.py:1: trailing whitespace.
+"""Analyze the first-party crypto bridge with its actual configured includes."""
scripts/static_crypto.py:2: trailing whitespace.
+import json
scripts/static_crypto.py:3: trailing whitespace.
+import pathlib
scripts/static_crypto.py:4: trailing whitespace.
+import shlex
scripts/static_crypto.py:5: trailing whitespace.
+import subprocess
scripts/static_crypto.py:6: trailing whitespace.
+import sys
scripts/static_crypto.py:7: trailing whitespace.
+
scripts/static_crypto.py:8: trailing whitespace.
+root = pathlib.Path(__file__).resolve().parent.parent
scripts/static_crypto.py:9: trailing whitespace.
+build = pathlib.Path(sys.argv[1]).resolve()
scripts/static_crypto.py:10: trailing whitespace.
+subprocess.run(["cmake", "-S", str(root), "-B", str(build),
scripts/static_crypto.py:11: trailing whitespace.
+                "-DCMAKE_EXPORT_COMPILE_COMMANDS=ON"], check=True)
scripts/static_crypto.py:12: trailing whitespace.
+expected = {(root / "ports/crypto/ninlil_edhoc.c").resolve(),
scripts/static_crypto.py:21: trailing whitespace.
+seen = set()
scripts/static_crypto.py:22: trailing whitespace.
+for entry in json.loads((build / "compile_commands.json").read_text()):
scripts/static_crypto.py:23: trailing whitespace.
+    path = pathlib.Path(entry["file"]).resolve()
scripts/static_crypto.py:24: trailing whitespace.
+    if path not in expected:
scripts/static_crypto.py:25: trailing whitespace.
+        continue
scripts/static_crypto.py:26: trailing whitespace.
+    arguments = shlex.split(entry["command"])
scripts/static_crypto.py:27: trailing whitespace.
+    clean = []
scripts/static_crypto.py:28: trailing whitespace.
+    index = 0
scripts/static_crypto.py:29: trailing whitespace.
+    while index < len(arguments):
scripts/static_crypto.py:30: trailing whitespace.
+        if arguments[index] == "-o":
scripts/static_crypto.py:31: trailing whitespace.
+            index += 2
scripts/static_crypto.py:32: trailing whitespace.
+        elif arguments[index] == "-c":
scripts/static_crypto.py:33: trailing whitespace.
+            index += 1
scripts/static_crypto.py:34: trailing whitespace.
+        else:
scripts/static_crypto.py:35: trailing whitespace.
+            clean.append(arguments[index])
scripts/static_crypto.py:36: trailing whitespace.
+            index += 1
scripts/static_crypto.py:37: trailing whitespace.
+    clean += ["--analyze", "-Xanalyzer", "-analyzer-output=text",
scripts/static_crypto.py:38: trailing whitespace.
+              "-Xanalyzer", "-analyzer-werror"]
scripts/static_crypto.py:39: trailing whitespace.
+    subprocess.run(clean, cwd=entry["directory"], check=True)
scripts/static_crypto.py:40: trailing whitespace.
+    seen.add(path)
scripts/static_crypto.py:41: trailing whitespace.
+if seen != expected:
scripts/static_crypto.py:42: trailing whitespace.
+    raise SystemExit("crypto compile-database coverage mismatch")
src/ninlil_network_wire.c:1: trailing whitespace.
+#include "ninlil_network.h"
src/ninlil_network_wire.c:2: trailing whitespace.
+
src/ninlil_network_wire.c:3: trailing whitespace.
+#include <string.h>
src/ninlil_network_wire.c:4: trailing whitespace.
+
src/ninlil_network_wire.c:5: trailing whitespace.
+static void put(uint8_t *p, uint64_t n, size_t count)
src/ninlil_network_wire.c:6: trailing whitespace.
+{
src/ninlil_network_wire.c:7: trailing whitespace.
+    while (count) {
src/ninlil_network_wire.c:8: trailing whitespace.
+        p[--count] = (uint8_t)n;
src/ninlil_network_wire.c:9: trailing whitespace.
+        n >>= 8;
src/ninlil_network_wire.c:10: trailing whitespace.
+    }
src/ninlil_network_wire.c:11: trailing whitespace.
+}
src/ninlil_network_wire.c:12: trailing whitespace.
+static uint64_t get(const uint8_t *p, size_t count)
src/ninlil_network_wire.c:13: trailing whitespace.
+{
src/ninlil_network_wire.c:14: trailing whitespace.
+    uint64_t n = 0u;
src/ninlil_network_wire.c:15: trailing whitespace.
+    size_t i;
src/ninlil_network_wire.c:16: trailing whitespace.
+    for (i = 0u; i < count; i++)
src/ninlil_network_wire.c:17: trailing whitespace.
+        n = (n << 8) | p[i];
src/ninlil_network_wire.c:18: trailing whitespace.
+    return n;
src/ninlil_network_wire.c:19: trailing whitespace.
+}
src/ninlil_network_wire.c:20: trailing whitespace.
+
src/ninlil_network_wire.c:21: trailing whitespace.
+int ninlil_network_plan_valid(const ninlil_network_plan *p)
src/ninlil_network_wire.c:22: trailing whitespace.
+{
src/ninlil_network_wire.c:23: trailing whitespace.
+    uint8_t mask;
src/ninlil_network_wire.c:24: trailing whitespace.
+    unsigned int i;
src/ninlil_network_wire.c:25: trailing whitespace.
+    if (!p || !ninlil_network_path_valid(&p->path) || p->epoch == 0u ||
src/ninlil_network_wire.c:26: trailing whitespace.
+        p->valid_until_ms == 0u || p->profile == 0u || p->rto_ms < 100u ||
src/ninlil_network_wire.c:27: trailing whitespace.
+        p->rto_ms > 30000u || p->path.cost_us == 0u ||
src/ninlil_network_wire.c:28: trailing whitespace.
+        p->path.cost_us > UINT64_C(104976000000) ||
src/ninlil_network_wire.c:29: trailing whitespace.
+        p->phase < NINLIL_PLAN_STAGED || p->phase > NINLIL_PLAN_RETIRED)
src/ninlil_network_wire.c:30: trailing whitespace.
+        return 0;
src/ninlil_network_wire.c:31: trailing whitespace.
+    if (p->prepare_until_ms && (p->valid_until_ms < p->prepare_until_ms ||
src/ninlil_network_wire.c:32: trailing whitespace.
+                                p->valid_until_ms - p->prepare_until_ms >
src/ninlil_network_wire.c:33: trailing whitespace.
+                                    NINLIL_NETWORK_LEASE_MAX_MS ||
src/ninlil_network_wire.c:34: trailing whitespace.
+                                (p->phase == NINLIL_PLAN_STAGED &&
src/ninlil_network_wire.c:35: trailing whitespace.
+                                 p->valid_until_ms != p->prepare_until_ms)))
src/ninlil_network_wire.c:36: trailing whitespace.
+        return 0;
src/ninlil_network_wire.c:37: trailing whitespace.
+    mask = (uint8_t)((1u << p->path.count) - 1u);
src/ninlil_network_wire.c:38: trailing whitespace.
+    if ((p->prepared & (uint8_t)~mask) || (p->applied & (uint8_t)~mask) ||
src/ninlil_network_wire.c:39: trailing whitespace.
+        (p->applied & p->prepared) != p->applied ||
src/ninlil_network_wire.c:40: trailing whitespace.
+        (p->phase == NINLIL_PLAN_STAGED && p->applied != 0u) ||
src/ninlil_network_wire.c:41: trailing whitespace.
+        ((p->phase == NINLIL_PLAN_COMMITTED ||
src/ninlil_network_wire.c:42: trailing whitespace.
+          p->phase == NINLIL_PLAN_EFFECTIVE ||
src/ninlil_network_wire.c:43: trailing whitespace.
+          p->phase == NINLIL_PLAN_RETIRED) &&
src/ninlil_network_wire.c:44: trailing whitespace.
+         p->prepared != mask) ||
src/ninlil_network_wire.c:45: trailing whitespace.
+        ((p->phase == NINLIL_PLAN_EFFECTIVE ||
src/ninlil_network_wire.c:46: trailing whitespace.
+          p->phase == NINLIL_PLAN_RETIRED) &&
src/ninlil_network_wire.c:47: trailing whitespace.
+         p->applied != mask))
src/ninlil_network_wire.c:48: trailing whitespace.
+        return 0;
src/ninlil_network_wire.c:49: trailing whitespace.
+    for (i = 0u; i < p->path.count; i++)
src/ninlil_network_wire.c:50: trailing whitespace.
+        if (!p->path.membership_epochs[i])
src/ninlil_network_wire.c:51: trailing whitespace.
+            return 0;
src/ninlil_network_wire.c:52: trailing whitespace.
+    return 1;
src/ninlil_network_wire.c:53: trailing whitespace.
+}
src/ninlil_network_wire.c:54: trailing whitespace.
+
src/ninlil_network_wire.c:55: trailing whitespace.
+size_t ninlil_network_plan_encode(const ninlil_network_plan *p, uint8_t *out,
src/ninlil_network_wire.c:56: trailing whitespace.
+                                  size_t capacity)
src/ninlil_network_wire.c:57: trailing whitespace.
+{
src/ninlil_network_wire.c:58: trailing whitespace.
+    uint8_t bytes[NINLIL_NETWORK_PLAN_MAX];
src/ninlil_network_wire.c:59: trailing whitespace.
+    unsigned int i;
src/ninlil_network_wire.c:60: trailing whitespace.
+    if (!out || capacity < sizeof(bytes) || !ninlil_network_plan_valid(p))
src/ninlil_network_wire.c:61: trailing whitespace.
+        return 0u;
src/ninlil_network_wire.c:62: trailing whitespace.
+    memset(bytes, 0, sizeof(bytes));
src/ninlil_network_wire.c:63: trailing whitespace.
+    memcpy(bytes, "NP\001", 3u);
src/ninlil_network_wire.c:64: trailing whitespace.
+    if (p->prepare_until_ms)
src/ninlil_network_wire.c:65: trailing whitespace.
+        bytes[2] = 2u;
src/ninlil_network_wire.c:66: trailing whitespace.
+    bytes[3] = (uint8_t)p->phase;
src/ninlil_network_wire.c:67: trailing whitespace.
+    bytes[4] = p->path.count;
src/ninlil_network_wire.c:68: trailing whitespace.
+    bytes[5] = p->prepared;
src/ninlil_network_wire.c:69: trailing whitespace.
+    bytes[6] = p->applied;
src/ninlil_network_wire.c:70: trailing whitespace.
+    put(bytes + 8, p->epoch, 8u);
src/ninlil_network_wire.c:71: trailing whitespace.
+    put(bytes + 16, p->valid_until_ms, 8u);
src/ninlil_network_wire.c:72: trailing whitespace.
+    put(bytes + 24, p->profile, 4u);
src/ninlil_network_wire.c:73: trailing whitespace.
+    put(bytes + 28, p->rto_ms, 4u);
src/ninlil_network_wire.c:74: trailing whitespace.
+    put(bytes + 32, p->path.cost_us, 8u);
src/ninlil_network_wire.c:75: trailing whitespace.
+    put(bytes + 40, p->prepare_until_ms, 8u);
src/ninlil_network_wire.c:76: trailing whitespace.
+    for (i = 0u; i < p->path.count; i++) {
src/ninlil_network_wire.c:77: trailing whitespace.
+        put(bytes + 48u + i * 10u, p->path.nodes[i], 2u);
src/ninlil_network_wire.c:78: trailing whitespace.
+        put(bytes + 50u + i * 10u, p->path.membership_epochs[i], 8u);
src/ninlil_network_wire.c:79: trailing whitespace.
+    }
src/ninlil_network_wire.c:80: trailing whitespace.
+    memcpy(out, bytes, sizeof(bytes));
src/ninlil_network_wire.c:81: trailing whitespace.
+    return sizeof(bytes);
src/ninlil_network_wire.c:82: trailing whitespace.
+}
src/ninlil_network_wire.c:83: trailing whitespace.
+
src/ninlil_network_wire.c:84: trailing whitespace.
+int ninlil_network_plan_decode(const uint8_t *b, size_t length,
src/ninlil_network_wire.c:85: trailing whitespace.
+                               ninlil_network_plan *out)
src/ninlil_network_wire.c:86: trailing whitespace.
+{
src/ninlil_network_wire.c:87: trailing whitespace.
+    ninlil_network_plan p;
src/ninlil_network_wire.c:88: trailing whitespace.
+    unsigned int i;
src/ninlil_network_wire.c:89: trailing whitespace.
+    if (!b || !out || length != NINLIL_NETWORK_PLAN_MAX ||
src/ninlil_network_wire.c:90: trailing whitespace.
+        memcmp(b, "NP", 2u) != 0 || (b[2] != 1u && b[2] != 2u) || b[7] != 0u ||
src/ninlil_network_wire.c:91: trailing whitespace.
+        b[4] > NINLIL_NETWORK_PATH_MAX)
src/ninlil_network_wire.c:92: trailing whitespace.
+        return NINLIL_ERR_INVALID;
src/ninlil_network_wire.c:93: trailing whitespace.
+    memset(&p, 0, sizeof(p));
src/ninlil_network_wire.c:94: trailing whitespace.
+    p.prepare_until_ms = get(b + 40, 8u);
src/ninlil_network_wire.c:95: trailing whitespace.
+    if ((b[2] == 1u && p.prepare_until_ms) ||
src/ninlil_network_wire.c:96: trailing whitespace.
+        (b[2] == 2u && !p.prepare_until_ms))
src/ninlil_network_wire.c:97: trailing whitespace.
+        return NINLIL_ERR_INVALID;
src/ninlil_network_wire.c:98: trailing whitespace.
+    p.phase = (ninlil_plan_phase)b[3];
src/ninlil_network_wire.c:99: trailing whitespace.
+    p.path.count = b[4];
src/ninlil_network_wire.c:100: trailing whitespace.
+    p.prepared = b[5];
src/ninlil_network_wire.c:101: trailing whitespace.
+    p.applied = b[6];
src/ninlil_network_wire.c:102: trailing whitespace.
+    p.epoch = get(b + 8, 8u);
src/ninlil_network_wire.c:103: trailing whitespace.
+    p.valid_until_ms = get(b + 16, 8u);
src/ninlil_network_wire.c:104: trailing whitespace.
+    p.profile = (uint32_t)get(b + 24, 4u);
src/ninlil_network_wire.c:105: trailing whitespace.
+    p.rto_ms = (uint32_t)get(b + 28, 4u);
src/ninlil_network_wire.c:106: trailing whitespace.
+    p.path.cost_us = get(b + 32, 8u);
src/ninlil_network_wire.c:107: trailing whitespace.
+    for (i = 0u; i < NINLIL_NETWORK_PATH_MAX; i++) {
src/ninlil_network_wire.c:108: trailing whitespace.
+        uint16_t node = (uint16_t)get(b + 48u + i * 10u, 2u);
src/ninlil_network_wire.c:109: trailing whitespace.
+        uint64_t epoch = get(b + 50u + i * 10u, 8u);
src/ninlil_network_wire.c:110: trailing whitespace.
+        if (i < p.path.count) {
src/ninlil_network_wire.c:111: trailing whitespace.
+            p.path.nodes[i] = node;
src/ninlil_network_wire.c:112: trailing whitespace.
+            p.path.membership_epochs[i] = epoch;
src/ninlil_network_wire.c:113: trailing whitespace.
+        } else if (node || epoch)
src/ninlil_network_wire.c:114: trailing whitespace.
+            return NINLIL_ERR_INVALID;
src/ninlil_network_wire.c:115: trailing whitespace.
+    }
src/ninlil_network_wire.c:116: trailing whitespace.
+    if (!ninlil_network_plan_valid(&p))
src/ninlil_network_wire.c:117: trailing whitespace.
+        return NINLIL_ERR_INVALID;
src/ninlil_network_wire.c:118: trailing whitespace.
+    *out = p;
src/ninlil_network_wire.c:119: trailing whitespace.
+    return NINLIL_OK;
src/ninlil_network_wire.c:120: trailing whitespace.
+}
