Executing action: reconfigure
Running cmake in directory /tmp/ninlil-oss-default-build
Executing "cmake -G Ninja -B /tmp/ninlil-oss-default-build -DPYTHON_DEPS_CHECKED=1 -DPYTHON=/opt/esp/python_env/idf6.0_py3.12_env/bin/python -DESP_PLATFORM=1 -DSDKCONFIG=/tmp/ninlil-oss-default-sdkconfig -DNINLIL_NODE_ROSTER_HEADER= -DCCACHE_ENABLE=True /work/embedded/esp32s3"...
-- Component directory /opt/esp/idf/components/mqtt does not contain a CMakeLists.txt file. No component will be added
-- Minimal build - OFF
-- ccache will be used for faster recompilation
-- Building ESP-IDF components for target esp32s3
-- ESP-TEE is currently supported only on the esp32c6;esp32h2;esp32c5;esp32c61 SoCs
-- KCONFIG_REPORT_VERBOSITY not set, using default
-- Project sdkconfig file /tmp/ninlil-oss-default-sdkconfig
Loading defaults file /work/embedded/esp32s3/sdkconfig.defaults...
Configuration Report                                                            
 ────────────────────────────────────────────────────────────────────────────── 
   Parser Version: 1                                                            
   Verbosity: default                                                           
   Defaults policy: sdkconfig                                                   
   Status: Finished with notifications                                          
                                                                                
  Miscellaneous                                                                 
   ──────────────────────────────────────────────────────────────────────────   
    * BT_NIMBLE_MESH_PROVISIONER (defined at                                    
    /opt/esp/idf/components/bt/host/nimble/Kconfig.in:1421): 'default 0' is     
    not a valid bool value (only 'y' and 'n' are allowed). Value is treated     
    as 'n'.                                                                     
    * FATFS_PRINT_LLI (defined at                                               
    /opt/esp/idf/components/fatfs/Kconfig:230): 'default 0' is not a valid      
    bool value (only 'y' and 'n' are allowed). Value is treated as 'n'.         
    * FATFS_PRINT_FLOAT (defined at                                             
    /opt/esp/idf/components/fatfs/Kconfig:235): 'default 0' is not a valid      
    bool value (only 'y' and 'n' are allowed). Value is treated as 'n'.         
   ──────────────────────────────────────────────────────────────────────────   
 ────────────────────────────────────────────────────────────────────────────── 
-- Compiler supported targets: xtensa-esp-elf
-- Detecting C compiler ABI info
-- Detecting C compiler ABI info - done
-- Detecting CXX compiler ABI info
-- Detecting CXX compiler ABI info - done
-- Detecting C compiler ABI info
-- Detecting C compiler ABI info - done
-- Detecting CXX compiler ABI info
-- Detecting CXX compiler ABI info - done
-- App "ninlil_m1" version: 02aa526-dirty
-- Setting up mbedtls configuration
-- Linkage type is PUBLIC
-- Adding linker script /opt/esp/idf/components/esp_hal_wdt/esp32s3/rom.wdt.ld
-- Adding linker script /opt/esp/idf/components/esp_system/ld/esp32s3/memory.ld.in
--   -> Preprocessing .in script: /opt/esp/idf/components/esp_system/ld/esp32s3/memory.ld.in
-- Adding linker script /opt/esp/idf/components/esp_system/ld/esp32s3/sections.ld.in
--   -> Preprocessing .in script: /opt/esp/idf/components/esp_system/ld/esp32s3/sections.ld.in
--   -> Applying ldgen processing: /tmp/ninlil-oss-default-build/esp-idf/esp_system/ld/sections.ld.in
-- Adding linker script /opt/esp/idf/components/esp_rom/esp32s3/ld/esp32s3.rom.ld
-- Adding linker script /opt/esp/idf/components/esp_rom/esp32s3/ld/esp32s3.rom.api.ld
-- Adding linker script /opt/esp/idf/components/esp_rom/esp32s3/ld/esp32s3.rom.bt_funcs.ld
-- Adding linker script /opt/esp/idf/components/esp_rom/esp32s3/ld/esp32s3.rom.libgcc.ld
-- Adding linker script /opt/esp/idf/components/esp_rom/esp32s3/ld/esp32s3.rom.version.ld
-- Adding linker script /opt/esp/idf/components/esp_rom/esp32s3/ld/esp32s3.rom.ble_master.ld
-- Adding linker script /opt/esp/idf/components/esp_rom/esp32s3/ld/esp32s3.rom.ble_50.ld
-- Adding linker script /opt/esp/idf/components/esp_rom/esp32s3/ld/esp32s3.rom.ble_smp.ld
-- Adding linker script /opt/esp/idf/components/esp_rom/esp32s3/ld/esp32s3.rom.ble_dtm.ld
-- Adding linker script /opt/esp/idf/components/esp_rom/esp32s3/ld/esp32s3.rom.ble_test.ld
-- Adding linker script /opt/esp/idf/components/esp_rom/esp32s3/ld/esp32s3.rom.ble_scan.ld
-- Adding linker script /opt/esp/idf/components/esp_rom/esp32s3/ld/esp32s3.rom.libc.ld
-- Adding linker script /opt/esp/idf/components/soc/esp32s3/ld/esp32s3.peripherals.ld
-- Component idf::esp_trace will be linked with -Wl,--whole-archive
-- Component idf::ninlil_network will be linked with -Wl,--whole-archive
-- Components: app_trace app_update bootloader bootloader_support bt cmock console cxx driver efuse esp-tls esp_adc esp_app_format esp_blockdev esp_blockdev_util esp_bootloader_format esp_coex esp_common esp_driver_ana_cmpr esp_driver_bitscrambler esp_driver_cam esp_driver_dac esp_driver_dma esp_driver_gpio esp_driver_gptimer esp_driver_i2c esp_driver_i2s esp_driver_i3c esp_driver_isp esp_driver_jpeg esp_driver_ledc esp_driver_mcpwm esp_driver_parlio esp_driver_pcnt esp_driver_ppa esp_driver_rmt esp_driver_sd_intf esp_driver_sdio esp_driver_sdm esp_driver_sdmmc esp_driver_sdspi esp_driver_spi esp_driver_touch_sens esp_driver_tsens esp_driver_twai esp_driver_uart esp_driver_usb_serial_jtag esp_eth esp_event esp_gdbstub esp_hal_ana_cmpr esp_hal_ana_conv esp_hal_cam esp_hal_clock esp_hal_dma esp_hal_gpio esp_hal_gpspi esp_hal_i2c esp_hal_i2s esp_hal_ieee802154 esp_hal_jpeg esp_hal_lcd esp_hal_ledc esp_hal_mcpwm esp_hal_mspi esp_hal_parlio esp_hal_pcnt esp_hal_pmu esp_hal_ppa esp_hal_rmt esp_hal_rtc_timer esp_hal_sd esp_hal_security esp_hal_timg esp_hal_touch_sens esp_hal_twai esp_hal_uart esp_hal_usb esp_hal_wdt esp_hid esp_http_client esp_http_server esp_https_ota esp_https_server esp_hw_support esp_lcd esp_libc esp_local_ctrl esp_mm esp_netif esp_netif_stack esp_partition esp_phy esp_pm esp_psram esp_ringbuf esp_rom esp_security esp_stdio esp_system esp_timer esp_trace esp_usb_cdc_rom_console esp_wifi espcoredump esptool_py fatfs freertos hal heap http_parser idf_test ieee802154 log lwip main mbedtls ninlil_core ninlil_edhoc_vendor ninlil_network ninlil_radio nvs_flash nvs_sec_provider openthread partition_table perfmon protobuf-c protocomm pthread rt sdmmc soc spi_flash spiffs sx126x_driver tcp_transport ulp unity vfs wear_levelling wpa_supplicant xtensa
-- Component paths: /opt/esp/idf/components/app_trace /opt/esp/idf/components/app_update /opt/esp/idf/components/bootloader /opt/esp/idf/components/bootloader_support /opt/esp/idf/components/bt /opt/esp/idf/components/cmock /opt/esp/idf/components/console /opt/esp/idf/components/cxx /opt/esp/idf/components/driver /opt/esp/idf/components/efuse /opt/esp/idf/components/esp-tls /opt/esp/idf/components/esp_adc /opt/esp/idf/components/esp_app_format /opt/esp/idf/components/esp_blockdev /opt/esp/idf/components/esp_blockdev_util /opt/esp/idf/components/esp_bootloader_format /opt/esp/idf/components/esp_coex /opt/esp/idf/components/esp_common /opt/esp/idf/components/esp_driver_ana_cmpr /opt/esp/idf/components/esp_driver_bitscrambler /opt/esp/idf/components/esp_driver_cam /opt/esp/idf/components/esp_driver_dac /opt/esp/idf/components/esp_driver_dma /opt/esp/idf/components/esp_driver_gpio /opt/esp/idf/components/esp_driver_gptimer /opt/esp/idf/components/esp_driver_i2c /opt/esp/idf/components/esp_driver_i2s /opt/esp/idf/components/esp_driver_i3c /opt/esp/idf/components/esp_driver_isp /opt/esp/idf/components/esp_driver_jpeg /opt/esp/idf/components/esp_driver_ledc /opt/esp/idf/components/esp_driver_mcpwm /opt/esp/idf/components/esp_driver_parlio /opt/esp/idf/components/esp_driver_pcnt /opt/esp/idf/components/esp_driver_ppa /opt/esp/idf/components/esp_driver_rmt /opt/esp/idf/components/esp_driver_sd_intf /opt/esp/idf/components/esp_driver_sdio /opt/esp/idf/components/esp_driver_sdm /opt/esp/idf/components/esp_driver_sdmmc /opt/esp/idf/components/esp_driver_sdspi /opt/esp/idf/components/esp_driver_spi /opt/esp/idf/components/esp_driver_touch_sens /opt/esp/idf/components/esp_driver_tsens /opt/esp/idf/components/esp_driver_twai /opt/esp/idf/components/esp_driver_uart /opt/esp/idf/components/esp_driver_usb_serial_jtag /opt/esp/idf/components/esp_eth /opt/esp/idf/components/esp_event /opt/esp/idf/components/esp_gdbstub /opt/esp/idf/components/esp_hal_ana_cmpr /opt/esp/idf/components/esp_hal_ana_conv /opt/esp/idf/components/esp_hal_cam /opt/esp/idf/components/esp_hal_clock /opt/esp/idf/components/esp_hal_dma /opt/esp/idf/components/esp_hal_gpio /opt/esp/idf/components/esp_hal_gpspi /opt/esp/idf/components/esp_hal_i2c /opt/esp/idf/components/esp_hal_i2s /opt/esp/idf/components/esp_hal_ieee802154 /opt/esp/idf/components/esp_hal_jpeg /opt/esp/idf/components/esp_hal_lcd /opt/esp/idf/components/esp_hal_ledc /opt/esp/idf/components/esp_hal_mcpwm /opt/esp/idf/components/esp_hal_mspi /opt/esp/idf/components/esp_hal_parlio /opt/esp/idf/components/esp_hal_pcnt /opt/esp/idf/components/esp_hal_pmu /opt/esp/idf/components/esp_hal_ppa /opt/esp/idf/components/esp_hal_rmt /opt/esp/idf/components/esp_hal_rtc_timer /opt/esp/idf/components/esp_hal_sd /opt/esp/idf/components/esp_hal_security /opt/esp/idf/components/esp_hal_timg /opt/esp/idf/components/esp_hal_touch_sens /opt/esp/idf/components/esp_hal_twai /opt/esp/idf/components/esp_hal_uart /opt/esp/idf/components/esp_hal_usb /opt/esp/idf/components/esp_hal_wdt /opt/esp/idf/components/esp_hid /opt/esp/idf/components/esp_http_client /opt/esp/idf/components/esp_http_server /opt/esp/idf/components/esp_https_ota /opt/esp/idf/components/esp_https_server /opt/esp/idf/components/esp_hw_support /opt/esp/idf/components/esp_lcd /opt/esp/idf/components/esp_libc /opt/esp/idf/components/esp_local_ctrl /opt/esp/idf/components/esp_mm /opt/esp/idf/components/esp_netif /opt/esp/idf/components/esp_netif_stack /opt/esp/idf/components/esp_partition /opt/esp/idf/components/esp_phy /opt/esp/idf/components/esp_pm /opt/esp/idf/components/esp_psram /opt/esp/idf/components/esp_ringbuf /opt/esp/idf/components/esp_rom /opt/esp/idf/components/esp_security /opt/esp/idf/components/esp_stdio /opt/esp/idf/components/esp_system /opt/esp/idf/components/esp_timer /opt/esp/idf/components/esp_trace /opt/esp/idf/components/esp_usb_cdc_rom_console /opt/esp/idf/components/esp_wifi /opt/esp/idf/components/espcoredump /opt/esp/idf/components/esptool_py /opt/esp/idf/components/fatfs /opt/esp/idf/components/freertos /opt/esp/idf/components/hal /opt/esp/idf/components/heap /opt/esp/idf/components/http_parser /opt/esp/idf/components/idf_test /opt/esp/idf/components/ieee802154 /opt/esp/idf/components/log /opt/esp/idf/components/lwip /work/embedded/esp32s3/main /opt/esp/idf/components/mbedtls /work/embedded/esp32s3/components/ninlil_core /work/embedded/esp32s3/components/ninlil_edhoc_vendor /work/embedded/esp32s3/components/ninlil_network /work/embedded/esp32s3/components/ninlil_radio /opt/esp/idf/components/nvs_flash /opt/esp/idf/components/nvs_sec_provider /opt/esp/idf/components/openthread /opt/esp/idf/components/partition_table /opt/esp/idf/components/perfmon /opt/esp/idf/components/protobuf-c /opt/esp/idf/components/protocomm /opt/esp/idf/components/pthread /opt/esp/idf/components/rt /opt/esp/idf/components/sdmmc /opt/esp/idf/components/soc /opt/esp/idf/components/spi_flash /opt/esp/idf/components/spiffs /work/embedded/esp32s3/components/sx126x_driver /opt/esp/idf/components/tcp_transport /opt/esp/idf/components/ulp /opt/esp/idf/components/unity /opt/esp/idf/components/vfs /opt/esp/idf/components/wear_levelling /opt/esp/idf/components/wpa_supplicant /opt/esp/idf/components/xtensa
-- Configuring done (7.2s)
-- Generating done (0.9s)
-- Build files have been written to: /tmp/ninlil-oss-default-build
Executing action: all (aliases: build)
Running ninja in directory /tmp/ninlil-oss-default-build
Executing "ninja all"...
[1/10] Performing build step for 'bootloader'
[1/1] cd /tmp/ninlil-oss-default-build/bootloader && /opt/esp/python_env/idf6.0_py3.12_env/bin/python /opt/esp/idf/components/partition_table/check_sizes.py --offset 0x8000 bootloader 0x0 /tmp/ninlil-oss-default-build/bootloader/bootloader.bin
Bootloader binary size 0x5240 bytes. 0x2dc0 bytes (36%) free.
[2/10] No install step for 'bootloader'
[3/10] Completed 'bootloader'
[4/10] Building C object esp-idf/ninlil_network/CMakeFiles/__idf_ninlil_network.dir/work/src/ninlil_node_recovery.c.obj
[5/10] Building C object esp-idf/ninlil_network/CMakeFiles/__idf_ninlil_network.dir/work/src/ninlil_node_routes.c.obj
[6/10] Linking C static library esp-idf/ninlil_network/libninlil_network.a
[7/10] Generating esp-idf/esp_system/ld/sections.ld
[8/10] Linking CXX executable ninlil_m1.elf
[9/10] Generating binary image from built executable
esptool v5.3.0
Creating ESP32-S3 image...
Merged 3 ELF sections.
Successfully created ESP32-S3 image.
Generated /tmp/ninlil-oss-default-build/ninlil_m1.bin
[10/10] cd /tmp/ninlil-oss-default-build && /opt/esp/python_env/idf6.0_py3.12_env/bin/python /opt/esp/idf/components/partition_table/check_sizes.py --offset 0x8000 partition --type app /tmp/ninlil-oss-default-build/partition_table/partition-table.bin /tmp/ninlil-oss-default-build/ninlil_m1.bin
ninlil_m1.bin binary size 0x6b180 bytes. Smallest app partition is 0x1f0000 bytes. 0x184e80 bytes (78%) free.

Project build complete. To flash, run:
 idf.py flash
or
 idf.py -p PORT flash
or
 python -m esptool --chip esp32s3 -b 460800 --before default-reset --after hard-reset write-flash --flash-mode dio --flash-size 8MB --flash-freq 80m 0x0 ../../../tmp/ninlil-oss-default-build/bootloader/bootloader.bin 0x8000 ../../../tmp/ninlil-oss-default-build/partition_table/partition-table.bin 0x10000 ../../../tmp/ninlil-oss-default-build/ninlil_m1.bin
or from the "/tmp/ninlil-oss-default-build" directory
 python -m esptool --chip esp32s3 -b 460800 --before default-reset --after hard-reset write-flash "@flash_args"
