Internal ctest changing into directory: /tmp/ninlil-oss-final/gcc
Test project /tmp/ninlil-oss-final/gcc
      Start  1: m1_hil_delivery
 1/63 Test  #1: m1_hil_delivery ............................   Passed    1.96 sec
      Start  2: m1_core
 2/63 Test  #2: m1_core ....................................   Passed    0.23 sec
      Start  3: core_quota_retry
 3/63 Test  #3: core_quota_retry ...........................   Passed    0.05 sec
      Start  4: collection_posix
 4/63 Test  #4: collection_posix ...........................   Passed   10.90 sec
      Start  5: collection_flash_runtime
 5/63 Test  #5: collection_flash_runtime ...................   Passed   16.09 sec
      Start  6: p0_delivery_state
 6/63 Test  #6: p0_delivery_state ..........................   Passed   22.82 sec
      Start  7: posix_collection_publication
 7/63 Test  #7: posix_collection_publication ...............   Passed    0.06 sec
      Start  8: p0_operations
 8/63 Test  #8: p0_operations ..............................   Passed    0.00 sec
      Start  9: m1_diag_radio
 9/63 Test  #9: m1_diag_radio ..............................   Passed    0.00 sec
      Start 10: m1_flash
10/63 Test #10: m1_flash ...................................   Passed    0.00 sec
      Start 11: flash_collection_cuts
11/63 Test #11: flash_collection_cuts ......................   Passed    0.00 sec
      Start 12: m1_radio_delivery
12/63 Test #12: m1_radio_delivery ..........................   Passed    4.18 sec
      Start 13: m3_security_state
13/63 Test #13: m3_security_state ..........................   Passed    0.01 sec
      Start 14: m3_security_partitions
14/63 Test #14: m3_security_partitions .....................   Passed    0.00 sec
      Start 15: m1_sx1262_hal
15/63 Test #15: m1_sx1262_hal ..............................   Passed    0.00 sec
      Start 16: m1_sx1262_physical
16/63 Test #16: m1_sx1262_physical .........................   Passed    0.00 sec
      Start 17: w02_sim_model
17/63 Test #17: w02_sim_model ..............................   Passed    0.00 sec
      Start 18: w02_sim_scenarios
18/63 Test #18: w02_sim_scenarios ..........................   Passed   12.15 sec
      Start 19: w02_direct
19/63 Test #19: w02_direct .................................   Passed    0.18 sec
      Start 20: w02_star
20/63 Test #20: w02_star ...................................   Passed    0.81 sec
      Start 21: w02_recovery
21/63 Test #21: w02_recovery ...............................   Passed    0.92 sec
      Start 22: bulk_resume_posix
22/63 Test #22: bulk_resume_posix ..........................   Passed   63.95 sec
      Start 23: bulk_cold_session_posix
23/63 Test #23: bulk_cold_session_posix ....................   Passed    0.05 sec
      Start 24: bulk_resume_flash_runtime
24/63 Test #24: bulk_resume_flash_runtime ..................   Passed  200.00 sec
      Start 25: bulk_cold_session_flash_runtime
25/63 Test #25: bulk_cold_session_flash_runtime ............   Passed    0.07 sec
      Start 26: m2_secure_envelope
26/63 Test #26: m2_secure_envelope .........................   Passed    0.00 sec
      Start 27: m2_edhoc_handshake
27/63 Test #27: m2_edhoc_handshake .........................   Passed    0.88 sec
      Start 28: persistent_identity
28/63 Test #28: persistent_identity ........................   Passed    0.66 sec
      Start 29: m3_join_lifecycle
29/63 Test #29: m3_join_lifecycle ..........................   Passed    0.01 sec
      Start 30: m4_m5_network_control
30/63 Test #30: m4_m5_network_control ......................   Passed    0.03 sec
      Start 31: network_restart_fences
31/63 Test #31: network_restart_fences .....................   Passed    0.02 sec
      Start 32: separate_preparation_lease
32/63 Test #32: separate_preparation_lease .................   Passed    0.03 sec
      Start 33: lease_clock_restart
33/63 Test #33: lease_clock_restart ........................   Passed    0.03 sec
      Start 34: store_binding_posix
34/63 Test #34: store_binding_posix ........................   Passed    0.38 sec
      Start 35: control_log_posix
35/63 Test #35: control_log_posix ..........................   Passed    0.21 sec
      Start 36: store_binding_flash_runtime
36/63 Test #36: store_binding_flash_runtime ................   Passed    0.20 sec
      Start 37: control_log_flash_runtime
37/63 Test #37: control_log_flash_runtime ..................   Passed    0.02 sec
      Start 38: m5_airtime_scheduler
38/63 Test #38: m5_airtime_scheduler .......................   Passed    0.00 sec
      Start 39: radio_power_adaptation
39/63 Test #39: radio_power_adaptation .....................   Passed    0.00 sec
      Start 40: esp_network_pump_model
40/63 Test #40: esp_network_pump_model .....................   Passed    0.10 sec
      Start 41: field_replacement_posix
41/63 Test #41: field_replacement_posix ....................   Passed    2.38 sec
      Start 42: autonomous_node_posix
42/63 Test #42: autonomous_node_posix ......................   Passed    5.37 sec
      Start 43: enrollment_posix
43/63 Test #43: enrollment_posix ...........................   Passed    6.85 sec
      Start 44: discovery_posix
44/63 Test #44: discovery_posix ............................   Passed    6.23 sec
      Start 45: discovery_slow_posix
45/63 Test #45: discovery_slow_posix .......................   Passed    6.19 sec
      Start 46: autonomous_overheard_posix
46/63 Test #46: autonomous_overheard_posix .................   Passed    5.19 sec
      Start 47: autonomous_root_relay_posix
47/63 Test #47: autonomous_root_relay_posix ................   Passed    4.38 sec
      Start 48: autonomous_join_ack_loss_posix
48/63 Test #48: autonomous_join_ack_loss_posix .............   Passed    3.94 sec
      Start 49: autonomous_bounded_radio_posix
49/63 Test #49: autonomous_bounded_radio_posix .............   Passed    3.58 sec
      Start 50: autonomous_sustained_radio_posix
50/63 Test #50: autonomous_sustained_radio_posix ...........   Passed    5.56 sec
      Start 51: application_ledger_restart_posix
51/63 Test #51: application_ledger_restart_posix ...........   Passed    0.16 sec
      Start 52: field_replacement_flash_runtime
52/63 Test #52: field_replacement_flash_runtime ............   Passed    3.56 sec
      Start 53: autonomous_node_flash_runtime
53/63 Test #53: autonomous_node_flash_runtime ..............   Passed    6.85 sec
      Start 54: enrollment_flash_runtime
54/63 Test #54: enrollment_flash_runtime ...................   Passed    8.44 sec
      Start 55: discovery_flash_runtime
55/63 Test #55: discovery_flash_runtime ....................   Passed    7.71 sec
      Start 56: discovery_slow_flash_runtime
56/63 Test #56: discovery_slow_flash_runtime ...............   Passed    8.32 sec
      Start 57: autonomous_overheard_flash_runtime
57/63 Test #57: autonomous_overheard_flash_runtime .........   Passed    4.16 sec
      Start 58: autonomous_root_relay_flash_runtime
58/63 Test #58: autonomous_root_relay_flash_runtime ........   Passed    2.86 sec
      Start 59: autonomous_join_ack_loss_flash_runtime
59/63 Test #59: autonomous_join_ack_loss_flash_runtime .....   Passed    2.93 sec
      Start 60: autonomous_bounded_radio_flash_runtime
60/63 Test #60: autonomous_bounded_radio_flash_runtime .....   Passed    2.91 sec
      Start 61: autonomous_sustained_radio_flash_runtime
61/63 Test #61: autonomous_sustained_radio_flash_runtime ...   Passed    4.17 sec
      Start 62: application_ledger_restart_flash_runtime
62/63 Test #62: application_ledger_restart_flash_runtime ...   Passed    0.11 sec
      Start 63: node_provisioning_history
63/63 Test #63: node_provisioning_history ..................   Passed    0.00 sec

100% tests passed, 0 tests failed out of 63

Total Test time (real) = 438.92 sec
