node=1 time=250000 joined=1 peers=3 fault=0 handshake=0/0
clock=1 pending=0/0 prepare=0 apply=0 proof=0 wants=0 ready=0 authority=0 local=0
 contexts 1->2: 6793f6c11e3ac169acbe58ce775b0978 127b8f32112e591e6c5b42289bf79f71
 contexts 1->3: e5934dce1abec8bf7da48a6c3e32d638 74f2ca07af388d3dfaae7c33ec999d4d
 proof 0:000000000000000000000000000000000000000000000000000000000000000000000000000000000000000000000000
 proof 1:000000000000000000000000000000000000000000000000000000000000000000000000000000000000000000000000
 proof 2:000000000000000000000000000000000000000000000000000000000000000000000000000000000000000000000000
 proof 3:000000000000000000000000000000000000000000000000000000000000000000000000000000000000000000000000
 proof 4:000000000000000000000000000000000000000000000000000000000000000000000000000000000000000000000000
 peer=2 attempts=8 delivered=8 bits=255 age=5680 active=1 secure=1 drain=0
 peer=3 attempts=8 delivered=0 bits=0 age=1660 active=1 secure=1 drain=0
 edge=3-2 delivery=8 epoch=1 age=18791
 edge=3-1 delivery=0 epoch=1 age=10298
 edge=2-3 delivery=8 epoch=1 age=14051
 edge=1-3 delivery=0 epoch=1 age=11782
 edge=2-1 delivery=8 epoch=1 age=13549
 edge=1-2 delivery=8 epoch=1 age=15802
node=2 time=250000 joined=1 peers=3 fault=0 handshake=0/0
clock=1 pending=0/0 prepare=0 apply=0 proof=0 wants=0 ready=0 authority=0 local=0
 contexts 2->1: 6793f6c11e3ac169acbe58ce775b0978 127b8f32112e591e6c5b42289bf79f71
 contexts 2->3: c1eb8490dcf5942d8110bec1f6071937 4cd33486141a188bc62344a7b37a554f
 peer=1 attempts=8 delivered=8 bits=255 age=4060 active=1 secure=1 drain=0
 peer=3 attempts=8 delivered=8 bits=255 age=4560 active=1 secure=1 drain=0
node=3 time=250000 joined=1 peers=3 fault=0 handshake=0/0
clock=1 pending=0/0 prepare=0 apply=0 proof=0 wants=0 ready=0 authority=0 local=0
 contexts 3->1: e5934dce1abec8bf7da48a6c3e32d638 74f2ca07af388d3dfaae7c33ec999d4d
 contexts 3->2: c1eb8490dcf5942d8110bec1f6071937 4cd33486141a188bc62344a7b37a554f
 peer=1 attempts=8 delivered=0 bits=0 age=1160 active=1 secure=1 drain=0
 peer=2 attempts=8 delivered=8 bits=255 age=8720 active=1 secure=1 drain=0
Node scheduling seed: 1
Autonomous sequence 1 restart mode 0 PASS
node=1 time=614020 joined=1 peers=3 fault=0 handshake=0/0
clock=1 pending=6/2 prepare=7 apply=0 proof=6 wants=2 ready=1 authority=1 local=2
 flow=30 epoch=6 retired=0 ready=1 notice=0 proofepoch=0 live=0 phase=2 end=12885102888
 flow=31 epoch=5 retired=0 ready=3 notice=7 proofepoch=5 live=7 phase=3 end=12885074888
 contexts 1->2: 4eb3782078ce6e9e1316146a3babde58 51d10344c5712283b9f95a33becf0a3b
 contexts 1->3: b1333a3636ddd49ecd8aa6b9bac366fc 80de13e94ab57e608ca8b0a59530b307
 proof 0:0000000000000000000000000000000051d10344c5712283b9f95a33becf0a3bb1333a3636ddd49ecd8aa6b9bac366fc
 proof 1:315e4d4141942a63796d3058dccd035751d10344c5712283b9f95a33becf0a3b00000000000000000000000000000000
 proof 2:51d10344c5712283b9f95a33becf0a3b00000000000000000000000000000000b1333a3636ddd49ecd8aa6b9bac366fc
 proof 3:000000000000000000000000000000000000000000000000000000000000000000000000000000000000000000000000
 proof 4:000000000000000000000000000000000000000000000000000000000000000000000000000000000000000000000000
 peer=2 attempts=8 delivered=8 bits=255 age=10600 active=1 secure=1 drain=0
 peer=3 attempts=8 delivered=0 bits=0 age=1180 active=1 secure=1 drain=0
 edge=3-2 delivery=8 epoch=1 age=64796
 edge=3-1 delivery=0 epoch=1 age=55736
 edge=2-3 delivery=8 epoch=1 age=15753
 edge=2-1 delivery=8 epoch=1 age=11146
 edge=1-2 delivery=8 epoch=1 age=20722
 edge=1-3 delivery=0 epoch=1 age=11302
node=2 time=614020 joined=1 peers=3 fault=0 handshake=0/0
clock=1 pending=0/0 prepare=0 apply=0 proof=0 wants=1 ready=0 authority=0 local=1
 flow=30 epoch=6 retired=0 ready=1 notice=0 proofepoch=0 live=0 phase=2 end=12885102888
 contexts 2->1: 4eb3782078ce6e9e1316146a3babde58 51d10344c5712283b9f95a33becf0a3b
 contexts 2->3: eaed284f45f7e407f5d3022556daa267 315e4d4141942a63796d3058dccd0357
 peer=1 attempts=8 delivered=8 bits=255 age=1860 active=1 secure=1 drain=0
 peer=3 attempts=8 delivered=8 bits=255 age=7480 active=1 secure=1 drain=0
node=3 time=614020 joined=1 peers=3 fault=0 handshake=0/0
clock=0 pending=0/0 prepare=0 apply=0 proof=0 wants=1 ready=1 authority=0 local=1
 flow=31 epoch=5 retired=0 ready=3 notice=0 proofepoch=0 live=0 phase=3 end=12885074888
 contexts 3->1: b1333a3636ddd49ecd8aa6b9bac366fc 80de13e94ab57e608ca8b0a59530b307
 contexts 3->2: eaed284f45f7e407f5d3022556daa267 315e4d4141942a63796d3058dccd0357
 peer=1 attempts=8 delivered=0 bits=0 age=45980 active=1 secure=1 drain=0
 peer=2 attempts=8 delivered=8 bits=255 age=44400 active=1 secure=1 drain=0
message outcome=0 evidence=0 applications=2 before=1
424: now < until && delivered_app == before + 1u
