{
  "scope": "Exercise USB configuration persistence on the three identified bench boards.\n\nMigrates the existing network without clearing history. Uses software reset,\nnot an electrical write-time power cut. Leaves all devices stopped/disarmed.\n",
  "started": 1788892225.7736943,
  "nodes": [
    {
      "node": 1,
      "before": {
        "running": 1,
        "joined": 1,
        "clock": 0,
        "fault_injection": 0,
        "authenticated": 0,
        "members": 1,
        "relay_owned": 0,
        "application_records": 0,
        "tx_done": 0,
        "rx_frames": 0,
        "discarded_staging": 0,
        "heap_free": 133052,
        "heap_minimum": 130028,
        "stack_minimum": 12124,
        "fault": 0,
        "handshakes": 0,
        "rejected_frames": 0,
        "handshake_peer": 2,
        "handshake_stage": 1,
        "initiator": 1,
        "channel_busy": 0,
        "crc_errors": 0,
        "header_errors": 0,
        "radio_timeouts": 0,
        "last_receive_result": 0,
        "pending_route_epoch": 0,
        "prepared_route_epoch": 0,
        "pending_phase": 0,
        "prepared_mask": 0,
        "proof_mask": 0,
        "authority_routes": 1,
        "local_routes": 1,
        "effective_routes": 0,
        "wanted_routes": 0
      },
      "identity_sha256": "2b164aeee11538ece51604fa645c05594273ab8521519de4755f7f120d4315dd",
      "configured": {
        "configuration_revision": 16,
        "autorun": false,
        "local_address": 1,
        "root_address": 1,
        "firmware_written": false,
        "delivery_verified": false
      },
      "idempotence_and_stale_conflict": true,
      "armed": {
        "configuration_revision": 17,
        "autorun": true,
        "local_address": 1,
        "root_address": 1,
        "firmware_written": false,
        "delivery_verified": false
      },
      "after_software_reset": {
        "running": 1,
        "joined": 1,
        "clock": 0,
        "fault_injection": 0,
        "authenticated": 0,
        "members": 1,
        "relay_owned": 0,
        "application_records": 0,
        "tx_done": 0,
        "rx_frames": 0,
        "discarded_staging": 0,
        "heap_free": 133052,
        "heap_minimum": 133052,
        "stack_minimum": 13004,
        "fault": 0,
        "handshakes": 0,
        "rejected_frames": 0,
        "handshake_peer": 0,
        "handshake_stage": 0,
        "initiator": 0,
        "channel_busy": 0,
        "crc_errors": 0,
        "header_errors": 0,
        "radio_timeouts": 0,
        "last_receive_result": 0,
        "pending_route_epoch": 0,
        "prepared_route_epoch": 0,
        "pending_phase": 0,
        "prepared_mask": 0,
        "proof_mask": 0,
        "authority_routes": 1,
        "local_routes": 1,
        "effective_routes": 0,
        "wanted_routes": 0
      },
      "stopped_and_disarmed": true
    },
    {
      "node": 2,
      "before": {
        "running": 1,
        "joined": 0,
        "clock": 0,
        "fault_injection": 0,
        "authenticated": 0,
        "members": 0,
        "relay_owned": 4,
        "application_records": 0,
        "tx_done": 0,
        "rx_frames": 0,
        "discarded_staging": 0,
        "heap_free": 233668,
        "heap_minimum": 230644,
        "stack_minimum": 10828,
        "fault": 0,
        "handshakes": 0,
        "rejected_frames": 0,
        "handshake_peer": 1,
        "handshake_stage": 1,
        "initiator": 1,
        "channel_busy": 0,
        "crc_errors": 0,
        "header_errors": 0,
        "radio_timeouts": 0,
        "last_receive_result": 0,
        "pending_route_epoch": 0,
        "prepared_route_epoch": 0,
        "pending_phase": 0,
        "prepared_mask": 0,
        "proof_mask": 0,
        "authority_routes": 0,
        "local_routes": 1,
        "effective_routes": 0,
        "wanted_routes": 0
      },
      "identity_sha256": "3bd8dc99211a4dde555259f92b92bb99cbf03ab9e21fa837eb6013c090f11658",
      "configured": {
        "configuration_revision": 16,
        "autorun": false,
        "local_address": 2,
        "root_address": 1,
        "firmware_written": false,
        "delivery_verified": false
      },
      "idempotence_and_stale_conflict": true,
      "armed": {
        "configuration_revision": 17,
        "autorun": true,
        "local_address": 2,
        "root_address": 1,
        "firmware_written": false,
        "delivery_verified": false
      },
      "after_software_reset": {
        "running": 1,
        "joined": 0,
        "clock": 0,
        "fault_injection": 0,
        "authenticated": 0,
        "members": 0,
        "relay_owned": 4,
        "application_records": 0,
        "tx_done": 0,
        "rx_frames": 0,
        "discarded_staging": 0,
        "heap_free": 233668,
        "heap_minimum": 231456,
        "stack_minimum": 13004,
        "fault": 0,
        "handshakes": 0,
        "rejected_frames": 0,
        "handshake_peer": 0,
        "handshake_stage": 0,
        "initiator": 0,
        "channel_busy": 0,
        "crc_errors": 0,
        "header_errors": 0,
        "radio_timeouts": 0,
        "last_receive_result": 0,
        "pending_route_epoch": 0,
        "prepared_route_epoch": 0,
        "pending_phase": 0,
        "prepared_mask": 0,
        "proof_mask": 0,
        "authority_routes": 0,
        "local_routes": 1,
        "effective_routes": 0,
        "wanted_routes": 0
      },
      "stopped_and_disarmed": true
    },
    {
      "node": 3,
      "before": {
        "running": 1,
        "joined": 0,
        "clock": 0,
        "fault_injection": 0,
        "authenticated": 0,
        "members": 0,
        "relay_owned": 0,
        "application_records": 15,
        "tx_done": 0,
        "rx_frames": 0,
        "discarded_staging": 0,
        "heap_free": 242108,
        "heap_minimum": 239076,
        "stack_minimum": 10844,
        "fault": 0,
        "handshakes": 0,
        "rejected_frames": 0,
        "handshake_peer": 1,
        "handshake_stage": 1,
        "initiator": 1,
        "channel_busy": 0,
        "crc_errors": 0,
        "header_errors": 0,
        "radio_timeouts": 0,
        "last_receive_result": 0,
        "pending_route_epoch": 0,
        "prepared_route_epoch": 0,
        "pending_phase": 0,
        "prepared_mask": 0,
        "proof_mask": 0,
        "authority_routes": 0,
        "local_routes": 1,
        "effective_routes": 0,
        "wanted_routes": 0
      },
      "identity_sha256": "ad32c0169b0cc621c11a7525e853faf96c86616d1e4a2d059d997a87c79b2afe",
      "configured": {
        "configuration_revision": 16,
        "autorun": false,
        "local_address": 3,
        "root_address": 1,
        "firmware_written": false,
        "delivery_verified": false
      },
      "idempotence_and_stale_conflict": true,
      "armed": {
        "configuration_revision": 17,
        "autorun": true,
        "local_address": 3,
        "root_address": 1,
        "firmware_written": false,
        "delivery_verified": false
      },
      "after_software_reset": {
        "running": 1,
        "joined": 0,
        "clock": 0,
        "fault_injection": 0,
        "authenticated": 0,
        "members": 0,
        "relay_owned": 0,
        "application_records": 15,
        "tx_done": 0,
        "rx_frames": 0,
        "discarded_staging": 0,
        "heap_free": 242108,
        "heap_minimum": 239888,
        "stack_minimum": 13004,
        "fault": 0,
        "handshakes": 0,
        "rejected_frames": 0,
        "handshake_peer": 0,
        "handshake_stage": 0,
        "initiator": 0,
        "channel_busy": 0,
        "crc_errors": 0,
        "header_errors": 0,
        "radio_timeouts": 0,
        "last_receive_result": 0,
        "pending_route_epoch": 0,
        "prepared_route_epoch": 0,
        "pending_phase": 0,
        "prepared_mask": 0,
        "proof_mask": 0,
        "authority_routes": 0,
        "local_routes": 1,
        "effective_routes": 0,
        "wanted_routes": 0
      },
      "stopped_and_disarmed": true
    }
  ],
  "result": "PASS",
  "finished": 1788892262.0905254
}
