Internal ctest changing into directory: /tmp/ninlil-field-review
Test project /tmp/ninlil-field-review
      Start 32: separate_preparation_lease
 1/11 Test #32: separate_preparation_lease ........   Passed    0.00 sec
      Start 40: esp_network_pump_model
 2/11 Test #40: esp_network_pump_model ............   Passed    0.04 sec
      Start 41: field_replacement_posix
 3/11 Test #41: field_replacement_posix ...........   Passed    1.20 sec
      Start 43: enrollment_posix
 4/11 Test #43: enrollment_posix ..................   Passed    4.25 sec
      Start 44: discovery_posix
 5/11 Test #44: discovery_posix ...................   Passed    4.57 sec
      Start 45: discovery_slow_posix
 6/11 Test #45: discovery_slow_posix ..............   Passed    4.50 sec
      Start 53: field_replacement_flash_runtime
 7/11 Test #53: field_replacement_flash_runtime ...   Passed    1.36 sec
      Start 55: enrollment_flash_runtime
 8/11 Test #55: enrollment_flash_runtime ..........   Passed    4.57 sec
      Start 56: discovery_flash_runtime
 9/11 Test #56: discovery_flash_runtime ...........   Passed    5.11 sec
      Start 57: discovery_slow_flash_runtime
10/11 Test #57: discovery_slow_flash_runtime ......   Passed    5.91 sec
      Start 66: usb_deployment_status
11/11 Test #66: usb_deployment_status .............   Passed    0.00 sec

100% tests passed, 0 tests failed out of 11

Total Test time (real) =  31.54 sec
