Internal ctest changing into directory: /tmp/ninlil-oss-final/clang
Test project /tmp/ninlil-oss-final/clang
      Start  1: m1_hil_delivery
 1/66 Test  #1: m1_hil_delivery ............................   Passed    2.63 sec
      Start  2: m1_core
 2/66 Test  #2: m1_core ....................................   Passed    0.44 sec
      Start  3: core_quota_retry
 3/66 Test  #3: core_quota_retry ...........................   Passed    0.07 sec
      Start  4: collection_posix
 4/66 Test  #4: collection_posix ...........................   Passed    9.76 sec
      Start  5: collection_flash_runtime
 5/66 Test  #5: collection_flash_runtime ...................   Passed   18.86 sec
      Start  6: p0_delivery_state
 6/66 Test  #6: p0_delivery_state ..........................   Passed   18.57 sec
      Start  7: posix_collection_publication
 7/66 Test  #7: posix_collection_publication ...............   Passed    0.06 sec
      Start  8: p0_operations
 8/66 Test  #8: p0_operations ..............................   Passed    0.00 sec
      Start  9: m1_diag_radio
 9/66 Test  #9: m1_diag_radio ..............................   Passed    0.00 sec
      Start 10: m1_flash
10/66 Test #10: m1_flash ...................................   Passed    0.00 sec
      Start 11: flash_collection_cuts
11/66 Test #11: flash_collection_cuts ......................   Passed    0.00 sec
      Start 12: m1_radio_delivery
12/66 Test #12: m1_radio_delivery ..........................   Passed    6.16 sec
      Start 13: m3_security_state
13/66 Test #13: m3_security_state ..........................   Passed    0.01 sec
      Start 14: m3_security_partitions
14/66 Test #14: m3_security_partitions .....................   Passed    0.00 sec
      Start 15: m1_sx1262_hal
15/66 Test #15: m1_sx1262_hal ..............................   Passed    0.00 sec
      Start 16: m1_sx1262_physical
16/66 Test #16: m1_sx1262_physical .........................   Passed    0.00 sec
      Start 17: w02_sim_model
17/66 Test #17: w02_sim_model ..............................   Passed    0.00 sec
      Start 18: w02_sim_scenarios
18/66 Test #18: w02_sim_scenarios ..........................   Passed   22.19 sec
      Start 19: w02_direct
19/66 Test #19: w02_direct .................................   Passed    0.25 sec
      Start 20: w02_star
20/66 Test #20: w02_star ...................................   Passed    1.50 sec
      Start 21: w02_recovery
21/66 Test #21: w02_recovery ...............................   Passed    2.01 sec
      Start 22: bulk_resume_posix
22/66 Test #22: bulk_resume_posix ..........................   Passed   76.56 sec
      Start 23: bulk_cold_session_posix
23/66 Test #23: bulk_cold_session_posix ....................   Passed    0.05 sec
      Start 24: bulk_resume_flash_runtime
24/66 Test #24: bulk_resume_flash_runtime ..................   Passed  220.93 sec
      Start 25: bulk_cold_session_flash_runtime
25/66 Test #25: bulk_cold_session_flash_runtime ............   Passed    0.07 sec
      Start 26: m2_secure_envelope
26/66 Test #26: m2_secure_envelope .........................   Passed    0.00 sec
      Start 27: m2_edhoc_handshake
27/66 Test #27: m2_edhoc_handshake .........................   Passed    2.07 sec
      Start 28: persistent_identity
28/66 Test #28: persistent_identity ........................   Passed    0.51 sec
      Start 29: m3_join_lifecycle
29/66 Test #29: m3_join_lifecycle ..........................   Passed    0.00 sec
      Start 30: m4_m5_network_control
30/66 Test #30: m4_m5_network_control ......................   Passed    0.00 sec
      Start 31: network_restart_fences
31/66 Test #31: network_restart_fences .....................   Passed    0.00 sec
      Start 32: separate_preparation_lease
32/66 Test #32: separate_preparation_lease .................   Passed    0.00 sec
      Start 33: lease_clock_restart
33/66 Test #33: lease_clock_restart ........................   Passed    0.00 sec
      Start 34: store_binding_posix
34/66 Test #34: store_binding_posix ........................   Passed    0.03 sec
      Start 35: control_log_posix
35/66 Test #35: control_log_posix ..........................   Passed    0.01 sec
      Start 36: store_binding_flash_runtime
36/66 Test #36: store_binding_flash_runtime ................   Passed    0.04 sec
      Start 37: control_log_flash_runtime
37/66 Test #37: control_log_flash_runtime ..................   Passed    0.01 sec
      Start 38: m5_airtime_scheduler
38/66 Test #38: m5_airtime_scheduler .......................   Passed    0.00 sec
      Start 39: radio_power_adaptation
39/66 Test #39: radio_power_adaptation .....................   Passed    0.00 sec
      Start 40: esp_network_pump_model
40/66 Test #40: esp_network_pump_model .....................   Passed    0.11 sec
      Start 41: field_replacement_posix
41/66 Test #41: field_replacement_posix ....................   Passed    4.25 sec
      Start 42: autonomous_node_posix
42/66 Test #42: autonomous_node_posix ......................   Passed    7.47 sec
      Start 43: enrollment_posix
43/66 Test #43: enrollment_posix ...........................   Passed    5.43 sec
      Start 44: discovery_posix
44/66 Test #44: discovery_posix ............................   Passed    5.98 sec
      Start 45: discovery_slow_posix
45/66 Test #45: discovery_slow_posix .......................   Passed    6.47 sec
      Start 46: lost_effective_ack_posix
46/66 Test #46: lost_effective_ack_posix ...................   Passed    6.24 sec
      Start 47: autonomous_overheard_posix
47/66 Test #47: autonomous_overheard_posix .................   Passed    4.12 sec
      Start 48: autonomous_root_relay_posix
48/66 Test #48: autonomous_root_relay_posix ................   Passed    4.44 sec
      Start 49: autonomous_join_ack_loss_posix
49/66 Test #49: autonomous_join_ack_loss_posix .............   Passed    4.84 sec
      Start 50: autonomous_bounded_radio_posix
50/66 Test #50: autonomous_bounded_radio_posix .............   Passed    4.05 sec
      Start 51: autonomous_sustained_radio_posix
51/66 Test #51: autonomous_sustained_radio_posix ...........   Passed    4.14 sec
      Start 52: application_ledger_restart_posix
52/66 Test #52: application_ledger_restart_posix ...........   Passed    0.07 sec
      Start 53: field_replacement_flash_runtime
53/66 Test #53: field_replacement_flash_runtime ............   Passed    2.74 sec
      Start 54: autonomous_node_flash_runtime
54/66 Test #54: autonomous_node_flash_runtime ..............   Passed    5.70 sec
      Start 55: enrollment_flash_runtime
55/66 Test #55: enrollment_flash_runtime ...................   Passed    5.25 sec
      Start 56: discovery_flash_runtime
56/66 Test #56: discovery_flash_runtime ....................   Passed    5.65 sec
      Start 57: discovery_slow_flash_runtime
57/66 Test #57: discovery_slow_flash_runtime ...............   Passed    6.95 sec
      Start 58: lost_effective_ack_flash_runtime
58/66 Test #58: lost_effective_ack_flash_runtime ...........   Passed    5.91 sec
      Start 59: autonomous_overheard_flash_runtime
59/66 Test #59: autonomous_overheard_flash_runtime .........   Passed    4.93 sec
      Start 60: autonomous_root_relay_flash_runtime
60/66 Test #60: autonomous_root_relay_flash_runtime ........   Passed    4.28 sec
      Start 61: autonomous_join_ack_loss_flash_runtime
61/66 Test #61: autonomous_join_ack_loss_flash_runtime .....   Passed    4.02 sec
      Start 62: autonomous_bounded_radio_flash_runtime
62/66 Test #62: autonomous_bounded_radio_flash_runtime .....   Passed    4.53 sec
      Start 63: autonomous_sustained_radio_flash_runtime
63/66 Test #63: autonomous_sustained_radio_flash_runtime ...   Passed    5.41 sec
      Start 64: application_ledger_restart_flash_runtime
64/66 Test #64: application_ledger_restart_flash_runtime ...   Passed    0.10 sec
      Start 65: node_provisioning_history
65/66 Test #65: node_provisioning_history ..................   Passed    0.01 sec
      Start 66: usb_deployment_status
66/66 Test #66: usb_deployment_status ......................   Passed    0.00 sec

100% tests passed, 0 tests failed out of 66

Total Test time (real) = 495.99 sec
